// Jest Snapshot v1, https://goo.gl/fbAQLP

exports[`recruitment/create-lead/breezy-hr CreateLead should map error 1`] = `
Err {
  "error": "MappedError: Expected error
Properties: {
  \\"title\\": \\"Not Found\\",
  \\"detail\\": \\"Unable to get job ID 12345ab789d1dd. Check that the job ID exists.\\",
  \\"code\\": \\"NotFound\\",
  \\"rateLimit\\": {
    \\"bucket\\": \\"breezy-hr\\",
    \\"totalRequests\\": 100,
    \\"remainingRequests\\": 94,
    \\"remainingRequestsPercentage\\": 94,
    \\"resetTimestamp\\": 1671442498
  }
}
AST Path: definitions[0].statements[1].statements[0]
Original Map Location: Line 16, column 5",
}
`;

exports[`recruitment/create-lead/breezy-hr CreateLead should perform successfully 1`] = `
Ok {
  "value": Object {
    "id": "c82c6b873b5701",
    "jobId": "f1cfc5572a5701",
    "rateLimit": Object {
      "bucket": "breezy-hr",
      "remainingRequests": 98,
      "remainingRequestsPercentage": 98,
      "resetTimestamp": 1671111168,
      "totalRequests": 100,
    },
  },
}
`;
