// Jest Snapshot v1, https://goo.gl/fbAQLP

exports[`recruitment/create-lead/breezy-hr CreateLead when specified job does exist should perform successfully 1`] = `
Ok {
  "value": Object {
    "id": "7c52f656a7ce01",
    "jobId": "3a32a88d8c1601",
    "rateLimit": Object {
      "bucket": "breezy-hr",
      "remainingRequests": 96,
      "remainingRequestsPercentage": 96,
      "resetTimestamp": 1675097635,
      "totalRequests": 100,
    },
  },
}
`;

exports[`recruitment/create-lead/breezy-hr CreateLeadFeatures returns valid breezy-hr features 1`] = `
Ok {
  "value": Object {
    "cvMIMETypes": Array [
      "application/pdf",
    ],
    "cvUploadMethods": Array [
      "file",
    ],
  },
}
`;
