// Jest Snapshot v1, https://goo.gl/fbAQLP

exports[`recruitment/create-lead/workable CreateLead when specified job does exist should perform successfully 1`] = `
Ok {
  "value": Object {
    "id": "dbe7f28",
    "jobId": "EEF7355636",
    "rateLimit": Object {
      "bucket": "workable",
      "remainingRequests": 8,
      "remainingRequestsPercentage": 80,
      "resetTimestamp": 1675094240,
      "totalRequests": 10,
    },
  },
}
`;

exports[`recruitment/create-lead/workable CreateLeadFeatures returns valid workable features 1`] = `
Ok {
  "value": Object {
    "cvMIMETypes": Array [
      "application/pdf",
      "text/rtf",
      "application/msword",
      "application/vnd.openxmlformats-officedocument.custom-properties+xml",
    ],
    "cvUploadMethods": Array [
      "url",
      "file",
    ],
  },
}
`;
