// Jest Snapshot v1, https://goo.gl/fbAQLP

exports[`recruitment/create-lead/workable CreateLead when specified job does exist should perform successfully 1`] = `
Ok {
  "value": Object {
    "id": "d4a2404",
    "jobId": "FCFA80DF09",
    "rateLimit": Object {
      "bucket": "workable",
      "remainingRequests": 9,
      "remainingRequestsPercentage": 90,
      "resetTimestamp": 1671611947,
      "totalRequests": 10,
    },
  },
}
`;

exports[`recruitment/create-lead/workable CreateLead when specified job does not exist should map error 1`] = `
Err {
  "error": "MappedHTTPError: Expected HTTP error
Properties: {
  \\"title\\": \\"Not found\\",
  \\"detail\\": \\"Not found\\",
  \\"code\\": \\"NotFound\\",
  \\"rateLimit\\": {
    \\"bucket\\": \\"workable\\"
  }
}
AST Path: definitions[0].statements[1].responseHandlers[1].statements[1]
Original Map Location: Line 76, column 7",
}
`;
