// Jest Snapshot v1, https://goo.gl/fbAQLP

exports[`recruitment/candidates/breezy-hr CreateCandidate when specified job does exist performs correctly 1`] = `
Ok {
  "value": Object {
    "id": "8eb0e2c6e52c01",
    "jobId": "83667ee523c901",
  },
}
`;

exports[`recruitment/candidates/breezy-hr CreateCandidate when specified job does not exist returns error 1`] = `
Err {
  "error": "HTTPError: Expected HTTP error
Properties: {
  \\"title\\": \\"Unknown error\\",
  \\"detail\\": {
    \\"type\\": \\"addCandidateError\\",
    \\"message\\": \\"there was an unknown error creating candidate.\\"
  },
  \\"code\\": \\"UnknownError\\",
  \\"rateLimit\\": {
    \\"bucket\\": \\"breezy-hr\\",
    \\"totalRequests\\": 100,
    \\"remainingRequests\\": 99,
    \\"remainingRequestsPercentage\\": 99,
    \\"resetTimestamp\\": 1670261910
  }
}
AST Path: definitions[0].statements[0].responseHandlers[1].statements[1]
Original Map Location: Line 66, column 7",
}
`;
