// Jest Snapshot v1, https://goo.gl/fbAQLP

exports[`social-media/posts-comments/linkedin GetPostComments when a post ID is given should list all comments 1`] = `
Ok {
  "value": Object {
    "comments": Array [
      Object {
        "created": Object {
          "time": 1652352261767,
          "user": "urn:li:organization:81974063",
        },
        "id": "urn:li:comment:(urn:li:activity:6905096044615405568,6930467700934590464)",
        "lastModified": Object {
          "time": 1652352261767,
          "user": "urn:li:organization:81974063",
        },
        "text": "rabbit",
      },
      Object {
        "created": Object {
          "time": 1652352009384,
          "user": "urn:li:organization:81974063",
        },
        "id": "urn:li:comment:(urn:li:activity:6905096044615405568,6930466642367774720)",
        "lastModified": Object {
          "time": 1652352009384,
          "user": "urn:li:organization:81974063",
        },
        "text": "cats",
      },
    ],
    "nextPage": undefined,
    "previousPage": undefined,
  },
}
`;
