// Jest Snapshot v1, https://goo.gl/fbAQLP

exports[`social-media/posts-comments/mock GetPostComments when a post ID is given should list all comments 1`] = `
Ok {
  "value": Object {
    "comments": Array [
      Object {
        "created": Object {
          "at": 1652271236,
          "by": "@alberteinstein",
        },
        "id": "123",
        "text": "Hello, World!",
      },
      Object {
        "created": Object {
          "at": 1652272236,
          "by": "@isaacnewton",
        },
        "id": "124",
        "lastModified": Object {
          "at": 1652272256,
          "by": "@moderator",
        },
        "text": "(deleted.)",
      },
    ],
  },
}
`;
