// Jest Snapshot v1, https://goo.gl/fbAQLP

exports[`project-management/projects/atlassian-cloud ListProject the usecase without any parameters should list all projects 1`] = `
Ok {
  "value": Array [
    Object {
      "id": "10002",
      "name": "Project mgmt",
    },
    Object {
      "id": "10001",
      "name": "Requisitions",
    },
    Object {
      "id": "10000",
      "name": "Sandbox",
    },
  ],
}
`;
