// Jest Snapshot v1, https://goo.gl/fbAQLP

exports[`project-management/projects/mock ListProject the usecase without any parameters should list all projects 1`] = `
Ok {
  "value": Array [
    Object {
      "id": "46ebca75-68af-42a1-916d-b228c2082d4f",
      "name": "Take over the world!",
    },
    Object {
      "id": "c6c81d2e-b161-4aca-a72b-be9efe50b370",
      "name": "Household chores",
    },
  ],
}
`;
