// Jest Snapshot v1, https://goo.gl/fbAQLP

exports[`social-media/posts/facebook GetProfilePosts when getting latest posts should succeed 1`] = `
Ok {
  "value": Object {
    "nextPage": undefined,
    "posts": Array [
      Object {
        "attachments": Array [],
        "createdAt": "2023-02-13T08:47:26+0000",
        "id": "110658944785122_206586845224581",
        "text": "test x",
        "url": "https://www.facebook.com/206586848557914/posts/206586845224581",
      },
      Object {
        "attachments": Array [],
        "createdAt": "2021-12-06T13:49:09+0000",
        "id": "110658944785122_112599784591038",
        "text": "Hello world!",
        "url": "https://www.facebook.com/110658944785122/posts/112599784591038/",
      },
      Object {
        "attachments": Array [
          Object {
            "description": undefined,
            "duration": undefined,
            "height": undefined,
            "title": "upload.wikimedia.org",
            "type": "share",
            "url": "https://l.facebook.com/l.php?u=https%3A%2F%2Fupload.wikimedia.org%2Fwikipedia%2Fcommons%2F0%2F09%2FSitta-carolinensis-001.jpg&h=AT0OIwgGdcZUBcf-TKstVRN69u7f7s9KViVMeeuQ_oGi28HO-ganqa1b3LszcH0q2r7Rkc3stybjE6iWpQwarmRZxC5f6aihR3bsCZSh6w0qH-3kVaSqGx39RzdUxxWk&s=1",
            "width": undefined,
          },
        ],
        "createdAt": "2021-12-06T13:49:06+0000",
        "id": "110658944785122_112599761257707",
        "text": "Sitta carolinensis",
        "url": "https://www.facebook.com/110658944785122/posts/112599761257707/",
      },
      Object {
        "attachments": Array [],
        "createdAt": "2021-12-06T13:35:43+0000",
        "id": "110658944785122_112596757924674",
        "text": "Hello world!",
        "url": "https://www.facebook.com/110658944785122/posts/112596757924674/",
      },
      Object {
        "attachments": Array [
          Object {
            "description": undefined,
            "duration": undefined,
            "height": undefined,
            "title": "upload.wikimedia.org",
            "type": "share",
            "url": "https://l.facebook.com/l.php?u=https%3A%2F%2Fupload.wikimedia.org%2Fwikipedia%2Fcommons%2F0%2F09%2FSitta-carolinensis-001.jpg&h=AT23lfxbx_IE-ipXREIA9lyi0y-r7H_RwL62aVpV6nFkieETgI43JVuGMvjtxPy40fvE3xjTNHszA6zL5o3Oj_DjN0ZrL8uPPBXjufgR20zVKXPiXcvTs7Jm2VENvDWl&s=1",
            "width": undefined,
          },
        ],
        "createdAt": "2021-12-06T13:35:40+0000",
        "id": "110658944785122_112596734591343",
        "text": "Sitta carolinensis",
        "url": "https://www.facebook.com/110658944785122/posts/112596734591343/",
      },
      Object {
        "attachments": Array [],
        "createdAt": "2021-12-06T13:31:16+0000",
        "id": "110658944785122_112595464591470",
        "text": "Hello world!",
        "url": "https://www.facebook.com/110658944785122/posts/112595464591470/",
      },
      Object {
        "attachments": Array [
          Object {
            "description": undefined,
            "duration": undefined,
            "height": undefined,
            "title": "upload.wikimedia.org",
            "type": "share",
            "url": "https://l.facebook.com/l.php?u=https%3A%2F%2Fupload.wikimedia.org%2Fwikipedia%2Fcommons%2F0%2F09%2FSitta-carolinensis-001.jpg&h=AT3uPH3WB1U9hdSxq2nCLjVBmEXnZOMAm4iIwhE93U0xMOqHx8V8xWEfNrkJrSlMzqa3ub-t_66PYma1zs2R-APBNAfL2DqVkwzAZ7Adozn5MUSqNda3sKmg6x_IlhSN&s=1",
            "width": undefined,
          },
        ],
        "createdAt": "2021-12-06T13:31:13+0000",
        "id": "110658944785122_112595441258139",
        "text": "Sitta carolinensis",
        "url": "https://www.facebook.com/110658944785122/posts/112595441258139/",
      },
      Object {
        "attachments": Array [],
        "createdAt": "2021-12-06T12:58:10+0000",
        "id": "110658944785122_112586807925669",
        "text": "Hello world!",
        "url": "https://www.facebook.com/110658944785122/posts/112586807925669/",
      },
      Object {
        "attachments": Array [
          Object {
            "description": undefined,
            "duration": undefined,
            "height": undefined,
            "title": "upload.wikimedia.org",
            "type": "share",
            "url": "https://l.facebook.com/l.php?u=https%3A%2F%2Fupload.wikimedia.org%2Fwikipedia%2Fcommons%2F0%2F09%2FSitta-carolinensis-001.jpg&h=AT08eP3vTIZSLchMsCcDdr6K7PZo2um-wkuuUnyIxa6tXx6o1jXrkZRwdVOqcJrL8QBdJvFXnuNzuHh_vXdyawKKTrQrfLOaIS3pPncjD_bsnYsZ-nXAtD8b11IeR1Z2&s=1",
            "width": undefined,
          },
        ],
        "createdAt": "2021-12-06T12:58:08+0000",
        "id": "110658944785122_112586771259006",
        "text": "Sitta carolinensis",
        "url": "https://www.facebook.com/110658944785122/posts/112586771259006/",
      },
      Object {
        "attachments": Array [],
        "createdAt": "2021-12-06T12:54:06+0000",
        "id": "110658944785122_112585961259087",
        "text": "Hello world!",
        "url": "https://www.facebook.com/110658944785122/posts/112585961259087/",
      },
      Object {
        "attachments": Array [
          Object {
            "description": undefined,
            "duration": undefined,
            "height": undefined,
            "title": "upload.wikimedia.org",
            "type": "share",
            "url": "https://l.facebook.com/l.php?u=https%3A%2F%2Fupload.wikimedia.org%2Fwikipedia%2Fcommons%2F0%2F09%2FSitta-carolinensis-001.jpg&h=AT1zP8xgDRjGAz0SIhEgIScVjsArxvzpy7-_fv2D2Lcqw1YXf8g6Q_cQ1Rc0ZjJcg3lJftEQs2Pljl5VPFvDbe7LsTi3sWKFiicABATXu6D9mMPWc1oOr30uT23oVieA&s=1",
            "width": undefined,
          },
        ],
        "createdAt": "2021-12-06T12:54:03+0000",
        "id": "110658944785122_112585951259088",
        "text": "Sitta carolinensis",
        "url": "https://www.facebook.com/110658944785122/posts/112585951259088/",
      },
      Object {
        "attachments": Array [],
        "createdAt": "2021-12-03T11:02:11+0000",
        "id": "110658944785122_111464501371233",
        "text": "Hello world!",
        "url": "https://www.facebook.com/110658944785122/posts/111464501371233/",
      },
      Object {
        "attachments": Array [
          Object {
            "description": undefined,
            "duration": undefined,
            "height": undefined,
            "title": "upload.wikimedia.org",
            "type": "share",
            "url": "https://l.facebook.com/l.php?u=https%3A%2F%2Fupload.wikimedia.org%2Fwikipedia%2Fcommons%2F0%2F09%2FSitta-carolinensis-001.jpg&h=AT2HVo1l3xbVw7z2Vk0F6fwmM1vKBsc_NNjy4NTsha2LCD1PXkv2RsZbBwWiDkDcA8slnWLbgkq0_bGg2ny8xQ_CFu4ozju6e1KsiUgzFRLjjw0mJdNqx9L4Au3XWOE1&s=1",
            "width": undefined,
          },
        ],
        "createdAt": "2021-12-03T11:02:09+0000",
        "id": "110658944785122_111464481371235",
        "text": "Sitta carolinensis",
        "url": "https://www.facebook.com/110658944785122/posts/111464481371235/",
      },
      Object {
        "attachments": Array [
          Object {
            "description": undefined,
            "duration": undefined,
            "height": undefined,
            "title": "upload.wikimedia.org",
            "type": "share",
            "url": "https://l.facebook.com/l.php?u=https%3A%2F%2Fupload.wikimedia.org%2Fwikipedia%2Fcommons%2F0%2F09%2FSitta-carolinensis-001.jpg&h=AT0rTFkompZJ2YQOnuSo3xCdy11x1gSbT9WxhM7NaglQk7xqq4qF9-G18zx4MGV0-tsziN3AOZxVhsxi2hM83N_RKdqi3l5sxD_gMMrJDbF8HmPmPdvVEIN6VycMTrkO&s=1",
            "width": undefined,
          },
        ],
        "createdAt": "2021-12-03T10:39:43+0000",
        "id": "110658944785122_111456771372006",
        "text": "Sitta carolinensis",
        "url": "https://www.facebook.com/110658944785122/posts/111456771372006/",
      },
    ],
    "previousPage": undefined,
  },
}
`;
