// Jest Snapshot v1, https://goo.gl/fbAQLP

exports[`social-media/posts/facebook GetProfilePosts when getting latest posts should succeed 1`] = `
Ok {
  "value": Object {
    "nextPage": "next:QVFIUjc2Y01oQ3F1bHk5WHNzNVVuS2ZAMSEtpdkxmbC1FV09XcGNmTUc4ZAkhrMlBPU19LYkM0dFY4RjZAKY3pYU1VMNll5Y24zcGhWS2pIUUVlSFBuTFI4X3haVmQ2amxtTU83R3JMRDJFd1hhUWJ0RWxfZAjN2ZAE51b2FBckhtZAG04SDN3",
    "posts": Array [
      Object {
        "attachments": Array [],
        "createdAt": "2022-01-20T12:15:45+0000",
        "id": "110658944785122_125744069943276",
        "text": "Test from Superface Station 7.",
        "url": "https://www.facebook.com/110658944785122/posts/125744069943276/",
      },
      Object {
        "attachments": Array [],
        "createdAt": "2022-01-20T07:29:10+0000",
        "id": "110658944785122_125682506616099",
        "text": "Test from Superface Station 7.",
        "url": "https://www.facebook.com/110658944785122/posts/125682506616099/",
      },
      Object {
        "attachments": Array [],
        "createdAt": "2022-01-20T07:20:43+0000",
        "id": "110658944785122_125681486616201",
        "text": "Test from Superface Station 5.",
        "url": "https://www.facebook.com/110658944785122/posts/125681486616201/",
      },
      Object {
        "attachments": Array [],
        "createdAt": "2022-01-20T07:20:07+0000",
        "id": "110658944785122_125681429949540",
        "text": "Test from Superface Station 4.",
        "url": "https://www.facebook.com/110658944785122/posts/125681429949540/",
      },
      Object {
        "attachments": Array [],
        "createdAt": "2022-01-20T07:15:33+0000",
        "id": "110658944785122_125680863282930",
        "text": "Test from Superface Station 3.",
        "url": "https://www.facebook.com/110658944785122/posts/125680863282930/",
      },
      Object {
        "attachments": Array [],
        "createdAt": "2022-01-19T19:57:03+0000",
        "id": "110658944785122_125570083294008",
        "text": "Test from Superface Station 2.",
        "url": "https://www.facebook.com/110658944785122/posts/125570083294008/",
      },
      Object {
        "attachments": Array [],
        "createdAt": "2022-01-19T19:37:57+0000",
        "id": "110658944785122_125566856627664",
        "text": "Test from Superface Station 2.",
        "url": "https://www.facebook.com/110658944785122/posts/125566856627664/",
      },
      Object {
        "attachments": Array [],
        "createdAt": "2022-01-19T17:02:32+0000",
        "id": "110658944785122_125537003297316",
        "text": "Test from Superface Station 2.",
        "url": "https://www.facebook.com/110658944785122/posts/125537003297316/",
      },
      Object {
        "attachments": Array [],
        "createdAt": "2022-01-19T16:48:26+0000",
        "id": "110658944785122_125534083297608",
        "text": "Test from Superface Station 1.",
        "url": "https://www.facebook.com/110658944785122/posts/125534083297608/",
      },
      Object {
        "attachments": Array [],
        "createdAt": "2022-01-19T16:27:33+0000",
        "id": "110658944785122_125530746631275",
        "text": "Test from Superface Station.",
        "url": "https://www.facebook.com/110658944785122/posts/125530746631275/",
      },
      Object {
        "attachments": Array [],
        "createdAt": "2022-01-19T16:25:50+0000",
        "id": "110658944785122_125530416631308",
        "text": "Publish post test from Superface Station.",
        "url": "https://www.facebook.com/110658944785122/posts/125530416631308/",
      },
      Object {
        "attachments": Array [],
        "createdAt": "2022-01-19T16:21:37+0000",
        "id": "110658944785122_125529603298056",
        "text": "Superface Station publish post test.",
        "url": "https://www.facebook.com/110658944785122/posts/125529603298056/",
      },
      Object {
        "attachments": Array [],
        "createdAt": "2022-01-11T09:54:10+0000",
        "id": "110658944785122_123272700190413",
        "text": "Test post",
        "url": "https://www.facebook.com/110658944785122/posts/123272700190413/",
      },
      Object {
        "attachments": Array [
          Object {
            "description": undefined,
            "duration": undefined,
            "height": undefined,
            "title": "Fotky na timeline",
            "type": "photo",
            "url": "https://www.facebook.com/sftest7904/photos/a.121467247037625/122332100284473/?type=3",
            "width": undefined,
          },
        ],
        "createdAt": "2022-01-07T15:43:27+0000",
        "id": "110658944785122_122332100284473",
        "text": "Script publishing 1641570205347 https://stackoverflow.com/questions/65089225/facebook-graph-api-page-post-with-multiple-photos",
        "url": "https://www.facebook.com/sftest7904/photos/a.121467247037625/122332100284473/?type=3",
      },
      Object {
        "attachments": Array [
          Object {
            "description": undefined,
            "duration": undefined,
            "height": undefined,
            "title": "Fotky na timeline",
            "type": "photo",
            "url": "https://www.facebook.com/sftest7904/photos/a.121467247037625/122331336951216/?type=3",
            "width": undefined,
          },
        ],
        "createdAt": "2022-01-07T15:40:18+0000",
        "id": "110658944785122_122331336951216",
        "text": "Script publishing 1641570016469",
        "url": "https://www.facebook.com/sftest7904/photos/a.121467247037625/122331336951216/?type=3",
      },
      Object {
        "attachments": Array [
          Object {
            "description": undefined,
            "duration": undefined,
            "height": undefined,
            "title": "Facebook graph api page post with multiple photos",
            "type": "share",
            "url": "https://l.facebook.com/l.php?u=https%3A%2F%2Fstackoverflow.com%2Fquestions%2F65089225%2Ffacebook-graph-api-page-post-with-multiple-photos&h=AT2jkttZCui5uhjvLZfbI08OHrcI54bl8XyUHHhMgHRNUaLYBOMntulkTrfHBXC5ybEZx2jfXJdS0YTwnfve5ySAchUJA9zw1I1Dg33u23c3mrc0cjxmD_Obl_osfkFRFHBECZriCgDmXeg8XY_1&s=1",
            "width": undefined,
          },
        ],
        "createdAt": "2022-01-07T15:39:15+0000",
        "id": "110658944785122_122331030284580",
        "text": "Script publishing 1641569953442",
        "url": "https://www.facebook.com/110658944785122/posts/122331030284580/",
      },
      Object {
        "attachments": Array [
          Object {
            "description": undefined,
            "duration": undefined,
            "height": undefined,
            "title": "Facebook graph api page post with multiple photos",
            "type": "share",
            "url": "https://l.facebook.com/l.php?u=https%3A%2F%2Fstackoverflow.com%2Fquestions%2F65089225%2Ffacebook-graph-api-page-post-with-multiple-photos&h=AT13GK6Yvjh5Wzu-xUfVLvAYYaPD-gLrcRvn_adzf-Q-T6swM3CJNZ_TA_BpbpIHTblmCmi4OdMybNO_QMZGfFQcqkfcd6Vn4G5-4i2DteucX9EZciudAsLP3ACU65Q3bOlB7ZrjKPz6jN0KWmB9&s=1",
            "width": undefined,
          },
        ],
        "createdAt": "2022-01-07T15:28:29+0000",
        "id": "110658944785122_122328686951481",
        "text": "Script publishing 1641569308558",
        "url": "https://www.facebook.com/110658944785122/posts/122328686951481/",
      },
      Object {
        "attachments": Array [
          Object {
            "description": undefined,
            "duration": undefined,
            "height": undefined,
            "title": "Facebook graph api page post with multiple photos",
            "type": "share",
            "url": "https://l.facebook.com/l.php?u=https%3A%2F%2Fstackoverflow.com%2Fquestions%2F65089225%2Ffacebook-graph-api-page-post-with-multiple-photos&h=AT2NknM_257sGq_cUcRmz_mzZN6GI3urBDBGjgTe8XfyoeCr5SdqMapCYdDL4HE3tQ2SJNUPzKWbMlH-Y_MZkMXKmY_ibLGDqkZFdVIlQZD68zyqAp_ABLrP2hy0V54d1oXlCIKWxeBouzd26QOA&s=1",
            "width": undefined,
          },
        ],
        "createdAt": "2022-01-07T15:23:14+0000",
        "id": "110658944785122_122327556951594",
        "text": "Script publishing 1641568993416",
        "url": "https://www.facebook.com/110658944785122/posts/122327556951594/",
      },
      Object {
        "attachments": Array [
          Object {
            "description": undefined,
            "duration": undefined,
            "height": undefined,
            "title": "Facebook graph api page post with multiple photos",
            "type": "share",
            "url": "https://l.facebook.com/l.php?u=https%3A%2F%2Fstackoverflow.com%2Fquestions%2F65089225%2Ffacebook-graph-api-page-post-with-multiple-photos&h=AT2NknM_257sGq_cUcRmz_mzZN6GI3urBDBGjgTe8XfyoeCr5SdqMapCYdDL4HE3tQ2SJNUPzKWbMlH-Y_MZkMXKmY_ibLGDqkZFdVIlQZD68zyqAp_ABLrP2hy0V54d1oXlCIKWxeBouzd26QOA&s=1",
            "width": undefined,
          },
        ],
        "createdAt": "2022-01-07T13:37:32+0000",
        "id": "110658944785122_122302480287435",
        "text": "Photo post",
        "url": "https://www.facebook.com/110658944785122/posts/122302480287435/",
      },
      Object {
        "attachments": Array [
          Object {
            "description": undefined,
            "duration": undefined,
            "height": undefined,
            "title": "Fotky z příspěvku Sf-test",
            "type": "album",
            "url": "https://www.facebook.com/110658944785122/posts/122266570291026/",
            "width": undefined,
          },
        ],
        "createdAt": "2022-01-07T10:35:33+0000",
        "id": "110658944785122_122266570291026",
        "text": "Photo post",
        "url": "https://www.facebook.com/110658944785122/posts/122266570291026/",
      },
      Object {
        "attachments": Array [
          Object {
            "description": undefined,
            "duration": undefined,
            "height": undefined,
            "title": "Fotky na timeline",
            "type": "photo",
            "url": "https://www.facebook.com/sftest7904/photos/a.121467247037625/121983516985998/?type=3",
            "width": undefined,
          },
        ],
        "createdAt": "2022-01-06T10:15:39+0000",
        "id": "110658944785122_121983516985998",
        "text": "Photo post",
        "url": "https://www.facebook.com/sftest7904/photos/a.121467247037625/121983516985998/?type=3",
      },
      Object {
        "attachments": Array [
          Object {
            "description": undefined,
            "duration": undefined,
            "height": undefined,
            "title": "Fotky na timeline",
            "type": "photo",
            "url": "https://www.facebook.com/sftest7904/photos/a.121467247037625/121983516985998/?type=3",
            "width": undefined,
          },
        ],
        "createdAt": "2022-01-05T13:55:41+0000",
        "id": "110658944785122_121748777009472",
        "text": "test 100",
        "url": "https://www.facebook.com/110658944785122/posts/121748777009472/",
      },
      Object {
        "attachments": Array [
          Object {
            "description": undefined,
            "duration": undefined,
            "height": undefined,
            "title": "Fotky na timeline",
            "type": "photo",
            "url": "https://www.facebook.com/sftest7904/photos/a.121467247037625/121983516985998/?type=3",
            "width": undefined,
          },
        ],
        "createdAt": "2022-01-05T13:48:58+0000",
        "id": "110658944785122_121746763676340",
        "text": "test posting to facebook page",
        "url": "https://www.facebook.com/110658944785122/posts/121746763676340/",
      },
      Object {
        "attachments": Array [
          Object {
            "description": undefined,
            "duration": undefined,
            "height": undefined,
            "title": "Fotky na timeline",
            "type": "photo",
            "url": "https://www.facebook.com/sftest7904/photos/a.121467247037625/121983516985998/?type=3",
            "width": undefined,
          },
        ],
        "createdAt": "2022-01-04T16:07:29+0000",
        "id": "110658944785122_121512053699811",
        "text": "asdasdwd2wd",
        "url": "https://www.facebook.com/110658944785122/posts/121512053699811/",
      },
      Object {
        "attachments": Array [
          Object {
            "description": undefined,
            "duration": undefined,
            "height": undefined,
            "title": "Fotky na timeline",
            "type": "photo",
            "url": "https://www.facebook.com/sftest7904/photos/a.121467247037625/121495347034815/?type=3",
            "width": undefined,
          },
        ],
        "createdAt": "2022-01-04T15:09:28+0000",
        "id": "110658944785122_121495347034815",
        "text": "Hi, this is caption!",
        "url": "https://www.facebook.com/sftest7904/photos/a.121467247037625/121495347034815/?type=3",
      },
    ],
    "previousPage": undefined,
  },
}
`;
