// Jest Snapshot v1, https://goo.gl/fbAQLP

exports[`social-media/posts/instagram GetProfilePosts when getting latest posts should succeed 1`] = `
Ok {
  "value": Object {
    "nextPage": undefined,
    "posts": Array [
      Object {
        "attachments": Array [
          Object {
            "title": undefined,
            "type": "IMAGE",
            "url": "https://scontent.cdninstagram.com/v/t51.2885-15/272930601_327222212747918_1004982910916917033_n.jpg?_nc_cat=110&ccb=1-5&_nc_sid=8ae9d6&_nc_ohc=UANzSf5sBNoAX-rMpiy&_nc_oc=AQkekRQ_KIZvU3eFJP57HbLWMeYYJzIlFzmUiVYmsO1_K4sbQAGXLukAXsxAsJ04ops&_nc_ht=scontent.cdninstagram.com&edm=AM6HXa8EAAAA&oh=00_AT9xayWjm-a9qcPlHyjPULkq-J5clZoF8cyj17Z1AzE6gA&oe=625CD2BE",
          },
        ],
        "createdAt": "2022-01-31T10:16:35+0000",
        "id": "17907513539457992",
        "text": "#BronzFonz",
        "url": "https://www.instagram.com/p/CZY_YRBK1v2/",
      },
      Object {
        "attachments": Array [
          Object {
            "title": undefined,
            "type": "IMAGE",
            "url": "https://scontent.cdninstagram.com/v/t51.2885-15/272149748_462379821925701_835010535335895509_n.jpg?_nc_cat=106&ccb=1-5&_nc_sid=8ae9d6&_nc_ohc=Abk_GC_tG6EAX-xFA9N&_nc_ht=scontent.cdninstagram.com&edm=AM6HXa8EAAAA&oh=00_AT9PGRY513CQo229wnNP43HvIioldoPIG-1NXvhZiLZAxA&oe=625D95AB",
          },
        ],
        "createdAt": "2022-01-20T07:57:48+0000",
        "id": "18031358569334558",
        "text": "Test media publishing from Superface Station.",
        "url": "https://www.instagram.com/p/CY8b90TKY1S/",
      },
      Object {
        "attachments": Array [
          Object {
            "title": undefined,
            "type": "IMAGE",
            "url": "https://scontent.cdninstagram.com/v/t51.2885-15/272182616_2830161687289777_3579891575307711396_n.jpg?_nc_cat=103&ccb=1-5&_nc_sid=8ae9d6&_nc_ohc=OYLGHb-t2eIAX9egKPW&_nc_ht=scontent.cdninstagram.com&edm=AM6HXa8EAAAA&oh=00_AT_g1M_l1VTSAv01ZtaWk69ynzYb9nvDwq5NyFJB54IWCQ&oe=625DFC48",
          },
        ],
        "createdAt": "2022-01-20T07:54:58+0000",
        "id": "18253888408076171",
        "text": "Test media publishing from Superface Station.",
        "url": "https://www.instagram.com/p/CY8bpJBquiL/",
      },
      Object {
        "attachments": Array [
          Object {
            "title": undefined,
            "type": "CAROUSEL_ALBUM",
            "url": "https://scontent.cdninstagram.com/v/t51.29350-15/272082691_461835162252887_2355821979824862730_n.jpg?_nc_cat=108&ccb=1-5&_nc_sid=8ae9d6&_nc_ohc=Iy3P4htY-KUAX8BNiQS&_nc_ht=scontent.cdninstagram.com&edm=AM6HXa8EAAAA&oh=00_AT9xhst2SbB9bkTL3TmSaKCRN_0mMrLIRx5tlJao13j3cw&oe=625DBFA8",
          },
        ],
        "createdAt": "2022-01-17T14:59:43+0000",
        "id": "18274402201021938",
        "text": "This is caption. 😍",
        "url": "https://www.instagram.com/p/CY1d33Qs5BT/",
      },
      Object {
        "attachments": Array [
          Object {
            "title": undefined,
            "type": "IMAGE",
            "url": "https://scontent.cdninstagram.com/v/t51.2885-15/271669212_322267106459748_4206699792920816105_n.jpg?_nc_cat=109&ccb=1-5&_nc_sid=8ae9d6&_nc_ohc=JJ-EE5NC3z4AX915xUw&_nc_ht=scontent.cdninstagram.com&edm=AM6HXa8EAAAA&oh=00_AT_5hWp5BMUyXqmZZ-nG6FSnTzFl84bb1kK4C017e7DlSg&oe=625D1682",
          },
        ],
        "createdAt": "2022-01-11T11:13:58+0000",
        "id": "17970387538493853",
        "text": "test",
        "url": "https://www.instagram.com/p/CYlnQ4GqXGD/",
      },
      Object {
        "attachments": Array [
          Object {
            "title": undefined,
            "type": "IMAGE",
            "url": "https://scontent.cdninstagram.com/v/t51.2885-15/271476653_670314740909660_4765328272795566917_n.jpg?_nc_cat=105&ccb=1-5&_nc_sid=8ae9d6&_nc_ohc=qi7jjCjyasoAX9LAgtb&_nc_ht=scontent.cdninstagram.com&edm=AM6HXa8EAAAA&oh=00_AT_E6gRoz_4Lm_73zsCjDvtZFTBq0JsdS41RWUYfr0me9g&oe=625DAEBC",
          },
        ],
        "createdAt": "2022-01-10T10:38:12+0000",
        "id": "18273967525018534",
        "text": "Script publishing 1641811087282 https://stackoverflow.com/questions/65089225/facebook-graph-api-page-post-with-multiple-photos",
        "url": "https://www.instagram.com/p/CYi-YBHKedD/",
      },
      Object {
        "attachments": Array [
          Object {
            "title": undefined,
            "type": "IMAGE",
            "url": "https://scontent.cdninstagram.com/v/t51.2885-15/271491754_302542458340993_1379419877764843181_n.jpg?_nc_cat=102&ccb=1-5&_nc_sid=8ae9d6&_nc_ohc=nsKMXCKUrLIAX_8ZhU_&_nc_ht=scontent.cdninstagram.com&edm=AM6HXa8EAAAA&oh=00_AT_rBktf4JW4jxfo-5NZylGXDT3BeYwbJu5URYoPKHAL_g&oe=625C2CCC",
          },
        ],
        "createdAt": "2022-01-10T10:22:46+0000",
        "id": "17927610019999944",
        "text": "Script publishing 1641810159894",
        "url": "https://www.instagram.com/p/CYi8mz8Kk-o/",
      },
      Object {
        "attachments": Array [
          Object {
            "title": undefined,
            "type": "IMAGE",
            "url": "https://scontent.cdninstagram.com/v/t51.2885-15/271677067_981469892581549_3322257464638605082_n.jpg?_nc_cat=102&ccb=1-5&_nc_sid=8ae9d6&_nc_ohc=BS2qHTKrRSsAX--VwOv&_nc_ht=scontent.cdninstagram.com&edm=AM6HXa8EAAAA&oh=00_AT_kiM8YqacFEc4LPYBK_3-PYBxAGaGwU2wLtSdSVllhIg&oe=625E1F06",
          },
        ],
        "createdAt": "2022-01-10T10:21:55+0000",
        "id": "17922058964111145",
        "text": "Script publishing 1641810109069",
        "url": "https://www.instagram.com/p/CYi8gv8Kf2j/",
      },
      Object {
        "attachments": Array [
          Object {
            "title": undefined,
            "type": "IMAGE",
            "url": "https://scontent.cdninstagram.com/v/t51.2885-15/271680561_957322401833259_3980548461443235463_n.jpg?_nc_cat=109&ccb=1-5&_nc_sid=8ae9d6&_nc_ohc=nF0jByLyyGYAX_r4BGJ&_nc_ht=scontent.cdninstagram.com&edm=AM6HXa8EAAAA&oh=00_AT-xHAQk2aWk_iEZ8-Or8aZfGPncm4pxWLldaybRnDQZcw&oe=625D19CF",
          },
        ],
        "createdAt": "2022-01-10T09:57:41+0000",
        "id": "18205242172142882",
        "text": "Script publishing 1641810109069",
        "url": "https://www.instagram.com/p/CYi5tTpqxFo/",
      },
      Object {
        "attachments": Array [
          Object {
            "title": undefined,
            "type": "IMAGE",
            "url": "https://scontent.cdninstagram.com/v/t51.2885-15/271504362_1073539540110943_5369120048139135755_n.jpg?_nc_cat=100&ccb=1-5&_nc_sid=8ae9d6&_nc_ohc=WejLSkR2I0EAX93hgQc&_nc_ht=scontent.cdninstagram.com&edm=AM6HXa8EAAAA&oh=00_AT-GEJ74yg4vkZd0fMm5CDFrW5_1D4GqFVRyxGHI5yElrQ&oe=625D367B",
          },
        ],
        "createdAt": "2022-01-10T09:56:46+0000",
        "id": "17842524908717924",
        "text": "Script publishing 1641810109069",
        "url": "https://www.instagram.com/p/CYi5lxiKSKd/",
      },
      Object {
        "attachments": Array [
          Object {
            "title": undefined,
            "type": "IMAGE",
            "url": "https://scontent.cdninstagram.com/v/t51.2885-15/264420252_442937070671147_1123625617994525795_n.jpg?_nc_cat=102&ccb=1-5&_nc_sid=8ae9d6&_nc_ohc=ILk433ySA4gAX8esX6z&_nc_ht=scontent.cdninstagram.com&edm=AM6HXa8EAAAA&oh=00_AT_9uQv0rs348e29fp35R6xZt0XEe-cO8Wk-3VYLZAGT1Q&oe=625D27D3",
          },
        ],
        "createdAt": "2021-12-08T09:07:37+0000",
        "id": "17921227226055686",
        "text": "c",
        "url": "https://www.instagram.com/p/CXN1xm-Ki-y/",
      },
      Object {
        "attachments": Array [
          Object {
            "title": undefined,
            "type": "IMAGE",
            "url": "https://scontent.cdninstagram.com/v/t51.2885-15/264422996_1110194156452691_3056431283703449073_n.jpg?_nc_cat=102&ccb=1-5&_nc_sid=8ae9d6&_nc_ohc=3EAQuJ7gquoAX_NB5PY&_nc_ht=scontent.cdninstagram.com&edm=AM6HXa8EAAAA&oh=00_AT_igU2uqZg-jesPRHzD8eP8Q6OJ2n3Uaa_Z1m8G4EykTA&oe=625D4340",
          },
        ],
        "createdAt": "2021-12-08T08:18:16+0000",
        "id": "17897768027450497",
        "text": "test",
        "url": "https://www.instagram.com/p/CXNwIB1KMrS/",
      },
      Object {
        "attachments": Array [
          Object {
            "title": undefined,
            "type": "IMAGE",
            "url": "https://scontent.cdninstagram.com/v/t51.2885-15/264852978_963584021243915_6813349667263865646_n.jpg?_nc_cat=105&ccb=1-5&_nc_sid=8ae9d6&_nc_ohc=2LfLQpETS8YAX9q2vH5&_nc_ht=scontent.cdninstagram.com&edm=AM6HXa8EAAAA&oh=00_AT_vCyYejqQRJZFaFa4vZHT5HqHtZbnVnr1FEXmMza9H2Q&oe=625D4D0B",
          },
        ],
        "createdAt": "2021-12-07T11:48:05+0000",
        "id": "17937345025756966",
        "text": "Sitta carolinensis",
        "url": "https://www.instagram.com/p/CXLjWFXqRkt/",
      },
      Object {
        "attachments": Array [
          Object {
            "title": undefined,
            "type": "IMAGE",
            "url": "https://scontent.cdninstagram.com/v/t51.2885-15/263871263_2943699125960745_9118000060567096344_n.jpg?_nc_cat=102&ccb=1-5&_nc_sid=8ae9d6&_nc_ohc=br-X302h-sMAX8IyV8w&_nc_ht=scontent.cdninstagram.com&edm=AM6HXa8EAAAA&oh=00_AT9T_e-Wrju4SBYkhpdWQBkC_0AxbZicBLkfLObSOQJHGA&oe=625C9C5D",
          },
        ],
        "createdAt": "2021-12-06T14:25:11+0000",
        "id": "17926273042864587",
        "text": "Sitta carolinensis",
        "url": "https://www.instagram.com/p/CXJQhwnKAai/",
      },
      Object {
        "attachments": Array [
          Object {
            "title": undefined,
            "type": "IMAGE",
            "url": "https://scontent.cdninstagram.com/v/t51.2885-15/263600280_614133836338189_2690946700004041120_n.jpg?_nc_cat=100&ccb=1-5&_nc_sid=8ae9d6&_nc_ohc=WTBXwea9KkUAX_Hocr1&_nc_ht=scontent.cdninstagram.com&edm=AM6HXa8EAAAA&oh=00_AT-F5QeaKjN8K387J0eWq0qtSMO8QLiT9uOE-6we-oPSvg&oe=625D82D8",
          },
        ],
        "createdAt": "2021-12-06T10:45:19+0000",
        "id": "17961051979519520",
        "text": "Sitta carolinensis",
        "url": "https://www.instagram.com/p/CXI3XciKz6K/",
      },
      Object {
        "attachments": Array [
          Object {
            "title": undefined,
            "type": "IMAGE",
            "url": "https://scontent.cdninstagram.com/v/t51.2885-15/264551396_5052344721467129_8697731344000673349_n.jpg?_nc_cat=102&ccb=1-5&_nc_sid=8ae9d6&_nc_ohc=_-ZMHx5LUJQAX-K2oqD&_nc_ht=scontent.cdninstagram.com&edm=AM6HXa8EAAAA&oh=00_AT-wJAR7oJD9jscJ7V4TcCEtifihhL0U5XKZMkEqN3EoEg&oe=625DABA1",
          },
        ],
        "createdAt": "2021-12-06T10:44:26+0000",
        "id": "17893684028383389",
        "text": "Sitta carolinensis",
        "url": "https://www.instagram.com/p/CXI3Q6wqE4q/",
      },
      Object {
        "attachments": Array [
          Object {
            "title": undefined,
            "type": "IMAGE",
            "url": "https://scontent.cdninstagram.com/v/t51.2885-15/263265651_482968179768410_2700135219733779687_n.jpg?_nc_cat=108&ccb=1-5&_nc_sid=8ae9d6&_nc_ohc=xBC1iOgpWRsAX_G53us&_nc_ht=scontent.cdninstagram.com&edm=AM6HXa8EAAAA&oh=00_AT_RYO5dtoPBZNmyLLeAF9LiSGkti7WwZUz5iIr9YKKRNw&oe=625E1F92",
          },
        ],
        "createdAt": "2021-12-03T11:08:28+0000",
        "id": "17935676338793705",
        "text": "Sitta carolinensis",
        "url": "https://www.instagram.com/p/CXBLoKgq1Pv/",
      },
      Object {
        "attachments": Array [
          Object {
            "title": undefined,
            "type": "IMAGE",
            "url": "https://scontent.cdninstagram.com/v/t51.2885-15/262747750_204666355171014_7280137288598001963_n.jpg?_nc_cat=101&ccb=1-5&_nc_sid=8ae9d6&_nc_ohc=fJpGIfMVUM0AX-KiptO&_nc_ht=scontent.cdninstagram.com&edm=AM6HXa8EAAAA&oh=00_AT-Qe_stkJI7hMU4oknPww0wJ2FR_40SZTs2oxvoy2x_WQ&oe=625C46FD",
          },
        ],
        "createdAt": "2021-12-03T11:05:17+0000",
        "id": "17941522381665531",
        "text": "Sitta carolinensis",
        "url": "https://www.instagram.com/p/CXBLRFTq3Ml/",
      },
      Object {
        "attachments": Array [
          Object {
            "title": undefined,
            "type": "IMAGE",
            "url": "https://scontent.cdninstagram.com/v/t51.2885-15/263045973_898185024446531_7643791914608132490_n.jpg?_nc_cat=107&ccb=1-5&_nc_sid=8ae9d6&_nc_ohc=qhjQtrkx0K0AX-1DBDC&_nc_ht=scontent.cdninstagram.com&edm=AM6HXa8EAAAA&oh=00_AT-vVcLkO8wmt5DN0e4GN024TvnpYNC9XmiUPN7ucRzflg&oe=625CDE4D",
          },
        ],
        "createdAt": "2021-12-03T07:55:11+0000",
        "id": "18181563844158078",
        "text": "Sitta carolinensis",
        "url": "https://www.instagram.com/p/CXA1g0nqV8l/",
      },
      Object {
        "attachments": Array [
          Object {
            "title": undefined,
            "type": "IMAGE",
            "url": "https://scontent.cdninstagram.com/v/t51.2885-15/262790809_3299087786986978_6211878169073415888_n.jpg?_nc_cat=101&ccb=1-5&_nc_sid=8ae9d6&_nc_ohc=je5-Qvfyd7UAX-cbtrm&_nc_ht=scontent.cdninstagram.com&edm=AM6HXa8EAAAA&oh=00_AT8B9VxzypsgI3sgUtqG-fFAjnVoWrt90M6hnwxuIy8oNg&oe=625E2092",
          },
        ],
        "createdAt": "2021-12-03T07:52:30+0000",
        "id": "18178810066084514",
        "text": "Sitta carolinensis",
        "url": "https://www.instagram.com/p/CXA1NCCq7Ur/",
      },
      Object {
        "attachments": Array [
          Object {
            "title": undefined,
            "type": "IMAGE",
            "url": "https://scontent.cdninstagram.com/v/t51.2885-15/262978764_1123276821748937_1450905391753277194_n.jpg?_nc_cat=107&ccb=1-5&_nc_sid=8ae9d6&_nc_ohc=2dksT9TiD7wAX9q7d9D&_nc_ht=scontent.cdninstagram.com&edm=AM6HXa8EAAAA&oh=00_AT87x_qxmvnHzIwzwCCViSrExH152NDwHdl2h8l1Y-NAxA&oe=625CE93C",
          },
        ],
        "createdAt": "2021-12-03T07:30:53+0000",
        "id": "17894047316376946",
        "text": "Sitta carolinensis",
        "url": "https://www.instagram.com/p/CXAyuwbqkHe/",
      },
      Object {
        "attachments": Array [
          Object {
            "title": undefined,
            "type": "IMAGE",
            "url": "https://scontent.cdninstagram.com/v/t51.2885-15/263407491_324186212865531_2530968603128040387_n.jpg?_nc_cat=111&ccb=1-5&_nc_sid=8ae9d6&_nc_ohc=GPlcPmf09tsAX87JiWL&_nc_ht=scontent.cdninstagram.com&edm=AM6HXa8EAAAA&oh=00_AT84A2b9YQDDM7WkrYz9DIYkjOue4H1yuQUh_JL9k9Zixw&oe=625D1F0F",
          },
        ],
        "createdAt": "2021-12-03T07:20:01+0000",
        "id": "17861861081647540",
        "text": "Sitta carolinensis",
        "url": "https://www.instagram.com/p/CXAxfHaqvyQ/",
      },
      Object {
        "attachments": Array [
          Object {
            "title": undefined,
            "type": "IMAGE",
            "url": "https://scontent.cdninstagram.com/v/t51.2885-15/262438559_394900879086003_5981144558694458277_n.jpg?_nc_cat=107&ccb=1-5&_nc_sid=8ae9d6&_nc_ohc=TQgzX1EcOuUAX_B0nY3&_nc_ht=scontent.cdninstagram.com&edm=AM6HXa8EAAAA&oh=00_AT8RGN5mAm_4JsKVCwRp1BVMXtNbL6fgY3e6I7xv3_7qbA&oe=625CDB18",
          },
        ],
        "createdAt": "2021-12-02T14:05:04+0000",
        "id": "17845424696685022",
        "text": "Sitta carolinensis",
        "url": "https://www.instagram.com/p/CW-7C2kKNCU/",
      },
      Object {
        "attachments": Array [
          Object {
            "title": undefined,
            "type": "IMAGE",
            "url": "https://scontent.cdninstagram.com/v/t51.2885-15/262428439_624653282017255_4816645316276259743_n.jpg?_nc_cat=102&ccb=1-5&_nc_sid=8ae9d6&_nc_ohc=U-E5vhBZu5wAX8SqBwH&_nc_ht=scontent.cdninstagram.com&edm=AM6HXa8EAAAA&oh=00_AT_vECq2of2YaxkjoTQ_t2T3uvthnCk5WxMqo4gWUExbGQ&oe=625D102A",
          },
        ],
        "createdAt": "2021-12-02T13:41:56+0000",
        "id": "17910863444225224",
        "text": "text",
        "url": "https://www.instagram.com/p/CW-4ZfyKtz-/",
      },
      Object {
        "attachments": Array [
          Object {
            "title": undefined,
            "type": "IMAGE",
            "url": "https://scontent.cdninstagram.com/v/t51.2885-15/262679611_401629301655103_266087705619316477_n.jpg?_nc_cat=109&ccb=1-5&_nc_sid=8ae9d6&_nc_ohc=VCmumXT5losAX8i4HFm&_nc_ht=scontent.cdninstagram.com&edm=AM6HXa8EAAAA&oh=00_AT-FG63lQ8DAS5S6brCcQWQoVAKH5ecSbXscrTM47dGsGA&oe=625C42DF",
          },
        ],
        "createdAt": "2021-12-02T13:41:10+0000",
        "id": "17947629637576816",
        "text": "text",
        "url": "https://www.instagram.com/p/CW-4TpzqCpD/",
      },
    ],
    "previousPage": undefined,
  },
}
`;
