// Jest Snapshot v1, https://goo.gl/fbAQLP

exports[`social-media/posts/instagram GetProfilePosts when getting latest posts should succeed 1`] = `
Ok {
  "value": Object {
    "nextPage": "next:QVFIUl9VZAmxFSm5qczNTNEhEX1FGOUQzcDFLTk1nSFdJd2pBc3lwQ0x3eHQyZAWVLaFByX0lxV0F2cnNubmNFUlZADYmFrRUx6bFBRMmZADS1VKZAzU4YjBNZAUF3",
    "posts": Array [
      Object {
        "attachments": Array [
          Object {
            "title": undefined,
            "type": "IMAGE",
            "url": "https://scontent-prg1-1.cdninstagram.com/v/t51.2885-15/278309759_522485336118088_8304357504581964525_n.jpg?_nc_cat=110&ccb=1-6&_nc_sid=8ae9d6&_nc_ohc=8OR-q41uvBAAX85ScJ_&_nc_ht=scontent-prg1-1.cdninstagram.com&edm=AM6HXa8EAAAA&oh=00_AT9xjOFD3A7XvfPuzKRrh8ZE0x6Xowv9TXcA2OEqX6ue3w&oe=62877176",
          },
        ],
        "createdAt": "2022-04-14T15:41:50+0000",
        "id": "17926446668245635",
        "text": "Test media publishing from Superface Station.",
        "url": "https://www.instagram.com/p/CcVj2DGKcnl/",
      },
      Object {
        "attachments": Array [
          Object {
            "title": undefined,
            "type": "IMAGE",
            "url": "https://scontent-prg1-1.cdninstagram.com/v/t51.2885-15/278316820_1046440306269573_1786041342550826538_n.jpg?_nc_cat=102&ccb=1-6&_nc_sid=8ae9d6&_nc_ohc=PwJN4XezABMAX-z9Vkp&_nc_ht=scontent-prg1-1.cdninstagram.com&edm=AM6HXa8EAAAA&oh=00_AT_v5XI6su5NASIEz5W0iW8AxmcunBA3keLEAUjeQ8Mzpg&oe=6286E9BF",
          },
        ],
        "createdAt": "2022-04-14T15:27:21+0000",
        "id": "17918417666257115",
        "text": "Test media publishing from Superface Station.",
        "url": "https://www.instagram.com/p/CcViL6Bq67O/",
      },
      Object {
        "attachments": Array [
          Object {
            "title": undefined,
            "type": "IMAGE",
            "url": "https://scontent-prg1-1.cdninstagram.com/v/t51.2885-15/278440657_4982087568534134_8739855970224678291_n.jpg?_nc_cat=103&ccb=1-6&_nc_sid=8ae9d6&_nc_ohc=gi_6I1blypQAX9hO4vl&_nc_ht=scontent-prg1-1.cdninstagram.com&edm=AM6HXa8EAAAA&oh=00_AT8EUN7qNKwXg3PNWHO6nB_b_qWALG_KNJ7Bro7UjB1bTQ&oe=6287C647",
          },
        ],
        "createdAt": "2022-04-14T15:16:33+0000",
        "id": "18087839620292055",
        "text": "Test media publishing from Superface Station.",
        "url": "https://www.instagram.com/p/CcVg83aqg6m/",
      },
      Object {
        "attachments": Array [
          Object {
            "title": undefined,
            "type": "IMAGE",
            "url": "https://scontent-prg1-1.cdninstagram.com/v/t51.2885-15/278374689_700369068050289_8132170349745826097_n.jpg?_nc_cat=111&ccb=1-6&_nc_sid=8ae9d6&_nc_ohc=r2Xa0mFbqCMAX-C8UxN&_nc_ht=scontent-prg1-1.cdninstagram.com&edm=AM6HXa8EAAAA&oh=00_AT-ZjmKy9T6F22seSlbECYJ1-YP2q_tK6k6Zq4Ahtr97Dg&oe=62880C3B",
          },
        ],
        "createdAt": "2022-04-14T15:11:06+0000",
        "id": "17977290070508834",
        "text": "Test media publishing from Superface Station.",
        "url": "https://www.instagram.com/p/CcVgU52KYMs/",
      },
      Object {
        "attachments": Array [
          Object {
            "title": undefined,
            "type": "IMAGE",
            "url": "https://scontent-prg1-1.cdninstagram.com/v/t51.2885-15/278342583_550804563329332_3228712261797275742_n.jpg?_nc_cat=111&ccb=1-6&_nc_sid=8ae9d6&_nc_ohc=UkZKkpi3JB8AX_vsc8o&_nc_ht=scontent-prg1-1.cdninstagram.com&edm=AM6HXa8EAAAA&oh=00_AT9qMgyryPwNLabWFKA2cJtumyI5NpoqUEx1C7nqBE-pMw&oe=6287295A",
          },
        ],
        "createdAt": "2022-04-14T14:53:06+0000",
        "id": "17874096131670746",
        "text": "Test media publishing from Superface Station.",
        "url": "https://www.instagram.com/p/CcVeRFhq21i/",
      },
      Object {
        "attachments": Array [
          Object {
            "title": undefined,
            "type": "IMAGE",
            "url": "https://scontent-prg1-1.cdninstagram.com/v/t51.2885-15/272930601_327222212747918_1004982910916917033_n.jpg?_nc_cat=110&ccb=1-6&_nc_sid=8ae9d6&_nc_ohc=AoXneij7kNgAX_mKA2f&_nc_ht=scontent-prg1-1.cdninstagram.com&edm=AM6HXa8EAAAA&oh=00_AT-qMXP2oPDX1Gfnf-ZJcKpNsnqXi-7vrCoU4KmT3gsWMQ&oe=628659FE",
          },
        ],
        "createdAt": "2022-01-31T10:16:35+0000",
        "id": "17907513539457992",
        "text": "#BronzFonz",
        "url": "https://www.instagram.com/p/CZY_YRBK1v2/",
      },
      Object {
        "attachments": Array [
          Object {
            "title": undefined,
            "type": "IMAGE",
            "url": "https://scontent-prg1-1.cdninstagram.com/v/t51.2885-15/272149748_462379821925701_835010535335895509_n.jpg?_nc_cat=106&ccb=1-6&_nc_sid=8ae9d6&_nc_ohc=Km4IjdZBjlgAX-LvK_h&_nc_ht=scontent-prg1-1.cdninstagram.com&edm=AM6HXa8EAAAA&oh=00_AT8xdXBOTFn8XUi3U5eo2dddpYpRdOpRokb3MsYuHpH2Ug&oe=62871CEB",
          },
        ],
        "createdAt": "2022-01-20T07:57:48+0000",
        "id": "18031358569334558",
        "text": "Test media publishing from Superface Station.",
        "url": "https://www.instagram.com/p/CY8b90TKY1S/",
      },
      Object {
        "attachments": Array [
          Object {
            "title": undefined,
            "type": "IMAGE",
            "url": "https://scontent-prg1-1.cdninstagram.com/v/t51.2885-15/272182616_2830161687289777_3579891575307711396_n.jpg?_nc_cat=103&ccb=1-6&_nc_sid=8ae9d6&_nc_ohc=3CCvh1_ZcYIAX_IxEbo&_nc_ht=scontent-prg1-1.cdninstagram.com&edm=AM6HXa8EAAAA&oh=00_AT9yOkFKprCkuXvILMMbKSaaiM0eit7QuMrjQHo4228jZg&oe=62878388",
          },
        ],
        "createdAt": "2022-01-20T07:54:58+0000",
        "id": "18253888408076171",
        "text": "Test media publishing from Superface Station.",
        "url": "https://www.instagram.com/p/CY8bpJBquiL/",
      },
      Object {
        "attachments": Array [
          Object {
            "title": undefined,
            "type": "CAROUSEL_ALBUM",
            "url": "https://scontent-prg1-1.cdninstagram.com/v/t51.29350-15/272082691_461835162252887_2355821979824862730_n.jpg?_nc_cat=108&ccb=1-6&_nc_sid=8ae9d6&_nc_ohc=VgYgLykwAbMAX8rOTST&_nc_ht=scontent-prg1-1.cdninstagram.com&edm=AM6HXa8EAAAA&oh=00_AT_cfSSdjqCPAG90RSMWLr3l2ZaJZxp_igdWSwLYskTgbA&oe=628746E8",
          },
        ],
        "createdAt": "2022-01-17T14:59:43+0000",
        "id": "18274402201021938",
        "text": "This is caption. 😍",
        "url": "https://www.instagram.com/p/CY1d33Qs5BT/",
      },
      Object {
        "attachments": Array [
          Object {
            "title": undefined,
            "type": "IMAGE",
            "url": "https://scontent-prg1-1.cdninstagram.com/v/t51.2885-15/271669212_322267106459748_4206699792920816105_n.jpg?_nc_cat=109&ccb=1-6&_nc_sid=8ae9d6&_nc_ohc=331fNI8NQYoAX8vACM4&_nc_ht=scontent-prg1-1.cdninstagram.com&edm=AM6HXa8EAAAA&oh=00_AT_NBdZ4-4f7w67r2KJy_MWxHtAKm2M1kd4nrqhrlobhJg&oe=62869DC2",
          },
        ],
        "createdAt": "2022-01-11T11:13:58+0000",
        "id": "17970387538493853",
        "text": "test",
        "url": "https://www.instagram.com/p/CYlnQ4GqXGD/",
      },
      Object {
        "attachments": Array [
          Object {
            "title": undefined,
            "type": "IMAGE",
            "url": "https://scontent-prg1-1.cdninstagram.com/v/t51.2885-15/271476653_670314740909660_4765328272795566917_n.jpg?_nc_cat=105&ccb=1-6&_nc_sid=8ae9d6&_nc_ohc=Yyy6T1e49vEAX9j1QXu&_nc_ht=scontent-prg1-1.cdninstagram.com&edm=AM6HXa8EAAAA&oh=00_AT_3hQeYpq1klPJ2uOPN4MxlQugMni91seMM8E0rQIT5cQ&oe=628735FC",
          },
        ],
        "createdAt": "2022-01-10T10:38:12+0000",
        "id": "18273967525018534",
        "text": "Script publishing 1641811087282 https://stackoverflow.com/questions/65089225/facebook-graph-api-page-post-with-multiple-photos",
        "url": "https://www.instagram.com/p/CYi-YBHKedD/",
      },
      Object {
        "attachments": Array [
          Object {
            "title": undefined,
            "type": "IMAGE",
            "url": "https://scontent-prg1-1.cdninstagram.com/v/t51.2885-15/271491754_302542458340993_1379419877764843181_n.jpg?_nc_cat=102&ccb=1-6&_nc_sid=8ae9d6&_nc_ohc=Df5yc80R3LcAX9kFDMo&_nc_ht=scontent-prg1-1.cdninstagram.com&edm=AM6HXa8EAAAA&oh=00_AT8_HO0ii-gP_2_8j9PHcLU5ml0Oun4rChGPa4p0VhU2Og&oe=6287AE4C",
          },
        ],
        "createdAt": "2022-01-10T10:22:46+0000",
        "id": "17927610019999944",
        "text": "Script publishing 1641810159894",
        "url": "https://www.instagram.com/p/CYi8mz8Kk-o/",
      },
      Object {
        "attachments": Array [
          Object {
            "title": undefined,
            "type": "IMAGE",
            "url": "https://scontent-prg1-1.cdninstagram.com/v/t51.2885-15/271677067_981469892581549_3322257464638605082_n.jpg?_nc_cat=102&ccb=1-6&_nc_sid=8ae9d6&_nc_ohc=dvK5DPX48TEAX8OHuz7&_nc_ht=scontent-prg1-1.cdninstagram.com&edm=AM6HXa8EAAAA&oh=00_AT-V58cyNmpDCFp5dPRBLnJEtq3wnKGUa5CgILVXdGtfgQ&oe=6287A646",
          },
        ],
        "createdAt": "2022-01-10T10:21:55+0000",
        "id": "17922058964111145",
        "text": "Script publishing 1641810109069",
        "url": "https://www.instagram.com/p/CYi8gv8Kf2j/",
      },
      Object {
        "attachments": Array [
          Object {
            "title": undefined,
            "type": "IMAGE",
            "url": "https://scontent-prg1-1.cdninstagram.com/v/t51.2885-15/271680561_957322401833259_3980548461443235463_n.jpg?_nc_cat=109&ccb=1-6&_nc_sid=8ae9d6&_nc_ohc=7Pnm3yPQH6wAX9ZmBh0&_nc_ht=scontent-prg1-1.cdninstagram.com&edm=AM6HXa8EAAAA&oh=00_AT85q1mo5AyH2itv2V0trKnShq_eWiRnwD1-3v6e3KFcsQ&oe=6286A10F",
          },
        ],
        "createdAt": "2022-01-10T09:57:41+0000",
        "id": "18205242172142882",
        "text": undefined,
        "url": "https://www.instagram.com/p/CYi5tTpqxFo/",
      },
      Object {
        "attachments": Array [
          Object {
            "title": undefined,
            "type": "IMAGE",
            "url": "https://scontent-prg1-1.cdninstagram.com/v/t51.2885-15/271504362_1073539540110943_5369120048139135755_n.jpg?_nc_cat=100&ccb=1-6&_nc_sid=8ae9d6&_nc_ohc=U6EF781Fd-kAX9njx_W&_nc_ht=scontent-prg1-1.cdninstagram.com&edm=AM6HXa8EAAAA&oh=00_AT8H8p1ctA5Qfca4XZF9CsBkju73cRV7V7lqgWhgbk1OWA&oe=6286BDBB",
          },
        ],
        "createdAt": "2022-01-10T09:56:46+0000",
        "id": "17842524908717924",
        "text": undefined,
        "url": "https://www.instagram.com/p/CYi5lxiKSKd/",
      },
      Object {
        "attachments": Array [
          Object {
            "title": undefined,
            "type": "IMAGE",
            "url": "https://scontent-prg1-1.cdninstagram.com/v/t51.2885-15/264420252_442937070671147_1123625617994525795_n.jpg?_nc_cat=102&ccb=1-6&_nc_sid=8ae9d6&_nc_ohc=a1o06m6eRkwAX_X69l5&_nc_ht=scontent-prg1-1.cdninstagram.com&edm=AM6HXa8EAAAA&oh=00_AT8gm3QmGnhcbKVUq4Do_fx5u44Vhn5idAFcWOaImej-_g&oe=6286AF13",
          },
        ],
        "createdAt": "2021-12-08T09:07:37+0000",
        "id": "17921227226055686",
        "text": "c",
        "url": "https://www.instagram.com/p/CXN1xm-Ki-y/",
      },
      Object {
        "attachments": Array [
          Object {
            "title": undefined,
            "type": "IMAGE",
            "url": "https://scontent-prg1-1.cdninstagram.com/v/t51.2885-15/264422996_1110194156452691_3056431283703449073_n.jpg?_nc_cat=102&ccb=1-6&_nc_sid=8ae9d6&_nc_ohc=HpB2rDVTKsoAX_xurVB&_nc_ht=scontent-prg1-1.cdninstagram.com&edm=AM6HXa8EAAAA&oh=00_AT9XMpa7usfz-_RhidXOG_QgL_kmjxza_Apv9Q3bOFG5ZQ&oe=6286CA80",
          },
        ],
        "createdAt": "2021-12-08T08:18:16+0000",
        "id": "17897768027450497",
        "text": "test",
        "url": "https://www.instagram.com/p/CXNwIB1KMrS/",
      },
      Object {
        "attachments": Array [
          Object {
            "title": undefined,
            "type": "IMAGE",
            "url": "https://scontent-prg1-1.cdninstagram.com/v/t51.2885-15/264852978_963584021243915_6813349667263865646_n.jpg?_nc_cat=105&ccb=1-6&_nc_sid=8ae9d6&_nc_ohc=xaP6huh73bYAX8TADof&_nc_ht=scontent-prg1-1.cdninstagram.com&edm=AM6HXa8EAAAA&oh=00_AT9J1eOwqk6yYqY_ni8eXSywC9aVrTqyD7K0JoFUMECWjg&oe=6286D44B",
          },
        ],
        "createdAt": "2021-12-07T11:48:05+0000",
        "id": "17937345025756966",
        "text": "Sitta carolinensis",
        "url": "https://www.instagram.com/p/CXLjWFXqRkt/",
      },
      Object {
        "attachments": Array [
          Object {
            "title": undefined,
            "type": "IMAGE",
            "url": "https://scontent-prg1-1.cdninstagram.com/v/t51.2885-15/263871263_2943699125960745_9118000060567096344_n.jpg?_nc_cat=102&ccb=1-6&_nc_sid=8ae9d6&_nc_ohc=qpTICZ1e8HoAX-jnn6T&_nc_ht=scontent-prg1-1.cdninstagram.com&edm=AM6HXa8EAAAA&oh=00_AT-K_CUZa5ti_unBbkz4V8kfSbm8aSzYHmmyYHdtXmmA8A&oe=62881DDD",
          },
        ],
        "createdAt": "2021-12-06T14:25:11+0000",
        "id": "17926273042864587",
        "text": "Sitta carolinensis",
        "url": "https://www.instagram.com/p/CXJQhwnKAai/",
      },
      Object {
        "attachments": Array [
          Object {
            "title": undefined,
            "type": "IMAGE",
            "url": "https://scontent-prg1-1.cdninstagram.com/v/t51.2885-15/263600280_614133836338189_2690946700004041120_n.jpg?_nc_cat=100&ccb=1-6&_nc_sid=8ae9d6&_nc_ohc=0yeM1x8zPtMAX8qt1os&_nc_ht=scontent-prg1-1.cdninstagram.com&edm=AM6HXa8EAAAA&oh=00_AT9hXJgm-3Vjf_YvU6L30DG1hXiallKEgkozYxKo-8Akxw&oe=62870A18",
          },
        ],
        "createdAt": "2021-12-06T10:45:19+0000",
        "id": "17961051979519520",
        "text": "Sitta carolinensis",
        "url": "https://www.instagram.com/p/CXI3XciKz6K/",
      },
      Object {
        "attachments": Array [
          Object {
            "title": undefined,
            "type": "IMAGE",
            "url": "https://scontent-prg1-1.cdninstagram.com/v/t51.2885-15/264551396_5052344721467129_8697731344000673349_n.jpg?_nc_cat=102&ccb=1-6&_nc_sid=8ae9d6&_nc_ohc=uYY67-DdysUAX-WeVHT&_nc_ht=scontent-prg1-1.cdninstagram.com&edm=AM6HXa8EAAAA&oh=00_AT-OL76fIC9uyI7_lcCSK-gY4HemxvktpIWwg2Ul3Ezz2Q&oe=628732E1",
          },
        ],
        "createdAt": "2021-12-06T10:44:26+0000",
        "id": "17893684028383389",
        "text": "Sitta carolinensis",
        "url": "https://www.instagram.com/p/CXI3Q6wqE4q/",
      },
      Object {
        "attachments": Array [
          Object {
            "title": undefined,
            "type": "IMAGE",
            "url": "https://scontent-prg1-1.cdninstagram.com/v/t51.2885-15/263265651_482968179768410_2700135219733779687_n.jpg?_nc_cat=108&ccb=1-6&_nc_sid=8ae9d6&_nc_ohc=Kqd0XrCBhxEAX-8g5ra&_nc_ht=scontent-prg1-1.cdninstagram.com&edm=AM6HXa8EAAAA&oh=00_AT9RlNt7uBC5HPlwqqUlJ3p4tuKPPrHJwS23dCdNEyJEmQ&oe=6287A6D2",
          },
        ],
        "createdAt": "2021-12-03T11:08:28+0000",
        "id": "17935676338793705",
        "text": "Sitta carolinensis",
        "url": "https://www.instagram.com/p/CXBLoKgq1Pv/",
      },
      Object {
        "attachments": Array [
          Object {
            "title": undefined,
            "type": "IMAGE",
            "url": "https://scontent-prg1-1.cdninstagram.com/v/t51.2885-15/262747750_204666355171014_7280137288598001963_n.jpg?_nc_cat=101&ccb=1-6&_nc_sid=8ae9d6&_nc_ohc=xM7XsLqwcFIAX-wwAxF&_nc_ht=scontent-prg1-1.cdninstagram.com&edm=AM6HXa8EAAAA&oh=00_AT-0cOigi3iXbhkJjPqgtmKAwfUZJALo7AUofXut95jdGg&oe=6287C87D",
          },
        ],
        "createdAt": "2021-12-03T11:05:17+0000",
        "id": "17941522381665531",
        "text": "Sitta carolinensis",
        "url": "https://www.instagram.com/p/CXBLRFTq3Ml/",
      },
      Object {
        "attachments": Array [
          Object {
            "title": undefined,
            "type": "IMAGE",
            "url": "https://scontent-prg1-1.cdninstagram.com/v/t51.2885-15/263045973_898185024446531_7643791914608132490_n.jpg?_nc_cat=107&ccb=1-6&_nc_sid=8ae9d6&_nc_ohc=zLO2mheBYssAX8w4Fc5&_nc_ht=scontent-prg1-1.cdninstagram.com&edm=AM6HXa8EAAAA&oh=00_AT8tQHwfbz-4yR02lFAWOGLsV_nqzLRmeYoATFoiQH-QNQ&oe=6286658D",
          },
        ],
        "createdAt": "2021-12-03T07:55:11+0000",
        "id": "18181563844158078",
        "text": "Sitta carolinensis",
        "url": "https://www.instagram.com/p/CXA1g0nqV8l/",
      },
      Object {
        "attachments": Array [
          Object {
            "title": undefined,
            "type": "IMAGE",
            "url": "https://scontent-prg1-1.cdninstagram.com/v/t51.2885-15/262790809_3299087786986978_6211878169073415888_n.jpg?_nc_cat=101&ccb=1-6&_nc_sid=8ae9d6&_nc_ohc=atfj1XwWgc4AX-5dWo7&_nc_ht=scontent-prg1-1.cdninstagram.com&edm=AM6HXa8EAAAA&oh=00_AT_WTqS0YK1taN_aE12SnTDK61MM3Ias8HjsWxPUS7RKKg&oe=6287A7D2",
          },
        ],
        "createdAt": "2021-12-03T07:52:30+0000",
        "id": "18178810066084514",
        "text": "Sitta carolinensis",
        "url": "https://www.instagram.com/p/CXA1NCCq7Ur/",
      },
    ],
    "previousPage": undefined,
  },
}
`;
