// Jest Snapshot v1, https://goo.gl/fbAQLP

exports[`social-media/posts/linkedin GetProfilePosts error states expects error for inaccessible profile 1`] = `
Err {
  "error": "MappedHTTPError: Expected HTTP error
Properties: {
  \\"title\\": \\"Bad Request\\",
  \\"detail\\": \\"Member permissions must be used when using member as author\\"
}
AST Path: definitions[0].statements[4].responseHandlers[1].statements[0]
Original Map Location: Line 106, column 7",
}
`;

exports[`social-media/posts/linkedin GetProfilePosts when getting latest posts succeeds 1`] = `
Ok {
  "value": Object {
    "nextPage": "10",
    "posts": Array [
      Object {
        "attachments": Array [],
        "createdAt": "2023-02-24T13:05:58.829Z",
        "id": "urn:li:share:7034871045106847744",
        "lastModifiedAt": "2023-02-24T13:05:58.880Z",
        "text": "Testing",
        "url": "https://www.linkedin.com/feed/update/urn:li:share:7034871045106847744",
      },
      Object {
        "attachments": Array [],
        "createdAt": "2023-02-24T06:16:19.173Z",
        "id": "urn:li:share:7034767950653853696",
        "lastModifiedAt": "2023-02-24T06:16:19.227Z",
        "text": "Test Share!",
        "url": "https://www.linkedin.com/feed/update/urn:li:share:7034767950653853696",
      },
      Object {
        "attachments": Array [],
        "createdAt": "2023-02-24T04:26:36.365Z",
        "id": "urn:li:share:7034740321250889728",
        "lastModifiedAt": "2023-02-24T04:26:36.417Z",
        "text": "Linkedin post with restrictions",
        "url": "https://www.linkedin.com/feed/update/urn:li:share:7034740321250889728",
      },
      Object {
        "attachments": Array [
          Object {
            "altText": undefined,
            "title": "",
            "type": "video",
          },
        ],
        "createdAt": "2023-02-24T04:06:11.383Z",
        "id": "urn:li:ugcPost:7034735182234443776",
        "lastModifiedAt": "2023-02-24T04:06:11.432Z",
        "text": "a great video post here!",
        "url": "https://www.linkedin.com/feed/update/urn:li:ugcPost:7034735182234443776",
      },
      Object {
        "attachments": Array [],
        "createdAt": "2023-02-24T00:35:46.110Z",
        "id": "urn:li:ugcPost:7034682247848853504",
        "lastModifiedAt": "2023-02-24T00:35:46.110Z",
        "text": "",
        "url": "https://www.linkedin.com/feed/update/urn:li:ugcPost:7034682247848853504",
      },
      Object {
        "attachments": Array [],
        "createdAt": "2023-02-23T23:50:26.983Z",
        "id": "urn:li:share:7034670843116879873",
        "lastModifiedAt": "2023-02-24T00:32:47.362Z",
        "text": "eiusmod magna dolore sed et Lorem adipiscing aliqua elit, tempor amet \\\\@ 1677196226720",
        "url": "https://www.linkedin.com/feed/update/urn:li:share:7034670843116879873",
      },
      Object {
        "attachments": Array [],
        "createdAt": "2023-02-23T21:43:18.091Z",
        "id": "urn:li:share:7034638827763757056",
        "lastModifiedAt": "2023-02-23T23:52:04.467Z",
        "text": "et dolore magna tempor Lorem eiusmod amet aliqua adipiscing sed elit, \\\\@ 1677188593670",
        "url": "https://www.linkedin.com/feed/update/urn:li:share:7034638827763757056",
      },
      Object {
        "attachments": Array [
          Object {
            "altText": "Some alt text",
            "title": undefined,
            "type": "image",
            "url": "https://media.licdn.com/dms/image/C4E10AQHWQ0aaJmFOsw/image-shrink_1280/0/1677193450043?e=1677855600&v=beta&t=VuX2DYvlE30OVuRRvCPbANV48SDYlyPnGhQMVfuRJjg",
          },
        ],
        "createdAt": "2023-02-23T23:05:51.070Z",
        "id": "urn:li:share:7034659197531095040",
        "lastModifiedAt": "2023-02-23T23:05:51.120Z",
        "text": "This is a post with one image",
        "url": "https://www.linkedin.com/feed/update/urn:li:share:7034659197531095040",
      },
      Object {
        "attachments": Array [
          Object {
            "altText": "Some alt text",
            "title": undefined,
            "type": "image",
            "url": "https://media.licdn.com/dms/image/C4E10AQHoxmClzXuCrw/image-shrink_1280/0/1677193455808?e=1677855600&v=beta&t=6NmUJc5YEiIYJYRa0vbdmk3RddQ2rM_x-8sunRe4cfQ",
          },
        ],
        "createdAt": "2023-02-23T23:04:16.216Z",
        "id": "urn:li:share:7034659221623177216",
        "lastModifiedAt": "2023-02-23T23:04:16.266Z",
        "text": "This is a post with an image and a link. https://example.com",
        "url": "https://www.linkedin.com/feed/update/urn:li:share:7034659221623177216",
      },
      Object {
        "attachments": Array [
          Object {
            "altText": "Some alt text",
            "title": undefined,
            "type": "image",
            "url": "https://media.licdn.com/dms/image/C4E10AQFp6V8ffUxnTw/image-shrink_1280/0/1677193452557?e=1677855600&v=beta&t=nle9qQx4X3OtTe2UAVbUOiBPwYfvRxKsCZTJGHS3wtU",
          },
          Object {
            "altText": "Some alt text",
            "title": undefined,
            "type": "image",
            "url": "https://media.licdn.com/dms/image/C4E10AQGnbMuf1-EpHQ/image-shrink_1280/0/1677193453623?e=1677855600&v=beta&t=RXniZm_i5MLIqAa1FDq0PILhIgi7olcIy_aFMju1XAk",
          },
        ],
        "createdAt": "2023-02-23T23:04:14.072Z",
        "id": "urn:li:ugcPost:7034659212542496768",
        "lastModifiedAt": "2023-02-23T23:04:14.119Z",
        "text": "This is a post with two images",
        "url": "https://www.linkedin.com/feed/update/urn:li:ugcPost:7034659212542496768",
      },
    ],
    "previousPage": undefined,
  },
}
`;
