// Jest Snapshot v1, https://goo.gl/fbAQLP

exports[`social-media/posts/linkedin GetProfilePosts when getting latest posts succeeds 1`] = `
Ok {
  "value": Object {
    "nextPage": "10",
    "posts": Array [
      Object {
        "attachments": Array [
          Object {
            "altText": undefined,
            "description": undefined,
            "duration": undefined,
            "height": undefined,
            "preview": "http://jrs-stage.int.railwaymen.org/rails/active_storage/blobs/eyJfcmFpbHMiOnsibWVzc2FnZSI6IkJBaHBBa3U2IiwiZXhwIjpudWxsLCJwdXIiOiJibG9iX2lkIn19--edd7dcfe90f218434c9f632d5767e04a96531f4d/PI-PNL-02-0.jpg",
            "title": "1 test estates link 1",
            "type": "link",
            "url": "http://jrs-stage.int.railwaymen.org/content/8f36d0af-bcc8-4294-8708-bd6baab80424",
            "width": undefined,
          },
        ],
        "id": "urn:li:share:6902553714066808832",
        "text": "
  
  1 test estates link 1 PI-PNL-02.pdf prezentacja",
        "url": "https://www.linkedin.com/feed/update/urn:li:share:6902553714066808832",
      },
      Object {
        "attachments": Array [
          Object {
            "altText": undefined,
            "description": undefined,
            "duration": undefined,
            "height": undefined,
            "preview": "http://jrs-stage.int.railwaymen.org/rails/active_storage/blobs/eyJfcmFpbHMiOnsibWVzc2FnZSI6IkJBaHBBb3lnIiwiZXhwIjpudWxsLCJwdXIiOiJibG9iX2lkIn19--1e94028f734a026a14db3d38e596f069b5b46755/RM-VID%20(1)-0.jpg",
            "title": "2 test dui link v2",
            "type": "link",
            "url": "http://jrs-stage.int.railwaymen.org/content/774ac55c-ea18-4622-a0c5-1d5eaed844f0",
            "width": undefined,
          },
        ],
        "id": "urn:li:share:6902518986865463296",
        "text": "
  
  2 test dui link v2",
        "url": "https://www.linkedin.com/feed/update/urn:li:share:6902518986865463296",
      },
      Object {
        "attachments": Array [
          Object {
            "altText": undefined,
            "description": undefined,
            "duration": 6.533333,
            "height": 540,
            "preview": undefined,
            "title": "title of the video",
            "type": "video",
            "url": "https://dms.licdn.com/playlist/C5610AQGkH2If4C2AoQ/hls-540p-30fp-crf28/0/1645681854322?e=1645786800&v=beta&t=Z4W3L2s4qW-Koz0qWIgjCaCO_yCGS5u6c2BqWlPiWjw",
            "width": 960,
          },
        ],
        "id": "urn:li:ugcPost:6902490744620232704",
        "text": "Hello LinkedIn",
        "url": "https://www.linkedin.com/feed/update/urn:li:ugcPost:6902490744620232704",
      },
      Object {
        "attachments": Array [
          Object {
            "altText": undefined,
            "description": undefined,
            "duration": 6.533333,
            "height": 540,
            "preview": undefined,
            "title": "title of the video",
            "type": "video",
            "url": "https://dms.licdn.com/playlist/C5610AQGHDaySba4R7A/hls-540p-30fp-crf28/0/1645681260429?e=1645786800&v=beta&t=Jqo5dVvTsa0njo6EWzY9hYHK3mLCiSdyQpQSxr8aW1I",
            "width": 960,
          },
        ],
        "id": "urn:li:ugcPost:6902487781059252224",
        "text": "Hello Devtestco",
        "url": "https://www.linkedin.com/feed/update/urn:li:ugcPost:6902487781059252224",
      },
      Object {
        "attachments": Array [
          Object {
            "altText": undefined,
            "description": undefined,
            "duration": undefined,
            "height": undefined,
            "preview": "http://jrs-stage.int.railwaymen.org/rails/active_storage/blobs/eyJfcmFpbHMiOnsibWVzc2FnZSI6IkJBaHBBb3lnIiwiZXhwIjpudWxsLCJwdXIiOiJibG9iX2lkIn19--1e94028f734a026a14db3d38e596f069b5b46755/RM-VID%20(1)-0.jpg",
            "title": "2 test dui link v2",
            "type": "link",
            "url": "http://jrs-stage.int.railwaymen.org/content/e1723b33-f64d-468e-b35d-12bfbaecfec6",
            "width": undefined,
          },
        ],
        "id": "urn:li:share:6902431907846381568",
        "text": "
  
  2 test dui link v2",
        "url": "https://www.linkedin.com/feed/update/urn:li:share:6902431907846381568",
      },
      Object {
        "attachments": Array [],
        "id": "urn:li:share:6902369647795036160",
        "text": "Lorem tempor elit, eiusmod et aliqua adipiscing dolore magna amet sed @ 1645653163721",
        "url": "https://www.linkedin.com/feed/update/urn:li:share:6902369647795036160",
      },
      Object {
        "attachments": Array [],
        "id": "urn:li:share:6902325999292293120",
        "text": "adipiscing magna tempor dolore sed eiusmod amet Lorem aliqua et elit, @ 1645642757123",
        "url": "https://www.linkedin.com/feed/update/urn:li:share:6902325999292293120",
      },
      Object {
        "attachments": Array [
          Object {
            "altText": undefined,
            "description": undefined,
            "duration": undefined,
            "height": undefined,
            "preview": "http://jrs-stage.int.railwaymen.org/rails/active_storage/blobs/eyJfcmFpbHMiOnsibWVzc2FnZSI6IkJBaHBBbCs5IiwiZXhwIjpudWxsLCJwdXIiOiJibG9iX2lkIn19--f06d87cabc6cd8f9aba70faca72d5bb03bf3d369/postpreview.png",
            "title": "Post Title",
            "type": "link",
            "url": "http://jrs-stage.int.railwaymen.org/content/1bb7ed00-2ac9-487a-b3fd-67359916a853",
            "width": undefined,
          },
        ],
        "id": "urn:li:share:6902265825319809024",
        "text": "
  
  Post content text",
        "url": "https://www.linkedin.com/feed/update/urn:li:share:6902265825319809024",
      },
      Object {
        "attachments": Array [
          Object {
            "altText": undefined,
            "description": undefined,
            "duration": undefined,
            "height": undefined,
            "preview": "http://jrs-stage.int.railwaymen.org/rails/active_storage/blobs/eyJfcmFpbHMiOnsibWVzc2FnZSI6IkJBaHBBcUthIiwiZXhwIjpudWxsLCJwdXIiOiJibG9iX2lkIn19--714d48c3cc856afa4492c4a3f61d1ecd07c63e6e/sample-0.jpg",
            "title": "2 test estates link 1",
            "type": "link",
            "url": "http://jrs-stage.int.railwaymen.org/content/e3c8cb42-2e34-4b5c-affc-734a57e57037",
            "width": undefined,
          },
        ],
        "id": "urn:li:share:6902186793995702272",
        "text": "
  
  2 test estates link 1",
        "url": "https://www.linkedin.com/feed/update/urn:li:share:6902186793995702272",
      },
      Object {
        "attachments": Array [
          Object {
            "altText": undefined,
            "description": undefined,
            "duration": undefined,
            "height": undefined,
            "preview": "http://jrs-stage.int.railwaymen.org/rails/active_storage/blobs/eyJfcmFpbHMiOnsibWVzc2FnZSI6IkJBaHBBbGU2IiwiZXhwIjpudWxsLCJwdXIiOiJibG9iX2lkIn19--e27548b72ecdfc4139504bb24139690a19fbc004/preview.png",
            "title": "00244826288262882628",
            "type": "link",
            "url": "https://vimeo.com/540045535",
            "width": undefined,
          },
        ],
        "id": "urn:li:share:6902183529258508288",
        "text": "
  00244826288262882628",
        "url": "https://www.linkedin.com/feed/update/urn:li:share:6902183529258508288",
      },
    ],
    "previousPage": undefined,
  },
}
`;
