// Jest Snapshot v1, https://goo.gl/fbAQLP

exports[`social-media/posts/linkedin GetProfilePosts when getting latest posts succeeds 1`] = `
Ok {
  "value": Object {
    "nextPage": "v2/ugcPosts?q=authors&count=50&start=50&sortBy=LAST_MODIFIED&projection=%28paging%2Celements*%28id%2Ccreated%2CspecificContent%28com.linkedin.ugc.ShareContent%28shareMediaCategory%2CshareCommentary%2Cmedia%28*%28media~%3AplayableStreams%2CoriginalUrl%2Cdescription%2Ctitle%2Cthumbnails%29%29%29%29%29%29&authors=List(urn%3Ali%3Aorganization%3A2414183)",
    "posts": Array [
      Object {
        "attachments": Array [
          Object {
            "altText": undefined,
            "description": undefined,
            "duration": undefined,
            "height": undefined,
            "preview": "http://jrs-stage.int.railwaymen.org/rails/active_storage/blobs/eyJfcmFpbHMiOnsibWVzc2FnZSI6IkJBaHBBb3lnIiwiZXhwIjpudWxsLCJwdXIiOiJibG9iX2lkIn19--1e94028f734a026a14db3d38e596f069b5b46755/RM-VID%20(1)-0.jpg",
            "title": "2 test dui link v2",
            "type": "link",
            "url": "http://jrs-stage.int.railwaymen.org/content/774ac55c-ea18-4622-a0c5-1d5eaed844f0",
            "width": undefined,
          },
        ],
        "id": "urn:li:share:6902518986865463296",
        "text": "
  
  2 test dui link v2",
        "url": "https://www.linkedin.com/feed/update/urn:li:share:6902518986865463296",
      },
      Object {
        "attachments": Array [
          Object {
            "altText": undefined,
            "description": undefined,
            "duration": 6533.333,
            "height": 540,
            "preview": undefined,
            "title": "title of the video",
            "type": "video",
            "url": "https://dms.licdn.com/playlist/C5610AQGkH2If4C2AoQ/hls-540p-30fp-crf28/0/1645681854322?e=1645783200&v=beta&t=DKRr65mcuT1Udw5k4PnsuxSn5kGUw_KCErgdEKVhc88",
            "width": 960,
          },
        ],
        "id": "urn:li:ugcPost:6902490744620232704",
        "text": "Hello LinkedIn",
        "url": "https://www.linkedin.com/feed/update/urn:li:ugcPost:6902490744620232704",
      },
      Object {
        "attachments": Array [
          Object {
            "altText": undefined,
            "description": undefined,
            "duration": 6533.333,
            "height": 540,
            "preview": undefined,
            "title": "title of the video",
            "type": "video",
            "url": "https://dms.licdn.com/playlist/C5610AQGHDaySba4R7A/hls-540p-30fp-crf28/0/1645681260429?e=1645783200&v=beta&t=NIP5akErJju4Bs9luT5WGwGTLSxP15E30bB7nWeFxzU",
            "width": 960,
          },
        ],
        "id": "urn:li:ugcPost:6902487781059252224",
        "text": "Hello Devtestco",
        "url": "https://www.linkedin.com/feed/update/urn:li:ugcPost:6902487781059252224",
      },
      Object {
        "attachments": Array [
          Object {
            "altText": undefined,
            "description": undefined,
            "duration": undefined,
            "height": undefined,
            "preview": "http://jrs-stage.int.railwaymen.org/rails/active_storage/blobs/eyJfcmFpbHMiOnsibWVzc2FnZSI6IkJBaHBBb3lnIiwiZXhwIjpudWxsLCJwdXIiOiJibG9iX2lkIn19--1e94028f734a026a14db3d38e596f069b5b46755/RM-VID%20(1)-0.jpg",
            "title": "2 test dui link v2",
            "type": "link",
            "url": "http://jrs-stage.int.railwaymen.org/content/e1723b33-f64d-468e-b35d-12bfbaecfec6",
            "width": undefined,
          },
        ],
        "id": "urn:li:share:6902431907846381568",
        "text": "
  
  2 test dui link v2",
        "url": "https://www.linkedin.com/feed/update/urn:li:share:6902431907846381568",
      },
      Object {
        "attachments": Array [],
        "id": "urn:li:share:6902369647795036160",
        "text": "Lorem tempor elit, eiusmod et aliqua adipiscing dolore magna amet sed @ 1645653163721",
        "url": "https://www.linkedin.com/feed/update/urn:li:share:6902369647795036160",
      },
      Object {
        "attachments": Array [],
        "id": "urn:li:share:6902325999292293120",
        "text": "adipiscing magna tempor dolore sed eiusmod amet Lorem aliqua et elit, @ 1645642757123",
        "url": "https://www.linkedin.com/feed/update/urn:li:share:6902325999292293120",
      },
      Object {
        "attachments": Array [
          Object {
            "altText": undefined,
            "description": undefined,
            "duration": undefined,
            "height": undefined,
            "preview": "http://jrs-stage.int.railwaymen.org/rails/active_storage/blobs/eyJfcmFpbHMiOnsibWVzc2FnZSI6IkJBaHBBbCs5IiwiZXhwIjpudWxsLCJwdXIiOiJibG9iX2lkIn19--f06d87cabc6cd8f9aba70faca72d5bb03bf3d369/postpreview.png",
            "title": "Post Title",
            "type": "link",
            "url": "http://jrs-stage.int.railwaymen.org/content/1bb7ed00-2ac9-487a-b3fd-67359916a853",
            "width": undefined,
          },
        ],
        "id": "urn:li:share:6902265825319809024",
        "text": "
  
  Post content text",
        "url": "https://www.linkedin.com/feed/update/urn:li:share:6902265825319809024",
      },
      Object {
        "attachments": Array [
          Object {
            "altText": undefined,
            "description": undefined,
            "duration": undefined,
            "height": undefined,
            "preview": "http://jrs-stage.int.railwaymen.org/rails/active_storage/blobs/eyJfcmFpbHMiOnsibWVzc2FnZSI6IkJBaHBBcUthIiwiZXhwIjpudWxsLCJwdXIiOiJibG9iX2lkIn19--714d48c3cc856afa4492c4a3f61d1ecd07c63e6e/sample-0.jpg",
            "title": "2 test estates link 1",
            "type": "link",
            "url": "http://jrs-stage.int.railwaymen.org/content/e3c8cb42-2e34-4b5c-affc-734a57e57037",
            "width": undefined,
          },
        ],
        "id": "urn:li:share:6902186793995702272",
        "text": "
  
  2 test estates link 1",
        "url": "https://www.linkedin.com/feed/update/urn:li:share:6902186793995702272",
      },
      Object {
        "attachments": Array [
          Object {
            "altText": undefined,
            "description": undefined,
            "duration": undefined,
            "height": undefined,
            "preview": "http://jrs-stage.int.railwaymen.org/rails/active_storage/blobs/eyJfcmFpbHMiOnsibWVzc2FnZSI6IkJBaHBBbGU2IiwiZXhwIjpudWxsLCJwdXIiOiJibG9iX2lkIn19--e27548b72ecdfc4139504bb24139690a19fbc004/preview.png",
            "title": "00244826288262882628",
            "type": "link",
            "url": "https://vimeo.com/540045535",
            "width": undefined,
          },
        ],
        "id": "urn:li:share:6902183529258508288",
        "text": "
  00244826288262882628",
        "url": "https://www.linkedin.com/feed/update/urn:li:share:6902183529258508288",
      },
      Object {
        "attachments": Array [
          Object {
            "altText": undefined,
            "description": undefined,
            "duration": undefined,
            "height": undefined,
            "preview": "http://jrs-stage.int.railwaymen.org/rails/active_storage/blobs/eyJfcmFpbHMiOnsibWVzc2FnZSI6IkJBaHBBb3lnIiwiZXhwIjpudWxsLCJwdXIiOiJibG9iX2lkIn19--1e94028f734a026a14db3d38e596f069b5b46755/RM-VID%20(1)-0.jpg",
            "title": "2 test dui link v2",
            "type": "link",
            "url": "http://jrs-stage.int.railwaymen.org/content/ed936602-827f-4c77-984b-19e68981b347",
            "width": undefined,
          },
        ],
        "id": "urn:li:share:6902176476158849024",
        "text": "
  
  2 test dui link v2",
        "url": "https://www.linkedin.com/feed/update/urn:li:share:6902176476158849024",
      },
      Object {
        "attachments": Array [
          Object {
            "altText": undefined,
            "description": "Focus sur le design et les inspirations du PlayStation VR2 de Sony.",
            "duration": undefined,
            "height": undefined,
            "preview": "https://www.begeek.fr/wp-content/uploads/2022/02/PlayStation-VR-2-Sony-casque-realite-virtuelle.jpg",
            "title": "PlayStation VR 2 : le design du nouveau casque de réalité virtuelle s'inspire de la PS5 et ses accessoires",
            "type": "link",
            "url": "https://www.begeek.fr/playstation-vr-2-le-design-du-nouveau-casque-de-realite-virtuelle-sinspire-de-la-ps5-et-ses-accessoires-365905?utm_source=feed&utm_medium=Sociallymap&utm_campaign=general",
            "width": undefined,
          },
        ],
        "id": "urn:li:share:6902154829590872064",
        "text": "PlayStation VR 2 : le design du nouveau casque de réalité virtuelle s’inspire de la PS5 et ses accessoires #geek",
        "url": "https://www.linkedin.com/feed/update/urn:li:share:6902154829590872064",
      },
      Object {
        "attachments": Array [
          Object {
            "altText": undefined,
            "description": undefined,
            "duration": undefined,
            "height": 690,
            "preview": "https://media-exp1.licdn.com/dms/image/C4E22AQGSoXil03f8lA/feedshare-shrink_800/0/1645597005527?e=1648684800&v=beta&t=_BWDcqgQGuJyEz-v_7YsVYI-7yF3ZeoJ6nj2s0pMpTo",
            "title": undefined,
            "type": "image",
            "url": "https://media-exp1.licdn.com/dms/image/C4E22AQGSoXil03f8lA/feedshare-shrink_800/0/1645597005527?e=1648684800&v=beta&t=_BWDcqgQGuJyEz-v_7YsVYI-7yF3ZeoJ6nj2s0pMpTo",
            "width": 800,
          },
        ],
        "id": "urn:li:share:6902134357662740480",
        "text": "test post rich",
        "url": "https://www.linkedin.com/feed/update/urn:li:share:6902134357662740480",
      },
      Object {
        "attachments": Array [
          Object {
            "altText": undefined,
            "description": undefined,
            "duration": undefined,
            "height": 690,
            "preview": "https://media-exp1.licdn.com/dms/image/C4E22AQGuRuK43Fbpwg/feedshare-shrink_800/0/1645596494781?e=1648684800&v=beta&t=LsvLxo68Ul8P9YLr5LMWsEU8e5-MorAs0AQ5HWDE9ZM",
            "title": undefined,
            "type": "image",
            "url": "https://media-exp1.licdn.com/dms/image/C4E22AQGuRuK43Fbpwg/feedshare-shrink_800/0/1645596494781?e=1648684800&v=beta&t=LsvLxo68Ul8P9YLr5LMWsEU8e5-MorAs0AQ5HWDE9ZM",
            "width": 800,
          },
        ],
        "id": "urn:li:share:6902133439491821568",
        "text": "test post rich",
        "url": "https://www.linkedin.com/feed/update/urn:li:share:6902133439491821568",
      },
      Object {
        "attachments": Array [],
        "id": "urn:li:share:6902128414313000960",
        "text": "test post rich",
        "url": "https://www.linkedin.com/feed/update/urn:li:share:6902128414313000960",
      },
      Object {
        "attachments": Array [],
        "id": "urn:li:share:6902020841450684416",
        "text": "Lorem magna aliqua eiusmod amet et tempor elit, adipiscing dolore sed @ 1645570001801",
        "url": "https://www.linkedin.com/feed/update/urn:li:share:6902020841450684416",
      },
      Object {
        "attachments": Array [
          Object {
            "altText": undefined,
            "description": undefined,
            "duration": undefined,
            "height": undefined,
            "preview": "http://jrs-stage.int.railwaymen.org/rails/active_storage/blobs/eyJfcmFpbHMiOnsibWVzc2FnZSI6IkJBaHBBcUthIiwiZXhwIjpudWxsLCJwdXIiOiJibG9iX2lkIn19--714d48c3cc856afa4492c4a3f61d1ecd07c63e6e/sample-0.jpg",
            "title": "2 test estates link 1",
            "type": "link",
            "url": "http://jrs-stage.int.railwaymen.org/content/39f7ab89-38aa-42d5-933c-c72ad1d3a2a9",
            "width": undefined,
          },
        ],
        "id": "urn:li:share:6901888338685431808",
        "text": "
  
  2 test estates link 1",
        "url": "https://www.linkedin.com/feed/update/urn:li:share:6901888338685431808",
      },
      Object {
        "attachments": Array [
          Object {
            "altText": undefined,
            "description": undefined,
            "duration": undefined,
            "height": undefined,
            "preview": "http://jrs-stage.int.railwaymen.org/rails/active_storage/blobs/eyJfcmFpbHMiOnsibWVzc2FnZSI6IkJBaHBBbG02IiwiZXhwIjpudWxsLCJwdXIiOiJibG9iX2lkIn19--d86f48b557668f8b3137439687ec6fdd7c718b68/preview.png",
            "title": "00244826388259682023",
            "type": "link",
            "url": "https://vimeo.com/540045564",
            "width": undefined,
          },
        ],
        "id": "urn:li:share:6901814596408000512",
        "text": "00244826388259682023",
        "url": "https://www.linkedin.com/feed/update/urn:li:share:6901814596408000512",
      },
      Object {
        "attachments": Array [
          Object {
            "altText": undefined,
            "description": undefined,
            "duration": undefined,
            "height": undefined,
            "preview": "http://jrs-stage.int.railwaymen.org/rails/active_storage/blobs/eyJfcmFpbHMiOnsibWVzc2FnZSI6IkJBaHBBa082IiwiZXhwIjpudWxsLCJwdXIiOiJibG9iX2lkIn19--377d64c68bd087c110e1393edc0335cb1ef5f464/PI-PNL-02-0.jpg",
            "title": "1 test estates link 2",
            "type": "link",
            "url": "http://jrs-stage.int.railwaymen.org/content/654f3c3e-32d6-4d77-8cfc-90c4362fce60",
            "width": undefined,
          },
        ],
        "id": "urn:li:share:6901813841257144320",
        "text": "
  
  1 test estates link 2 PI-PNL-02.pdf prezentacja",
        "url": "https://www.linkedin.com/feed/update/urn:li:share:6901813841257144320",
      },
      Object {
        "attachments": Array [
          Object {
            "altText": undefined,
            "description": undefined,
            "duration": undefined,
            "height": undefined,
            "preview": "http://jrs-stage.int.railwaymen.org/rails/active_storage/blobs/eyJfcmFpbHMiOnsibWVzc2FnZSI6IkJBaHBBbGU2IiwiZXhwIjpudWxsLCJwdXIiOiJibG9iX2lkIn19--e27548b72ecdfc4139504bb24139690a19fbc004/preview.png",
            "title": "00244826288262882628",
            "type": "link",
            "url": "https://vimeo.com/540045535",
            "width": undefined,
          },
        ],
        "id": "urn:li:share:6901813336388755457",
        "text": "
  00244826288262882628",
        "url": "https://www.linkedin.com/feed/update/urn:li:share:6901813336388755457",
      },
      Object {
        "attachments": Array [
          Object {
            "altText": undefined,
            "description": undefined,
            "duration": undefined,
            "height": undefined,
            "preview": "http://jrs-stage.int.railwaymen.org/rails/active_storage/blobs/eyJfcmFpbHMiOnsibWVzc2FnZSI6IkJBaHBBb0tnIiwiZXhwIjpudWxsLCJwdXIiOiJibG9iX2lkIn19--ffd2d5f9c3e1f816169c3cb905bb7659130e59c8/RM-VID%20(1)-0.jpg",
            "title": "2 test dui link v1",
            "type": "link",
            "url": "http://jrs-stage.int.railwaymen.org/content/9c2dab9e-6f35-4ddf-8ca7-fcd8a52432ed",
            "width": undefined,
          },
        ],
        "id": "urn:li:share:6901794208714145792",
        "text": "
  
  2 test dui link v1",
        "url": "https://www.linkedin.com/feed/update/urn:li:share:6901794208714145792",
      },
      Object {
        "attachments": Array [],
        "id": "urn:li:ugcPost:6901623638093877248",
        "text": "",
        "url": "https://www.linkedin.com/feed/update/urn:li:ugcPost:6901623638093877248",
      },
      Object {
        "attachments": Array [
          Object {
            "altText": undefined,
            "description": undefined,
            "duration": undefined,
            "height": undefined,
            "preview": "http://jrs-stage.int.railwaymen.org/rails/active_storage/blobs/eyJfcmFpbHMiOnsibWVzc2FnZSI6IkJBaHBBbHk5IiwiZXhwIjpudWxsLCJwdXIiOiJibG9iX2lkIn19--0a670bd496d3694979aa0fef6100c4c1c1de3c8b/postpreview.png",
            "title": "Post Title",
            "type": "link",
            "url": "http://jrs-stage.int.railwaymen.org/content/deaee272-a64e-4f19-b137-a31ed2bdd56b",
            "width": undefined,
          },
        ],
        "id": "urn:li:share:6901506566604800000",
        "text": "
  
  Post content text",
        "url": "https://www.linkedin.com/feed/update/urn:li:share:6901506566604800000",
      },
      Object {
        "attachments": Array [
          Object {
            "altText": undefined,
            "description": undefined,
            "duration": undefined,
            "height": undefined,
            "preview": "http://jrs-stage.int.railwaymen.org/rails/active_storage/blobs/eyJfcmFpbHMiOnsibWVzc2FnZSI6IkJBaHBBbGU2IiwiZXhwIjpudWxsLCJwdXIiOiJibG9iX2lkIn19--e27548b72ecdfc4139504bb24139690a19fbc004/preview.png",
            "title": "00244826288262882628",
            "type": "link",
            "url": "https://vimeo.com/540045535",
            "width": undefined,
          },
        ],
        "id": "urn:li:share:6901510849307951104",
        "text": "
  00244826288262882628",
        "url": "https://www.linkedin.com/feed/update/urn:li:share:6901510849307951104",
      },
      Object {
        "attachments": Array [
          Object {
            "altText": undefined,
            "description": undefined,
            "duration": undefined,
            "height": undefined,
            "preview": "http://jrs-stage.int.railwaymen.org/rails/active_storage/blobs/eyJfcmFpbHMiOnsibWVzc2FnZSI6IkJBaHBBb3lnIiwiZXhwIjpudWxsLCJwdXIiOiJibG9iX2lkIn19--1e94028f734a026a14db3d38e596f069b5b46755/RM-VID%20(1)-0.jpg",
            "title": "2 test dui link v2",
            "type": "link",
            "url": "http://jrs-stage.int.railwaymen.org/content/fc9b813a-1e3a-41bb-960e-0c4c95e9389c",
            "width": undefined,
          },
        ],
        "id": "urn:li:share:6901509332861538304",
        "text": "
  
  2 test dui link v2",
        "url": "https://www.linkedin.com/feed/update/urn:li:share:6901509332861538304",
      },
      Object {
        "attachments": Array [
          Object {
            "altText": undefined,
            "description": undefined,
            "duration": undefined,
            "height": undefined,
            "preview": "http://jrs-stage.int.railwaymen.org/rails/active_storage/blobs/eyJfcmFpbHMiOnsibWVzc2FnZSI6IkJBaHBBa3U2IiwiZXhwIjpudWxsLCJwdXIiOiJibG9iX2lkIn19--edd7dcfe90f218434c9f632d5767e04a96531f4d/PI-PNL-02-0.jpg",
            "title": "1 test estates link 1",
            "type": "link",
            "url": "http://jrs-stage.int.railwaymen.org/content/8193f01c-5244-4b41-a390-5240fbbb01dd",
            "width": undefined,
          },
        ],
        "id": "urn:li:share:6901507821532188672",
        "text": "
  
  1 test estates link 1 PI-PNL-02.pdf prezentacja",
        "url": "https://www.linkedin.com/feed/update/urn:li:share:6901507821532188672",
      },
      Object {
        "attachments": Array [
          Object {
            "altText": undefined,
            "description": undefined,
            "duration": undefined,
            "height": undefined,
            "preview": "http://jrs-stage.int.railwaymen.org/rails/active_storage/blobs/eyJfcmFpbHMiOnsibWVzc2FnZSI6IkJBaHBBcUthIiwiZXhwIjpudWxsLCJwdXIiOiJibG9iX2lkIn19--714d48c3cc856afa4492c4a3f61d1ecd07c63e6e/sample-0.jpg",
            "title": "2 test estates link 1",
            "type": "link",
            "url": "http://jrs-stage.int.railwaymen.org/content/11c750a9-4bf3-495b-94f4-ef82d3f9a186",
            "width": undefined,
          },
        ],
        "id": "urn:li:share:6901466550025420800",
        "text": "
  
  2 test estates link 1",
        "url": "https://www.linkedin.com/feed/update/urn:li:share:6901466550025420800",
      },
      Object {
        "attachments": Array [
          Object {
            "altText": undefined,
            "description": undefined,
            "duration": undefined,
            "height": undefined,
            "preview": "http://jrs-stage.int.railwaymen.org/rails/active_storage/blobs/eyJfcmFpbHMiOnsibWVzc2FnZSI6IkJBaHBBcGlnIiwiZXhwIjpudWxsLCJwdXIiOiJibG9iX2lkIn19--4d956681d37370e3f29891e691115a9dcff083f8/preview.png",
            "title": "IMG_7266.MOV",
            "type": "link",
            "url": "https://vimeo.com/540041375",
            "width": undefined,
          },
        ],
        "id": "urn:li:share:6901456484111060992",
        "text": "
  nice arpreggio",
        "url": "https://www.linkedin.com/feed/update/urn:li:share:6901456484111060992",
      },
      Object {
        "attachments": Array [
          Object {
            "altText": undefined,
            "description": undefined,
            "duration": undefined,
            "height": undefined,
            "preview": "http://jrs-stage.int.railwaymen.org/rails/active_storage/blobs/eyJfcmFpbHMiOnsibWVzc2FnZSI6IkJBaHBBbG02IiwiZXhwIjpudWxsLCJwdXIiOiJibG9iX2lkIn19--d86f48b557668f8b3137439687ec6fdd7c718b68/preview.png",
            "title": "00244826388259682023",
            "type": "link",
            "url": "https://vimeo.com/540045564",
            "width": undefined,
          },
        ],
        "id": "urn:li:share:6901452205342167040",
        "text": "
  00244826388259682023",
        "url": "https://www.linkedin.com/feed/update/urn:li:share:6901452205342167040",
      },
      Object {
        "attachments": Array [
          Object {
            "altText": undefined,
            "description": undefined,
            "duration": undefined,
            "height": undefined,
            "preview": "http://jrs-stage.int.railwaymen.org/rails/active_storage/blobs/eyJfcmFpbHMiOnsibWVzc2FnZSI6IkJBaHBBb0tnIiwiZXhwIjpudWxsLCJwdXIiOiJibG9iX2lkIn19--ffd2d5f9c3e1f816169c3cb905bb7659130e59c8/RM-VID%20(1)-0.jpg",
            "title": "2 test dui link v1",
            "type": "link",
            "url": "http://jrs-stage.int.railwaymen.org/content/339b976f-68bb-4696-b47b-4aa892f952d8",
            "width": undefined,
          },
        ],
        "id": "urn:li:share:6901446672388284416",
        "text": "
  
  2 test dui link v1",
        "url": "https://www.linkedin.com/feed/update/urn:li:share:6901446672388284416",
      },
      Object {
        "attachments": Array [
          Object {
            "altText": undefined,
            "description": undefined,
            "duration": undefined,
            "height": undefined,
            "preview": "http://jrs-stage.int.railwaymen.org/rails/active_storage/blobs/eyJfcmFpbHMiOnsibWVzc2FnZSI6IkJBaHBBcUthIiwiZXhwIjpudWxsLCJwdXIiOiJibG9iX2lkIn19--714d48c3cc856afa4492c4a3f61d1ecd07c63e6e/sample-0.jpg",
            "title": "2 test estates link 2",
            "type": "link",
            "url": "http://jrs-stage.int.railwaymen.org/content/923daa65-bf87-4965-a5b0-3e028679c06f",
            "width": undefined,
          },
        ],
        "id": "urn:li:share:6901436856404099072",
        "text": "
  
  2 test estates link 2",
        "url": "https://www.linkedin.com/feed/update/urn:li:share:6901436856404099072",
      },
      Object {
        "attachments": Array [
          Object {
            "altText": undefined,
            "description": undefined,
            "duration": undefined,
            "height": undefined,
            "preview": undefined,
            "title": "http://www.allocine.fr/article/fichearticle_gen_carticle=18707016.html?utm_source=Sociallymap&utm_medium=Sociallymap&utm_campaign=Sociallymap",
            "type": "link",
            "url": "http://www.allocine.fr/article/fichearticle_gen_carticle=18707016.html?utm_source=Sociallymap&utm_medium=Sociallymap&utm_campaign=Sociallymap",
            "width": undefined,
          },
        ],
        "id": "urn:li:share:6901251648132386817",
        "text": "La Nuit des généraux sur Arte : les acteurs ont été forcés à tourner le film #cinema",
        "url": "https://www.linkedin.com/feed/update/urn:li:share:6901251648132386817",
      },
      Object {
        "attachments": Array [
          Object {
            "altText": undefined,
            "description": undefined,
            "duration": undefined,
            "height": undefined,
            "preview": "http://jrs-stage.int.railwaymen.org/rails/active_storage/blobs/eyJfcmFpbHMiOnsibWVzc2FnZSI6IkJBaHBBbTI3IiwiZXhwIjpudWxsLCJwdXIiOiJibG9iX2lkIn19--f4fe55ecf6b7c3bfae305126a153af2993a7ec00/postpreview.png",
            "title": "Post Title",
            "type": "link",
            "url": "http://jrs-stage.int.railwaymen.org/content/d1ca871c-386d-42fd-a9fa-94db96ba7a16",
            "width": undefined,
          },
        ],
        "id": "urn:li:share:6900976818610876416",
        "text": "
  
  Post content text",
        "url": "https://www.linkedin.com/feed/update/urn:li:share:6900976818610876416",
      },
      Object {
        "attachments": Array [
          Object {
            "altText": undefined,
            "description": undefined,
            "duration": undefined,
            "height": undefined,
            "preview": "http://jrs-stage.int.railwaymen.org/rails/active_storage/blobs/eyJfcmFpbHMiOnsibWVzc2FnZSI6IkJBaHBBcGlnIiwiZXhwIjpudWxsLCJwdXIiOiJibG9iX2lkIn19--4d956681d37370e3f29891e691115a9dcff083f8/preview.png",
            "title": "IMG_7266.MOV",
            "type": "link",
            "url": "https://vimeo.com/540041375",
            "width": undefined,
          },
        ],
        "id": "urn:li:share:6900969018585354240",
        "text": "
  nice arpreggio",
        "url": "https://www.linkedin.com/feed/update/urn:li:share:6900969018585354240",
      },
      Object {
        "attachments": Array [
          Object {
            "altText": undefined,
            "description": undefined,
            "duration": undefined,
            "height": undefined,
            "preview": "http://jrs-stage.int.railwaymen.org/rails/active_storage/blobs/eyJfcmFpbHMiOnsibWVzc2FnZSI6IkJBaHBBcUthIiwiZXhwIjpudWxsLCJwdXIiOiJibG9iX2lkIn19--714d48c3cc856afa4492c4a3f61d1ecd07c63e6e/sample-0.jpg",
            "title": "2 test estates link 2",
            "type": "link",
            "url": "http://jrs-stage.int.railwaymen.org/content/201c29e1-26ca-4469-9be3-16d10303da95",
            "width": undefined,
          },
        ],
        "id": "urn:li:share:6900809464497131520",
        "text": "
  
  2 test estates link 2",
        "url": "https://www.linkedin.com/feed/update/urn:li:share:6900809464497131520",
      },
      Object {
        "attachments": Array [
          Object {
            "altText": undefined,
            "description": undefined,
            "duration": undefined,
            "height": undefined,
            "preview": "http://jrs-stage.int.railwaymen.org/rails/active_storage/blobs/eyJfcmFpbHMiOnsibWVzc2FnZSI6IkJBaHBBbGU2IiwiZXhwIjpudWxsLCJwdXIiOiJibG9iX2lkIn19--e27548b72ecdfc4139504bb24139690a19fbc004/preview.png",
            "title": "00244826288262882628",
            "type": "link",
            "url": "https://vimeo.com/540045535",
            "width": undefined,
          },
        ],
        "id": "urn:li:share:6900794115403890688",
        "text": "
  00244826288262882628",
        "url": "https://www.linkedin.com/feed/update/urn:li:share:6900794115403890688",
      },
      Object {
        "attachments": Array [
          Object {
            "altText": undefined,
            "description": undefined,
            "duration": undefined,
            "height": undefined,
            "preview": "http://jrs-stage.int.railwaymen.org/rails/active_storage/blobs/eyJfcmFpbHMiOnsibWVzc2FnZSI6IkJBaHBBbG02IiwiZXhwIjpudWxsLCJwdXIiOiJibG9iX2lkIn19--d86f48b557668f8b3137439687ec6fdd7c718b68/preview.png",
            "title": "00244826388259682023",
            "type": "link",
            "url": "https://vimeo.com/540045564",
            "width": undefined,
          },
        ],
        "id": "urn:li:share:6900763913726541824",
        "text": "
  00244826388259682023",
        "url": "https://www.linkedin.com/feed/update/urn:li:share:6900763913726541824",
      },
      Object {
        "attachments": Array [],
        "id": "urn:li:share:6900588205775712256",
        "text": "Lorem amet eiusmod et magna elit, dolore tempor sed adipiscing aliqua @ 1645228434855",
        "url": "https://www.linkedin.com/feed/update/urn:li:share:6900588205775712256",
      },
      Object {
        "attachments": Array [],
        "id": "urn:li:share:6900601674860261376",
        "text": "elit, et adipiscing eiusmod sed dolore aliqua magna tempor amet Lorem @ 1645231646127",
        "url": "https://www.linkedin.com/feed/update/urn:li:share:6900601674860261376",
      },
      Object {
        "attachments": Array [],
        "id": "urn:li:share:6900543160603303936",
        "text": "eiusmod amet aliqua Lorem sed elit, tempor dolore magna et adipiscing @ 1645217695255",
        "url": "https://www.linkedin.com/feed/update/urn:li:share:6900543160603303936",
      },
      Object {
        "attachments": Array [
          Object {
            "altText": undefined,
            "description": undefined,
            "duration": undefined,
            "height": undefined,
            "preview": "http://jrs-stage.int.railwaymen.org/rails/active_storage/blobs/eyJfcmFpbHMiOnsibWVzc2FnZSI6IkJBaHBBbGU2IiwiZXhwIjpudWxsLCJwdXIiOiJibG9iX2lkIn19--e27548b72ecdfc4139504bb24139690a19fbc004/preview.png",
            "title": "00244826288262882628",
            "type": "link",
            "url": "https://vimeo.com/540045535",
            "width": undefined,
          },
        ],
        "id": "urn:li:share:6900541450921017344",
        "text": "00244826288262882628",
        "url": "https://www.linkedin.com/feed/update/urn:li:share:6900541450921017344",
      },
      Object {
        "attachments": Array [
          Object {
            "altText": undefined,
            "description": "Pour le meilleur et le vampire",
            "duration": undefined,
            "height": undefined,
            "preview": "https://d3isma7snj3lcx.cloudfront.net/optim/images/news/30/3050847113/nacon-revient-sur-les-fondamentaux-de-vampire-the-masquerade-swansong-3193452a__w854.jpg",
            "title": "Nacon revient sur les fondamentaux de Vampire : The Masquerade - Swansong",
            "type": "link",
            "url": "https://www.gamekult.com/actualite/nacon-revient-sur-les-fondamentaux-de-vampire-the-masquerade-swansong-3050847113.html?utm_source=Sociallymap&utm_medium=Sociallymap&utm_campaign=Sociallymap",
            "width": undefined,
          },
        ],
        "id": "urn:li:share:6900512893385736192",
        "text": "Nacon revient sur les fondamentaux de Vampire : The Masquerade - Swansong #gamer",
        "url": "https://www.linkedin.com/feed/update/urn:li:share:6900512893385736192",
      },
      Object {
        "attachments": Array [
          Object {
            "altText": undefined,
            "description": undefined,
            "duration": undefined,
            "height": undefined,
            "preview": "http://jrs-stage.int.railwaymen.org/rails/active_storage/blobs/eyJfcmFpbHMiOnsibWVzc2FnZSI6IkJBaHBBcGlnIiwiZXhwIjpudWxsLCJwdXIiOiJibG9iX2lkIn19--4d956681d37370e3f29891e691115a9dcff083f8/preview.png",
            "title": "IMG_7266.MOV",
            "type": "link",
            "url": "https://vimeo.com/540041375",
            "width": undefined,
          },
        ],
        "id": "urn:li:share:6900481054260432897",
        "text": "
  nice arpreggio",
        "url": "https://www.linkedin.com/feed/update/urn:li:share:6900481054260432897",
      },
      Object {
        "attachments": Array [
          Object {
            "altText": undefined,
            "description": undefined,
            "duration": undefined,
            "height": undefined,
            "preview": "http://jrs-stage.int.railwaymen.org/rails/active_storage/blobs/eyJfcmFpbHMiOnsibWVzc2FnZSI6IkJBaHBBbTI3IiwiZXhwIjpudWxsLCJwdXIiOiJibG9iX2lkIn19--f4fe55ecf6b7c3bfae305126a153af2993a7ec00/postpreview.png",
            "title": "Post Title",
            "type": "link",
            "url": "http://jrs-stage.int.railwaymen.org/content/5f9753ba-42a5-4b7f-92fe-d8cb56ad3ab9",
            "width": undefined,
          },
        ],
        "id": "urn:li:share:6900422424400068608",
        "text": "
  
  Post content text",
        "url": "https://www.linkedin.com/feed/update/urn:li:share:6900422424400068608",
      },
      Object {
        "attachments": Array [
          Object {
            "altText": undefined,
            "description": undefined,
            "duration": undefined,
            "height": undefined,
            "preview": "http://jrs-stage.int.railwaymen.org/rails/active_storage/blobs/eyJfcmFpbHMiOnsibWVzc2FnZSI6IkJBaHBBcGlnIiwiZXhwIjpudWxsLCJwdXIiOiJibG9iX2lkIn19--4d956681d37370e3f29891e691115a9dcff083f8/preview.png",
            "title": "IMG_7266.MOV",
            "type": "link",
            "url": "https://vimeo.com/540041375",
            "width": undefined,
          },
        ],
        "id": "urn:li:share:6900404550369374208",
        "text": "nice arpreggio",
        "url": "https://www.linkedin.com/feed/update/urn:li:share:6900404550369374208",
      },
      Object {
        "attachments": Array [
          Object {
            "altText": undefined,
            "description": undefined,
            "duration": undefined,
            "height": undefined,
            "preview": "http://jrs-stage.int.railwaymen.org/rails/active_storage/blobs/eyJfcmFpbHMiOnsibWVzc2FnZSI6IkJBaHBBcGlnIiwiZXhwIjpudWxsLCJwdXIiOiJibG9iX2lkIn19--4d956681d37370e3f29891e691115a9dcff083f8/preview.png",
            "title": "IMG_7266.MOV",
            "type": "link",
            "url": "https://vimeo.com/540041375",
            "width": undefined,
          },
        ],
        "id": "urn:li:share:6900389454423343104",
        "text": "
  nice arpreggio",
        "url": "https://www.linkedin.com/feed/update/urn:li:share:6900389454423343104",
      },
      Object {
        "attachments": Array [
          Object {
            "altText": undefined,
            "description": undefined,
            "duration": undefined,
            "height": 853,
            "preview": "https://media-exp1.licdn.com/dms/image/C4E22AQGT566vc2R7vQ/feedshare-shrink_480/0/1645142601521?e=1648684800&v=beta&t=3hdj79axFTzGSXjrX4dfuXD65J4Kuz2rdAtEIEdmNqY",
            "title": undefined,
            "type": "image",
            "url": "https://media-exp1.licdn.com/dms/image/C4E22AQGT566vc2R7vQ/feedshare-shrink_480/0/1645142601521?e=1648684800&v=beta&t=3hdj79axFTzGSXjrX4dfuXD65J4Kuz2rdAtEIEdmNqY",
            "width": 480,
          },
        ],
        "id": "urn:li:share:6900228196504010752",
        "text": "Post",
        "url": "https://www.linkedin.com/feed/update/urn:li:share:6900228196504010752",
      },
      Object {
        "attachments": Array [],
        "id": "urn:li:share:6900214058503557120",
        "text": "sed Lorem dolore amet magna et adipiscing tempor eiusmod elit, aliqua @ 1645139231184",
        "url": "https://www.linkedin.com/feed/update/urn:li:share:6900214058503557120",
      },
      Object {
        "attachments": Array [],
        "id": "urn:li:share:6900182922087804928",
        "text": "Lorem adipiscing sed tempor elit, dolore eiusmod et magna amet aliqua @ 1645131807687",
        "url": "https://www.linkedin.com/feed/update/urn:li:share:6900182922087804928",
      },
      Object {
        "attachments": Array [],
        "id": "urn:li:share:6900181312875966464",
        "text": "elit, aliqua et Lorem adipiscing dolore tempor amet eiusmod magna sed @ 1645131424004",
        "url": "https://www.linkedin.com/feed/update/urn:li:share:6900181312875966464",
      },
      Object {
        "attachments": Array [],
        "id": "urn:li:share:6900178423369625600",
        "text": "et Lorem dolore elit, eiusmod amet aliqua sed tempor magna adipiscing @ 1645130735124",
        "url": "https://www.linkedin.com/feed/update/urn:li:share:6900178423369625600",
      },
    ],
  },
}
`;
