// Jest Snapshot v1, https://goo.gl/fbAQLP

exports[`social-media/posts/twitter GetProfilePosts when getting latest posts should succeed 1`] = `
Ok {
  "value": Object {
    "nextPage": "7140dibdnow9c7btw3z3q3h3prhxkvpxouunsp2orvk8h",
    "posts": Array [
      Object {
        "attachments": Array [],
        "createdAt": "2022-01-28T15:22:07.000Z",
        "id": "1487083573849083910",
        "text": "twitter-demo test",
        "url": "https://twitter.com/i/status/1487083573849083910",
      },
      Object {
        "attachments": Array [],
        "createdAt": "2022-01-25T19:06:15.000Z",
        "id": "1486052815202131971",
        "text": "{\\"temperature\\":3,\\"feelsLike\\":1,\\"description\\":\\"Overcast\\"} at 1643137574475",
        "url": "https://twitter.com/i/status/1486052815202131971",
      },
      Object {
        "attachments": Array [],
        "createdAt": "2022-01-25T19:04:57.000Z",
        "id": "1486052489170456576",
        "text": "{\\"temperature\\":3,\\"feelsLike\\":1,\\"description\\":\\"Overcast\\"} at 1643137497147",
        "url": "https://twitter.com/i/status/1486052489170456576",
      },
      Object {
        "attachments": Array [],
        "createdAt": "2022-01-25T19:04:23.000Z",
        "id": "1486052344349569034",
        "text": "{\\"temperature\\":3,\\"feelsLike\\":1,\\"description\\":\\"Overcast\\"} at 1643137462532",
        "url": "https://twitter.com/i/status/1486052344349569034",
      },
      Object {
        "attachments": Array [],
        "createdAt": "2022-01-25T19:04:02.000Z",
        "id": "1486052259280601092",
        "text": "{\\"temperature\\":3,\\"feelsLike\\":1,\\"description\\":\\"Overcast\\"} at 1643137442317",
        "url": "https://twitter.com/i/status/1486052259280601092",
      },
      Object {
        "attachments": Array [],
        "createdAt": "2022-01-25T19:03:13.000Z",
        "id": "1486052051440316419",
        "text": "{\\"temperature\\":3,\\"feelsLike\\":1,\\"description\\":\\"Overcast\\"} at 1643137392652",
        "url": "https://twitter.com/i/status/1486052051440316419",
      },
      Object {
        "attachments": Array [],
        "createdAt": "2022-01-25T19:01:51.000Z",
        "id": "1486051710250455045",
        "text": "{\\"temperature\\":3,\\"feelsLike\\":1,\\"description\\":\\"Overcast\\"} at 1643137311375",
        "url": "https://twitter.com/i/status/1486051710250455045",
      },
      Object {
        "attachments": Array [],
        "createdAt": "2022-01-25T19:00:33.000Z",
        "id": "1486051381173751811",
        "text": "{\\"temperature\\":3,\\"feelsLike\\":1,\\"description\\":\\"Overcast\\"}",
        "url": "https://twitter.com/i/status/1486051381173751811",
      },
      Object {
        "attachments": Array [],
        "createdAt": "2022-01-25T14:28:07.000Z",
        "id": "1485982822271799298",
        "text": "{\\"temperature\\":2,\\"feelsLike\\":0,\\"description\\":\\"Overcast\\"} at 1643120887272",
        "url": "https://twitter.com/i/status/1485982822271799298",
      },
      Object {
        "attachments": Array [],
        "createdAt": "2022-01-25T14:21:19.000Z",
        "id": "1485981111662620675",
        "text": "{\\"temperature\\":2,\\"feelsLike\\":0,\\"description\\":\\"Overcast\\"} at 1643120479570",
        "url": "https://twitter.com/i/status/1485981111662620675",
      },
      Object {
        "attachments": Array [],
        "createdAt": "2022-01-25T14:17:38.000Z",
        "id": "1485980183651831811",
        "text": "{\\"temperature\\":2,\\"feelsLike\\":0,\\"description\\":\\"Overcast\\"} at 1643120258276",
        "url": "https://twitter.com/i/status/1485980183651831811",
      },
      Object {
        "attachments": Array [],
        "createdAt": "2022-01-25T14:17:00.000Z",
        "id": "1485980022133428235",
        "text": "{\\"temperature\\":2,\\"feelsLike\\":0,\\"description\\":\\"Overcast\\"} at 1643120219800",
        "url": "https://twitter.com/i/status/1485980022133428235",
      },
      Object {
        "attachments": Array [],
        "createdAt": "2022-01-25T14:16:41.000Z",
        "id": "1485979942269636610",
        "text": "{\\"temperature\\":2,\\"feelsLike\\":0,\\"description\\":\\"Overcast\\"} at 1643120200722",
        "url": "https://twitter.com/i/status/1485979942269636610",
      },
      Object {
        "attachments": Array [],
        "createdAt": "2022-01-25T14:01:14.000Z",
        "id": "1485976055580172298",
        "text": "{\\"temperature\\":2,\\"feelsLike\\":0,\\"description\\":\\"Overcast\\"}",
        "url": "https://twitter.com/i/status/1485976055580172298",
      },
      Object {
        "attachments": Array [],
        "createdAt": "2022-01-20T08:30:46.000Z",
        "id": "1484080952548732930",
        "text": "Test from Superface Station 7.",
        "url": "https://twitter.com/i/status/1484080952548732930",
      },
      Object {
        "attachments": Array [],
        "createdAt": "2022-01-19T16:32:13.000Z",
        "id": "1483839727061061633",
        "text": "Test from Superface Station.",
        "url": "https://twitter.com/i/status/1483839727061061633",
      },
      Object {
        "attachments": Array [
          Object {
            "altText": undefined,
            "duration": undefined,
            "height": 600,
            "preview": undefined,
            "type": "photo",
            "url": "https://pbs.twimg.com/media/FJYLg_9XMAAIxY9.jpg",
            "width": 800,
          },
        ],
        "createdAt": "2022-01-18T10:29:33.000Z",
        "id": "1483386067801841665",
        "text": "Goro https://t.co/zEt0X4CiSG",
        "url": "https://twitter.com/i/status/1483386067801841665",
      },
      Object {
        "attachments": Array [],
        "createdAt": "2022-01-03T14:06:32.000Z",
        "id": "1478004858582188037",
        "text": "Test tweeting using Twitter v2 API",
        "url": "https://twitter.com/i/status/1478004858582188037",
      },
      Object {
        "attachments": Array [],
        "createdAt": "2021-12-29T14:17:24.000Z",
        "id": "1476195653927718917",
        "text": "test 10",
        "url": "https://twitter.com/i/status/1476195653927718917",
      },
      Object {
        "attachments": Array [],
        "createdAt": "2021-12-29T14:15:58.000Z",
        "id": "1476195291019812869",
        "text": "asdfasdfasdfasdfafd",
        "url": "https://twitter.com/i/status/1476195291019812869",
      },
      Object {
        "attachments": Array [],
        "createdAt": "2021-12-29T14:07:04.000Z",
        "id": "1476193050451980292",
        "text": "adsfasdf",
        "url": "https://twitter.com/i/status/1476193050451980292",
      },
      Object {
        "attachments": Array [],
        "createdAt": "2021-12-29T13:51:57.000Z",
        "id": "1476189245412941829",
        "text": "testing twitter posts using API",
        "url": "https://twitter.com/i/status/1476189245412941829",
      },
      Object {
        "attachments": Array [],
        "createdAt": "2021-12-29T12:58:54.000Z",
        "id": "1476175897959055361",
        "text": "testing Twitter API",
        "url": "https://twitter.com/i/status/1476175897959055361",
      },
      Object {
        "attachments": Array [],
        "createdAt": "2021-12-29T10:39:32.000Z",
        "id": "1476140824001929216",
        "text": "test3",
        "url": "https://twitter.com/i/status/1476140824001929216",
      },
      Object {
        "attachments": Array [],
        "createdAt": "2021-12-29T10:36:39.000Z",
        "id": "1476140097229799431",
        "text": "test2",
        "url": "https://twitter.com/i/status/1476140097229799431",
      },
    ],
    "previousPage": undefined,
  },
}
`;
