// Jest Snapshot v1, https://goo.gl/fbAQLP

exports[`booking/list-activities/mock ListActivities should perform successfully 1`] = `
Ok {
  "value": Object {
    "activities": Array [
      Object {
        "customFields": Array [],
        "description": "Take a flight to outer space and experience the beauty of the moon from a different perspective.",
        "id": "ACT-1",
        "images": Array [
          Object {
            "caption": "A flight to the moon.",
            "thumbnailUrl": "https://example.com/moon-thumb.jpg",
            "url": "https://example.com/moon.jpg",
          },
        ],
        "name": "Fly to the moon!",
        "shortDescription": "Experience the beauty of the moon from a different perspective.",
        "tags": Array [
          "SPACE",
          "TRAVEL",
        ],
        "videos": Array [
          Object {
            "caption": "A video of a flight to the moon.",
            "thumbnailUrl": "https://example.com/moon-vid-thumb.jpg",
            "url": "https://example.com/moon-vid.mp4",
          },
        ],
      },
      Object {
        "customFields": Array [
          Object {
            "key": "DURATION_HR",
            "value": 3.5,
          },
          Object {
            "key": "PREREQUISITES",
            "value": "Participants must be over 18 years old.",
          },
        ],
        "description": "Experience the best of local wineries and sample five of the finest wines from the region.",
        "id": "ACT-2",
        "images": Array [
          Object {
            "caption": "A wine tasting experience at a local winery.",
            "thumbnailUrl": "https://example.com/wine-tasting-thumb.jpg",
            "url": "https://example.com/wine-tasting.jpg",
          },
        ],
        "name": "Wine Tasting",
        "shortDescription": "Sample five of the finest wines from the region.",
        "tags": Array [
          "WINE",
          "FOOD",
        ],
        "videos": Array [
          Object {
            "caption": "A video of a wine tasting experience at a local winery.",
            "thumbnailUrl": "https://example.com/wine-tasting-vid-thumb.jpg",
            "url": "https://example.com/wine-tasting-vid.mp4",
          },
        ],
      },
      Object {
        "customFields": Array [
          Object {
            "key": "DURATION_HR",
            "value": 6,
          },
        ],
        "description": "Learn to surf with an experienced instructor, who will show you the basics of this popular beach sport.",
        "id": "ACT-3",
        "images": Array [
          Object {
            "caption": "A surfing lesson on the beach.",
            "thumbnailUrl": "https://example.com/surfing-lesson-thumb.jpg",
            "url": "https://example.com/surfing-lesson.jpg",
          },
        ],
        "name": "Surfing Lesson",
        "shortDescription": "Learn to surf with an experienced instructor.",
        "tags": Array [
          "SPORT",
          "SURFING",
          "BEACH",
        ],
        "videos": Array [
          Object {
            "caption": "A video of a surfing lesson on the beach.",
            "thumbnailUrl": "https://example.com/surfing-lesson-vid-thumb.jpg",
            "url": "https://example.com/surfing-lesson-vid.mp4",
          },
        ],
      },
    ],
    "total": 3,
  },
}
`;
