// Jest Snapshot v1, https://goo.gl/fbAQLP

exports[`recruitment/list-candidates/greenhouse ListCandidates when searching for candidates with invalid job ID returns not found error 1`] = `
Err {
  "error": "MappedHTTPError: Expected HTTP error
Properties: {
  \\"title\\": \\"Unauthenticated\\",
  \\"detail\\": \\"Invalid Basic Auth credentials\\",
  \\"code\\": \\"Unauthenticated\\"
}
AST Path: definitions[0].statements[0].responseHandlers[2].statements[0]
Original Map Location: Line 46, column 7",
}
`;

exports[`recruitment/list-candidates/greenhouse ListCandidates when searching for candidates with valid job ID returns list of candidates 1`] = `
Ok {
  "value": Object {},
}
`;
