// Jest Snapshot v1, https://goo.gl/fbAQLP

exports[`recruitment/list-candidates/mock ListCandidates should perform successfully 1`] = `
Ok {
  "value": Object {
    "candidates": Array [
      Object {
        "email": "john.doe@acme.com",
        "id": "CANDIDATE_ID",
        "jobId": "JOB_ID",
        "name": "John Doe",
      },
    ],
  },
}
`;
