// Jest Snapshot v1, https://goo.gl/fbAQLP

exports[`conversion/doc-to-text/mock DocToText should perform successfully 1`] = `
Ok {
  "value": Object {
    "text": "The Big Bang event is a physical theory that describes how the universe expanded from an initial state of high density and temperature. Various cosmological models of the Big Bang explain the evolution of the observable universe from the earliest known periods through its subsequent large-scale form.",
  },
}
`;
