// Jest Snapshot v1, https://goo.gl/fbAQLP

exports[`payments/read-plans/get/paypal GetPlan when plan exists gets a plan 1`] = `
Object {
  "currency": "USD",
  "interval": "month",
  "name": "Temporary Plan",
  "price": 1234,
  "productId": "PROD-0U4400627U810321A",
  "state": "active",
}
`;

exports[`payments/read-plans/list/paypal ListPlans when all inputs are correct lists all plans 1`] = `
Object {
  "plans": Array [
    Object {
      "description": undefined,
      "name": "SF Product Plan2 Test",
      "planId": "P-93A89720EH2805823MMCOEXA",
      "status": "active",
    },
    Object {
      "description": undefined,
      "name": "A Man, A Plan, A Canal, Panama",
      "planId": "P-4LL47537WS368873CMNL5RIQ",
      "status": "active",
    },
    Object {
      "description": undefined,
      "name": "Temporary Plan",
      "planId": "P-81C807936W806461MMNL5WPI",
      "status": "active",
    },
    Object {
      "description": undefined,
      "name": "Temporary Plan",
      "planId": "P-33181233MX9434727MNL527Q",
      "status": "active",
    },
    Object {
      "description": undefined,
      "name": "A Man, A Plan, A Canal, Panama",
      "planId": "P-4T2021393V162640UMNL542Q",
      "status": "active",
    },
    Object {
      "description": undefined,
      "name": "Temporary Plan",
      "planId": "P-8BP83749DX1276913MNL543Y",
      "status": "active",
    },
    Object {
      "description": undefined,
      "name": "Temporary Plan",
      "planId": "P-0D711587F53555351MNL544Q",
      "status": "active",
    },
    Object {
      "description": undefined,
      "name": "Temporary Plan",
      "planId": "P-3LT7030409116243HMNL55ZQ",
      "status": "active",
    },
    Object {
      "description": undefined,
      "name": "Temporary Plan",
      "planId": "P-0JM51553F7564313SMNL56EA",
      "status": "active",
    },
    Object {
      "description": undefined,
      "name": "Temporary Plan",
      "planId": "P-8TA67877MA7018457MNL56EI",
      "status": "active",
    },
    Object {
      "description": undefined,
      "name": "A Man, A Plan, A Canal, Panama",
      "planId": "P-99E41931B87104605MNL56EQ",
      "status": "active",
    },
    Object {
      "description": undefined,
      "name": "Temporary Plan",
      "planId": "P-5ED3030358439130WMNL6CRQ",
      "status": "active",
    },
    Object {
      "description": undefined,
      "name": "Temporary Plan",
      "planId": "P-67Y4163325526170EMNL6CRY",
      "status": "active",
    },
    Object {
      "description": undefined,
      "name": "A Man, A Plan, A Canal, Panama",
      "planId": "P-8M694275K7543472SMNL6CSI",
      "status": "active",
    },
    Object {
      "description": undefined,
      "name": "Temporary Plan",
      "planId": "P-2D0557947V164005SMNL6HPY",
      "status": "active",
    },
    Object {
      "description": undefined,
      "name": "Temporary Plan",
      "planId": "P-8S414530HT499480VMNL6HPY",
      "status": "active",
    },
    Object {
      "description": undefined,
      "name": "A Man, A Plan, A Canal, Panama",
      "planId": "P-34S70248MC3979602MNL6HQQ",
      "status": "active",
    },
    Object {
      "description": undefined,
      "name": "Temporary Plan",
      "planId": "P-4LK19992FL856871WMNL7LKI",
      "status": "active",
    },
    Object {
      "description": undefined,
      "name": "Temporary Plan",
      "planId": "P-36A75980F4799882GMNL7LKI",
      "status": "active",
    },
    Object {
      "description": undefined,
      "name": "A Man, A Plan, A Canal, Panama",
      "planId": "P-6L81368524599082PMNL7LKY",
      "status": "active",
    },
  ],
}
`;
