// Jest Snapshot v1, https://goo.gl/fbAQLP

exports[`payments/read-plans/get/stripe GetPlan when plan exists gets a plan 1`] = `
Object {
  "currency": "usd",
  "interval": "month",
  "name": "Temporary Plan",
  "price": 1234,
  "productId": "prod_MlQCjJGAn3YlHG",
  "state": "active",
}
`;

exports[`payments/read-plans/list/stripe ListPlans when all inputs are correct lists all plans 1`] = `
Object {
  "plans": Array [
    Object {
      "id": "price_1M1tMYGkdIyBfLnZrcwilgrE",
      "name": "Temporary Plan",
      "status": "active",
    },
    Object {
      "id": "price_1M1s9jGkdIyBfLnZdE3ZK84x",
      "name": "Temporary Plan",
      "status": "active",
    },
    Object {
      "id": "price_1M1s87GkdIyBfLnZne8cYsII",
      "name": "Temporary Plan",
      "status": "active",
    },
    Object {
      "id": "price_1LwolSGkdIyBfLnZa7oVLREs",
      "name": "Temporary Plan",
      "status": "active",
    },
    Object {
      "id": "price_1LwodsGkdIyBfLnZNEUWeLSH",
      "name": "A Man, A Plan, A Canal, Panama",
      "status": "active",
    },
    Object {
      "id": "price_1LwodsGkdIyBfLnZGkLZOTNt",
      "name": "Temporary Plan",
      "status": "active",
    },
    Object {
      "id": "price_1LwodsGkdIyBfLnZa65knyJy",
      "name": "Temporary Plan",
      "status": "active",
    },
    Object {
      "id": "price_1LwodKGkdIyBfLnZ12NX05vs",
      "name": "A Man, A Plan, A Canal, Panama",
      "status": "active",
    },
    Object {
      "id": "price_1LwodJGkdIyBfLnZLEliA6wN",
      "name": "Temporary Plan",
      "status": "active",
    },
    Object {
      "id": "price_1LwodJGkdIyBfLnZqwMV2nK2",
      "name": "Temporary Plan",
      "status": "active",
    },
    Object {
      "id": "price_1LwoczGkdIyBfLnZ67aLtcI6",
      "name": "Temporary Plan",
      "status": "active",
    },
    Object {
      "id": "price_1LwoczGkdIyBfLnZuxilSKsl",
      "name": "A Man, A Plan, A Canal, Panama",
      "status": "active",
    },
    Object {
      "id": "price_1LwoczGkdIyBfLnZqgdIYIVM",
      "name": "Temporary Plan",
      "status": "active",
    },
    Object {
      "id": "price_1LwoLvGkdIyBfLnZvCH1Lz6M",
      "name": "A Man, A Plan, A Canal, Panama",
      "status": "active",
    },
    Object {
      "id": "price_1LwoLtGkdIyBfLnZ1ZcaYPIK",
      "name": "Temporary Plan",
      "status": "active",
    },
    Object {
      "id": "price_1LwoLtGkdIyBfLnZdVMTQnwd",
      "name": "Temporary Plan",
      "status": "active",
    },
    Object {
      "id": "price_1LwoK6GkdIyBfLnZ6fhhNKn9",
      "name": "A Man, A Plan, A Canal, Panama",
      "status": "active",
    },
    Object {
      "id": "price_1LwoK5GkdIyBfLnZ6vtWLAI5",
      "name": "Temporary Plan",
      "status": "active",
    },
    Object {
      "id": "price_1LwoK5GkdIyBfLnZAqh9Bys1",
      "name": "Temporary Plan",
      "status": "active",
    },
    Object {
      "id": "price_1Lwn89GkdIyBfLnZP5DRcDMI",
      "name": "A Man, A Plan, A Canal, Panama",
      "status": "active",
    },
    Object {
      "id": "price_1Lwn87GkdIyBfLnZLSpB5cRs",
      "name": "Temporary Plan",
      "status": "active",
    },
    Object {
      "id": "price_1Lwn87GkdIyBfLnZpU6J0kbf",
      "name": "Temporary Plan",
      "status": "active",
    },
    Object {
      "id": "price_1LwmxxGkdIyBfLnZS5y2duzL",
      "name": "A Man, A Plan, A Canal, Panama",
      "status": "active",
    },
    Object {
      "id": "price_1LwmxuGkdIyBfLnZcX4g4ULA",
      "name": "Temporary Plan",
      "status": "active",
    },
    Object {
      "id": "price_1LwmxuGkdIyBfLnZ0GRfu5xc",
      "name": "Temporary Plan",
      "status": "active",
    },
    Object {
      "id": "price_1LwmxcGkdIyBfLnZKvQuplsF",
      "name": "Temporary Plan",
      "status": "active",
    },
    Object {
      "id": "price_1LwmwmGkdIyBfLnZajkoCvev",
      "name": "SF Product Plan2 Test",
      "status": "active",
    },
    Object {
      "id": "price_1LwmwdGkdIyBfLnZNPq6t75y",
      "name": "SF Product Plan2 Test",
      "status": "active",
    },
    Object {
      "id": "price_1LwmvtGkdIyBfLnZ8BZw1QIF",
      "name": "Temporary Plan",
      "status": "active",
    },
    Object {
      "id": "price_1LwmrsGkdIyBfLnZlvOqADeo",
      "name": "Temporary Plan",
      "status": "active",
    },
    Object {
      "id": "price_1LwmrEGkdIyBfLnZl6ePt3nA",
      "name": "Temporary Plan",
      "status": "active",
    },
    Object {
      "id": "price_1LwmooGkdIyBfLnZLFCA1O4v",
      "name": "A Man, A Plan, A Canal, Panama",
      "status": "active",
    },
    Object {
      "id": "price_1LwmomGkdIyBfLnZ15kjcWUH",
      "name": "Temporary Plan",
      "status": "active",
    },
    Object {
      "id": "price_1LwmomGkdIyBfLnZEnjuxAKD",
      "name": "Temporary Plan",
      "status": "active",
    },
    Object {
      "id": "price_1LwmmEGkdIyBfLnZ3lScdkTt",
      "name": "Temporary Plan",
      "status": "active",
    },
    Object {
      "id": "price_1Lwmm9GkdIyBfLnZLAehCfAz",
      "name": "Temporary Plan",
      "status": "active",
    },
    Object {
      "id": "price_1Lwmm6GkdIyBfLnZQytQapK9",
      "name": "A Man, A Plan, A Canal, Panama",
      "status": "active",
    },
    Object {
      "id": "price_1LwmiIGkdIyBfLnZzKO88ZYe",
      "name": "Temporary Plan",
      "status": "active",
    },
    Object {
      "id": "price_1LwmYzGkdIyBfLnZqBSHV74e",
      "name": "Temporary Plan",
      "status": "active",
    },
    Object {
      "id": "price_1LwmOEGkdIyBfLnZhzPCfeyp",
      "name": "A Man, A Plan, A Canal, Panama",
      "status": "active",
    },
  ],
}
`;
