// Jest Snapshot v1, https://goo.gl/fbAQLP

exports[`atlassian/accessible-resources ListAccessibleResources the usecase without any parameters should list all resources 1`] = `
Ok {
  "value": Object {
    "resources": Array [
      Object {
        "avatarUrl": "https://site-admin-avatar-cdn.prod.public.atl-paas.net/avatars/240/rocket.png",
        "id": "",
        "name": "sfc-sandbox",
        "scopes": Array [
          "manage:jira-project",
          "read:jira-work",
          "write:jira-work",
        ],
        "url": "https://sfc-sandbox.atlassian.net",
      },
    ],
  },
}
`;
