// Jest Snapshot v1, https://goo.gl/fbAQLP

exports[`chat/workspaces/discord GetWorkspaces performs correctly 1`] = `
Ok {
  "value": Object {
    "rateLimit": Object {
      "bucket": "2a0617accf8bb8625c43e2ffeb5b8d5b",
      "remainingRequests": 0,
      "resetAfter": 1,
      "resetTimestamp": 1645700687000,
      "totalRequests": 1,
    },
    "workspaces": Array [
      Object {
        "createdAt": 1643221182610,
        "id": "935962220104396881",
        "name": "test server",
      },
    ],
  },
}
`;
