// Jest Snapshot v1, https://goo.gl/fbAQLP

exports[`social-media/publish-post/facebook PublishPost when publishing text post should succeed 1`] = `
Ok {
  "value": Object {
    "postId": "110658944785122_125682506616099",
    "url": "https://www.facebook.com/110658944785122/posts/125682506616099/",
  },
}
`;
