// Jest Snapshot v1, https://goo.gl/fbAQLP

exports[`social-media/publish-post/facebook PublishPost when publishing text post should return succeed 1`] = `
Ok {
  "value": Object {
    "link": "https://www.facebook.com/110658944785122/posts/125530746631275/",
    "pageAccessToken": "EAAJFZBzSHZCsEBANz2eyynx1UDVjoWeDPsVho1PEcRqEGsxI3qGAowpmjL3Mj2j7cBpuqgih2VYNQzoS7ZBESAUBSTfg7tuZAvGsKrHZBgIKiAMYsOjs0jJWRqa6WmnepHwrxW5fDRkWrVFJZAHJjS0YZAIKCz1blgpGgeZB6QnIxYSaaZAiVgV8cJIxtfDBjUy0ZD",
    "postId": "110658944785122_125530746631275",
  },
}
`;
