// Jest Snapshot v1, https://goo.gl/fbAQLP

exports[`social-media/publish-post/instagram PublishPost when publishing post including image should succeed 1`] = `
Ok {
  "value": Object {
    "postId": "17926273042864587",
  },
}
`;

exports[`social-media/publish-post/instagram PublishPost when publishing text message should succeed 1`] = `
Err {
  "error": "MappedError: Expected error
Properties: {
  \\"title\\": \\"Image url required\\",
  \\"detail\\": \\"Parameter imageUrl is required by Instagram provider\\"
}
AST Path: definitions[0].statements[4]
Original Map Location: Line 12, column 3",
}
`;
