// Jest Snapshot v1, https://goo.gl/fbAQLP

exports[`oauth2/refresh-token/twitter GetAccessTokenFromRefreshToken with all parameters in input issues an access token 1`] = `
Object {
  "accessToken": Any<String>,
  "expiresIn": 7200,
  "scopes": Array [
    "tweet.write",
    "users.read",
    "tweet.read",
    "offline.access",
  ],
  "tokenType": "bearer",
}
`;

exports[`oauth2/refresh-token/twitter GetAccessTokenFromRefreshToken with integration parameters issues an access token 1`] = `
Object {
  "accessToken": Any<String>,
  "expiresIn": 7200,
  "scopes": Array [
    "tweet.write",
    "users.read",
    "tweet.read",
    "offline.access",
  ],
  "tokenType": "bearer",
}
`;
