// Jest Snapshot v1, https://goo.gl/fbAQLP

exports[`payments/list-plans/mock ListPlans when all inputs are correct creates a product 1`] = `
Object {
  "plans": Array [
    Object {
      "currency": "USD",
      "id": "PLAN-89101829211",
      "interval": "month",
      "name": "Monthly subscription to Superface milk delivery",
      "price": 25,
    },
    Object {
      "currency": "USD",
      "id": "PLAN-89101829212",
      "interval": "day",
      "name": "Daily subscription to Superface pizza delivery",
      "price": 5,
    },
  ],
}
`;
