// Jest Snapshot v1, https://goo.gl/fbAQLP

exports[`social-media/followers/twitter GetFollowers when access token is valid should return followers 1`] = `
Ok {
  "value": Object {
    "followers": Array [
      Object {
        "id": "429238130",
        "imageUrl": "https://pbs.twimg.com/profile_images/1350456957010907142/xE3iiHiq_normal.jpg",
        "username": "jan_halama",
      },
    ],
    "nextPage": undefined,
    "previousPage": undefined,
    "rateLimit": Object {
      "bucket": "Follows lookup",
      "remainingRequests": 13,
      "remainingRequestsPercentage": 86.66666666666667,
      "resetTimestamp": 1645013436,
      "totalRequests": 15,
    },
  },
}
`;
