// Jest Snapshot v1, https://goo.gl/fbAQLP

exports[`chat/get-destinations/slack GetDestinations performs correctly 1`] = `
Ok {
  "value": Object {
    "destinations": Array [
      Object {
        "createdAt": 1546167104,
        "id": "CF34EJ4HF",
        "name": "business-plan",
        "numOfMembers": 2,
      },
      Object {
        "createdAt": 1546167104,
        "description": "Non-work banter and water cooler conversation - A place for non-work-related flimflam, faffing, hodge-podge or jibber-jabber you'd prefer to keep out of more focused work-related channels.",
        "id": "CF3H7S63W",
        "name": "random",
        "numOfMembers": 2,
      },
      Object {
        "createdAt": 1546167104,
        "description": "Company-wide announcements and work-based matters - This channel is for workspace-wide communication and announcements. All members are in this channel.",
        "id": "CF54KQPGE",
        "name": "general",
        "numOfMembers": 2,
      },
      Object {
        "createdAt": 1643216468,
        "description": "description",
        "id": "C02VA4LKUKZ",
        "name": "product",
        "numOfMembers": 1,
      },
    ],
  },
}
`;
