// Jest Snapshot v1, https://goo.gl/fbAQLP

exports[`navigation/nearby-poi/google-apis find nearby pois it should find astronomy cafe 1`] = `
Object {
  "value": Array [
    Object {
      "categories": Array [
        "CAFE",
      ],
      "coordinates": Object {
        "latitude": 51.47674399999999,
        "longitude": -0.0005606,
      },
      "name": "Astronomy Cafe",
    },
    Object {
      "categories": Array [
        "CAFE",
      ],
      "coordinates": Object {
        "latitude": 51.4766838,
        "longitude": -0.0007296,
      },
      "name": "Gagarin Terrace",
    },
    Object {
      "categories": Array [
        "CAFE",
      ],
      "coordinates": Object {
        "latitude": 51.4767028,
        "longitude": 0.0006828000000000001,
      },
      "name": "The Pavilion Cafe",
    },
  ],
}
`;
