// Jest Snapshot v1, https://goo.gl/fbAQLP

exports[`vcs/pull-requests/github PullRequests should perform successfully 1`] = `
Ok {
  "value": Object {
    "pullRequests": Array [
      Object {
        "id": 612855984,
        "sha": "32619b6858a5cd548cf84faed0f2c85d58e46652",
        "title": "Fix/review fixes",
        "url": "https://api.github.com/repos/DXHeroes/Pipeliner/pulls/42",
      },
      Object {
        "id": 571652327,
        "sha": "3c4c8d3720fcd513d4cc39e3326efda9b8c10330",
        "title": "feat: add dx heroes logo",
        "url": "https://api.github.com/repos/DXHeroes/Pipeliner/pulls/41",
      },
      Object {
        "id": 554962898,
        "sha": "680284476af590c932419515e0b7a0d7965d3043",
        "title": "Feat/svg icons",
        "url": "https://api.github.com/repos/DXHeroes/Pipeliner/pulls/40",
      },
      Object {
        "id": 553323748,
        "sha": "0dd5bdff3ddfe9fb88620fc3f1adb4157583fad6",
        "title": "feat: small ui improvements",
        "url": "https://api.github.com/repos/DXHeroes/Pipeliner/pulls/39",
      },
      Object {
        "id": 546435139,
        "sha": "d45780fb85c220251d29b74bf54e03df776a6061",
        "title": "Fix/widget alignment",
        "url": "https://api.github.com/repos/DXHeroes/Pipeliner/pulls/38",
      },
      Object {
        "id": 546413202,
        "sha": "118568957a7864c87499cc6d9d70751f1ad5e552",
        "title": "feat: new readme images",
        "url": "https://api.github.com/repos/DXHeroes/Pipeliner/pulls/37",
      },
      Object {
        "id": 545954664,
        "sha": "17a5ced4d4e66748f1e3115c09245f868c1ddd41",
        "title": "Feat/pipeline status",
        "url": "https://api.github.com/repos/DXHeroes/Pipeliner/pulls/36",
      },
      Object {
        "id": 545953183,
        "sha": "0998d7dbac3123cabfd1112bd3dea733f8d314e6",
        "title": "Feat/error handling",
        "url": "https://api.github.com/repos/DXHeroes/Pipeliner/pulls/35",
      },
      Object {
        "id": 543993717,
        "sha": "27697dccff9ed32c74b58e31cdd13c06c73b54fb",
        "title": "feat: add icon and colors",
        "url": "https://api.github.com/repos/DXHeroes/Pipeliner/pulls/34",
      },
      Object {
        "id": 543954022,
        "sha": "d24e868b9b9b3e1ab0e43ae705b7279b8a0fe394",
        "title": "Feat/dx colors",
        "url": "https://api.github.com/repos/DXHeroes/Pipeliner/pulls/33",
      },
      Object {
        "id": 541898046,
        "sha": "aed004860ac34c70504cd0a63004f8e20838c0d7",
        "title": "feat: add simple app icon",
        "url": "https://api.github.com/repos/DXHeroes/Pipeliner/pulls/32",
      },
      Object {
        "id": 529785846,
        "sha": "194217280559ce00803e5496adc192c0d7771f83",
        "title": "fix #27 added PipelineStatus messages for app and widget",
        "url": "https://api.github.com/repos/DXHeroes/Pipeliner/pulls/31",
      },
      Object {
        "id": 513729278,
        "sha": "c9e62ef4600daa206b612215ad33f862e42f890f",
        "title": "Add error handling for API errors",
        "url": "https://api.github.com/repos/DXHeroes/Pipeliner/pulls/26",
      },
      Object {
        "id": 513214342,
        "sha": "486aa0a2cf6907601b1357280c77d3d2934aa5c2",
        "title": "Fixed decoding and rendering of status for GitHub configurations",
        "url": "https://api.github.com/repos/DXHeroes/Pipeliner/pulls/25",
      },
      Object {
        "id": 511529172,
        "sha": "7cb848b103189732ac6548bab2b951afd09d4ce2",
        "title": "Allow to save GitHub configurations",
        "url": "https://api.github.com/repos/DXHeroes/Pipeliner/pulls/24",
      },
      Object {
        "id": 509594437,
        "sha": "af7407cad72f8db291232cf5cb71cdd82978b5d0",
        "title": "Light and Dark Mode UI handling",
        "url": "https://api.github.com/repos/DXHeroes/Pipeliner/pulls/23",
      },
      Object {
        "id": 509246244,
        "sha": "00976f773b178528de72aafcda695f1727f9d908",
        "title": "Added extra setup information to CONTRIBUTING.md",
        "url": "https://api.github.com/repos/DXHeroes/Pipeliner/pulls/22",
      },
      Object {
        "id": 509223300,
        "sha": "ca868a375302aa85180484ec7f59c3aa7b1bcf47",
        "title": "renamed Base Url Text and added help tooltip for context",
        "url": "https://api.github.com/repos/DXHeroes/Pipeliner/pulls/21",
      },
      Object {
        "id": 504579543,
        "sha": "ae355b1a0b22a98adb613237077101bf8555c8d5",
        "title": "Add GitHub configuration UI ",
        "url": "https://api.github.com/repos/DXHeroes/Pipeliner/pulls/20",
      },
      Object {
        "id": 501276451,
        "sha": "9f5841a18e46fd1b57936b16527cc41c26a7c773",
        "title": "Add support for GitHub service",
        "url": "https://api.github.com/repos/DXHeroes/Pipeliner/pulls/19",
      },
      Object {
        "id": 490268500,
        "sha": "17accebb27f3c383865e5b990a52e6eb182788c0",
        "title": "test: mergify2",
        "url": "https://api.github.com/repos/DXHeroes/Pipeliner/pulls/18",
      },
      Object {
        "id": 490261642,
        "sha": "946c3be33be5096bb98fbb559b274f6995faf23c",
        "title": "test: mergify",
        "url": "https://api.github.com/repos/DXHeroes/Pipeliner/pulls/17",
      },
    ],
    "statusCode": 200,
  },
}
`;

exports[`vcs/pull-requests/github should handle error 1`] = `
Err {
  "error": "MappedError: Expected error
Properites: {
  \\"message\\": \\"Not Found\\",
  \\"description\\": \\"https://docs.github.com/rest/reference/pulls#list-pull-requests\\",
  \\"statusCode\\": 404
}
AST Path: definitions[0].statements[2].statements[0]
Original Map Location: Line 15, column 5",
}
`;
