// Jest Snapshot v1, https://goo.gl/fbAQLP

exports[`recruitment/jobs/breezy-hr ListJobs when searching for draft jobs performs correctly 1`] = `
Ok {
  "value": Object {
    "jobs": Array [],
    "rateLimit": Object {
      "bucket": "breezy-hr",
      "remainingRequests": 98,
      "remainingRequestsPercentage": 98,
      "resetTimestamp": 1670400276,
      "totalRequests": 100,
    },
  },
}
`;

exports[`recruitment/jobs/breezy-hr ListJobs when searching for published jobs performs correctly 1`] = `
Ok {
  "value": Object {
    "jobs": Array [
      Object {
        "benefits": Array [],
        "departmentName": "Makers",
        "description": "<h2>About the Software Engineer position</h2>
<p>We are looking for a Software Engineer who will assist us with design, development and installation of software solutions. Your duties will include development, writing code, and documenting functionality.</p>
<p>You should be able to build high-quality, innovative and fully performing software in compliance with coding standards and technical design.</p>
<p>&nbsp;</p>
<h2>Software Engineer responsibilities are:</h2>
<ul>
	<li>
	<p>Organize full lifecycle software development</p>
	</li>
	<li>
	<p>Prepare specifications and determine operational feasibility</p>
	</li>
	<li>
	<p>Write well designed, testable, efficient code</p>
	</li>
	<li>
	<p>Prepare software verification plans and quality assurance procedures</p>
	</li>
	<li>
	<p>Organize documenting and maintenance of software functionality</p>
	</li>
	<li>
	<p>Integrate software components into a fully functional software system</p>
	</li>
	<li>
	<p>Evaluate and deploy software tools, processes and metrics</p>
	</li>
	<li>
	<p>Provide support and consulting on software systems usage</p>
	</li>
	<li>
	<p>Ensure compliance with project plans and industry standards</p>
	</li>
</ul>
<p>&nbsp;</p>
<h2>Software Engineer requirements are:</h2>
<ul>
	<li>
	<p>2+ years' experience of working on a Computer Software Engineer or Software Developer (http://link...) position</p>
	</li>
	<li>
	<p>Significant experience in developing web applications using at least one popular web framework, such as JSF, Wicket, GWT or Spring MVC</p>
	</li>
	<li>
	<p>Excellent knowledge of Relational Databases, SQL and ORM technologies (JPA2, Hibernate)</p>
	</li>
	<li>
	<p>Good experience in designing interactive applications and with test-driven development</p>
	</li>
	<li>
	<p>Good knowledge to develop software in C, C++, C#, Java or other selected languages</p>
	</li>
	<li>
	<p>Experience in documenting requirements and specifications</p>
	</li>
	<li>
	<p>Close familiarity with software engineering tools, software development methodology and release processes</p>
	</li>
	<li>
	<p>BS degree in Computer Science or Engineering</p>
	</li>
</ul>",
        "id": "83667ee523c901",
        "name": "Software engineer",
        "requirements": Array [],
      },
      Object {
        "benefits": Array [],
        "departmentName": null,
        "description": "<h2>About the Accountant&nbsp;position</h2>
<p>We are looking for a skilled Accountant to be responsible for the preparation, computing, managing, researching and analyzing of company's accounting data. We expect you to provide detailed information on company's performance, liquidity, solvency, and cash flows as well as analyze its financial position and make conclusions about it.</p>
<h2>Accountant responsibilities are:</h2>
<ul>
	<li>
	<p>Perform all accounting operations and ensure their compatibility with accounting principles and regulations</p>
	</li>
	<li>
	<p>Calculate taxes and create tax returns, balance sheet, profit/loss statements and similar documentation</p>
	</li>
	<li>
	<p>Create budget and financial forecasts</p>
	</li>
	<li>
	<p>Prepare timely and accurate financial statements</p>
	</li>
	<li>
	<p>Perform month-end and year-end close processes</p>
	</li>
	<li>
	<p>Perform audits of company's financial transactions and prepare documentation for accounting control procedures</p>
	</li>
	<li>
	<p>Retrieve, analyze and manage company's account information</p>
	</li>
	<li>
	<p>Prepare periodic reports for company's executives and top managers</p>
	</li>
	<li>
	<p>Keep corporate information confidential and develop safety measures such as random database backups</p>
	</li>
	<li>
	<p>Monitor all updates to financial policies, regulation, and legislation</p>
	</li>
</ul>
<h2>Accountant requirements are:</h2>
<ul>
	<li>
	<p>3+ years' experience of working on a Cost Accountant or other relevant position</p>
	</li>
	<li>
	<p>Profound knowledge of accounting, financial and business principles and procedures</p>
	</li>
	<li>
	<p>Excellent knowledge of accounting software</p>
	</li>
	<li>
	<p>Strong computation skills with close attention to detail</p>
	</li>
	<li>
	<p>Productivity and confidentiality</p>
	</li>
	<li>Advanced degree in Accounting; CPA or CMA certification would be a bonus</li>
</ul>",
        "id": "6a621a768bc101",
        "name": "Accountant",
        "requirements": Array [],
      },
    ],
    "rateLimit": Object {
      "bucket": "breezy-hr",
      "remainingRequests": 99,
      "remainingRequestsPercentage": 99,
      "resetTimestamp": 1670400276,
      "totalRequests": 100,
    },
  },
}
`;
