// Jest Snapshot v1, https://goo.gl/fbAQLP

exports[`recruitment/list-companies/breezy-hr ListCompanies performs correctly 1`] = `
Ok {
  "value": Object {
    "companies": Array [
      Object {
        "createdAt": "2022-12-07T13:43:08.399Z",
        "id": "1b625b6996cd01",
        "memberCount": 0,
        "name": "Superface demo",
        "updatedAt": "2022-12-08T09:41:48.076Z",
      },
    ],
    "rateLimit": Object {
      "bucket": "breezy-hr",
      "remainingRequests": 99,
      "remainingRequestsPercentage": 99,
      "resetTimestamp": 1671547780,
      "totalRequests": 100,
    },
  },
}
`;
