// Jest Snapshot v1, https://goo.gl/fbAQLP

exports[`recruitment/get-cv/workable GetCV when geting CV with invalid candidate ID INVALID_CANDIDATE_ID returns candidate not found error 1`] = `
Err {
  "error": "JessieError: Error in Jessie script
TypeError: Cannot read properties of undefined (reading 'fileUrl')
AST Path: definitions[0].statements[2].value.fields[0].value
Original Map Location: Line 23, column 10",
}
`;

exports[`recruitment/get-cv/workable GetCV when geting CV with valid candidate ID returns CV document 1`] = `
Ok {
  "value": Object {
    "cv": Object {
      "documentUrl": "https://workablehr.s3.amazonaws.com/uploads/587179/2887832/224945280/download/cv-sample.pdf?X-Amz-Expires=60000&X-Amz-Date=20230109T094538Z&X-Amz-Algorithm=AWS4-HMAC-SHA256&X-Amz-Credential=AKIAIR2MIE33PRKXR4CA%2F20230109%2Fus-east-1%2Fs3%2Faws4_request&X-Amz-SignedHeaders=host&X-Amz-Signature=50f85c7c719a758570f4b13d3c2eb18c3bf7177d2c3a10ddae55725d7d03a94b",
    },
    "rateLimit": Object {
      "bucket": "workable",
      "remainingRequests": 8,
      "remainingRequestsPercentage": 80,
      "resetTimestamp": 1673257548,
      "totalRequests": 10,
    },
  },
}
`;

exports[`recruitment/get-cv/workable GetCV when specified subdomain does not exist returns error 1`] = `
Err {
  "error": "MappedError: Expected error
Properties: {
  \\"title\\": \\"Wrong Integration Parameter\\",
  \\"detail\\": \\"Subdomain  invalid-subdomain do not exist.\\",
  \\"code\\": \\"WrongIntegrationParameter\\",
  \\"rateLimit\\": {
    \\"bucket\\": \\"workable\\"
  }
}
AST Path: definitions[0].statements[0].statements[0]
Original Map Location: Line 9, column 5",
}
`;
