// Jest Snapshot v1, https://goo.gl/fbAQLP

exports[`social-media/publishing-profiles/facebook GetProfilesForPublishing when access token is valid should return profiles 1`] = `
Ok {
  "value": Object {
    "profiles": Array [
      Object {
        "id": "110658944785122",
        "imageUrl": "https://scontent-prg1-1.xx.fbcdn.net/v/t39.30808-1/263679317_110659048118445_8251344428401368545_n.png?stp=cp0_dst-png_p50x50&_nc_cat=103&ccb=1-7&_nc_sid=dbb9e7&_nc_ohc=_-fx6g1PlTkAX-4XQju&_nc_ht=scontent-prg1-1.xx&edm=AGaHXAAEAAAA&oh=00_AT_pIJAq9QG-WM3kBgz4quDWtLV8XNI9MwyyWl-ZoGj3ZA&oe=632FAF20",
        "name": "Sf-test",
        "username": "sftest7904",
      },
    ],
  },
}
`;
