// Jest Snapshot v1, https://goo.gl/fbAQLP

exports[`social-media/publishing-profiles/linkedin GetProfilesForPublishing when access token is valid should return profiles 1`] = `
Ok {
  "value": Object {
    "profiles": Array [
      Object {
        "id": "urn:li:organization:80893183",
        "imageUrl": null,
        "name": "sf-test",
        "username": "sf-test-1",
      },
    ],
  },
}
`;
