// Jest Snapshot v1, https://goo.gl/fbAQLP

exports[`social-media/publishing-profiles/mock GetProfilesForPublishing when access token is valid should return profiles 1`] = `
Ok {
  "value": Object {
    "profiles": Array [
      Object {
        "id": "111111111",
        "imageUrl": "https://picsum.photos/200",
        "name": "Foo",
        "username": "foo",
      },
      Object {
        "id": "111111112",
        "imageUrl": "https://picsum.photos/202",
        "name": "BarFoo",
        "username": "bar-foo",
      },
      Object {
        "id": "111111113",
        "imageUrl": "https://picsum.photos/205",
        "name": "Baz",
        "username": "BazZZ",
      },
    ],
  },
}
`;
