// Jest Snapshot v1, https://goo.gl/fbAQLP

exports[`social-media/publishing-profiles/pinterest GetProfilesForPublishing when access token is valid should return profiles 1`] = `
Ok {
  "value": Object {
    "profiles": Array [
      Object {
        "id": "989877261786423005",
        "name": "Infographic",
      },
      Object {
        "id": "989877261786425902",
        "name": "Projects to try",
      },
      Object {
        "id": "989877261786425900",
        "name": "Stuff to buy",
      },
      Object {
        "id": "989877261786425901",
        "name": "Things to wear",
      },
    ],
  },
}
`;
