// Jest Snapshot v1, https://goo.gl/fbAQLP

exports[`social-media/publishing-profiles/twitter GetProfilesForPublishing when access token is valid should return profiles 1`] = `
Ok {
  "value": Object {
    "profiles": Array [
      Object {
        "id": "1466796521412771840",
        "imageUrl": "https://pbs.twimg.com/profile_images/1478302204306067462/5BEbrnPO_normal.jpg",
        "name": "SF Tester",
        "username": "superface_test",
      },
    ],
  },
}
`;
