// Jest Snapshot v1, https://goo.gl/fbAQLP

exports[`payments/read-products/mock ListProducts when all inputs are correct creates a product 1`] = `
Array [
  Object {
    "description": "Milk that gives you super-powers, delivered to your door.",
    "id": "PROD-123908",
    "name": "Superface milk",
    "type": "physical",
  },
  Object {
    "description": "Gives you the most up-to-date info on milk prices.",
    "id": "PROD-123909",
    "name": "Superface milk price monitor",
    "type": "service",
  },
  Object {
    "description": "Our theme song in MP3 and FLAC format. (Features laser sharks)",
    "id": "PROD-123910",
    "name": "Superface theme song",
    "type": "digital",
  },
]
`;
