// Jest Snapshot v1, https://goo.gl/fbAQLP

exports[`payments/read-products/stripe ListProducts when all inputs are correct creates a product 1`] = `
Array [
  Object {
    "description": "Milk that gives you super-powers, delivered to your door.",
    "name": "Superface milk",
    "productId": "prod_Mm42YPzovYT2ug",
    "status": undefined,
  },
  Object {
    "description": "New description",
    "name": "New name",
    "productId": "prod_Mm42AniF9zOYKP",
    "status": undefined,
  },
  Object {
    "description": "Used just for testing.",
    "name": "Temporary Product",
    "productId": "prod_Mm42AXFG1Af2wt",
    "status": undefined,
  },
  Object {
    "description": "Used just for testing.",
    "name": "Temporary Product",
    "productId": "prod_Mm42IfOWuZk8ay",
    "status": undefined,
  },
  Object {
    "description": "Used just for testing.",
    "name": "Temporary Product",
    "productId": "prod_Mm41gAFGYcehwy",
    "status": undefined,
  },
  Object {
    "description": "Used just for testing.",
    "name": "Temporary Product",
    "productId": "prod_Mm41OTa2H5S1cf",
    "status": undefined,
  },
  Object {
    "description": "Used just for testing.",
    "name": "Temporary Product",
    "productId": "prod_Mm41MgKt6qnr36",
    "status": undefined,
  },
  Object {
    "description": "Used just for testing.",
    "name": "Temporary Product",
    "productId": "prod_Mm41avAHesduON",
    "status": undefined,
  },
  Object {
    "description": "New description",
    "name": "New name",
    "productId": "prod_Mm41hvOqabnRgE",
    "status": undefined,
  },
  Object {
    "description": "Milk that gives you super-powers, delivered to your door.",
    "name": "Superface milk",
    "productId": "prod_Mm41b7iBMViirR",
    "status": undefined,
  },
  Object {
    "description": "Used just for testing.",
    "name": "Temporary Product",
    "productId": "prod_MlQCjJGAn3YlHG",
    "status": undefined,
  },
  Object {
    "description": "Used just for testing.",
    "name": "Temporary Product",
    "productId": "prod_MlPeN14hyU4mHu",
    "status": undefined,
  },
  Object {
    "description": "Used just for testing.",
    "name": "Temporary Product",
    "productId": "prod_MlOx4DcsRf2c9X",
    "status": undefined,
  },
  Object {
    "description": "Used just for testing.",
    "name": "Temporary Product",
    "productId": "prod_MlOv5brh7NgqsT",
    "status": undefined,
  },
  Object {
    "description": "Used just for testing.",
    "name": "Temporary Product",
    "productId": "prod_MgB7KewDxpaqOE",
    "status": undefined,
  },
  Object {
    "description": "Milk that gives you super-powers, delivered to your door.",
    "name": "Superface milk",
    "productId": "prod_MgAzlI2HZqQeJR",
    "status": undefined,
  },
  Object {
    "description": "New description",
    "name": "New name",
    "productId": "prod_MgAzqLkwfbgOGp",
    "status": undefined,
  },
  Object {
    "description": "Used just for testing.",
    "name": "Temporary Product",
    "productId": "prod_MgAzrqcxqlqnk2",
    "status": undefined,
  },
  Object {
    "description": "Used just for testing.",
    "name": "Temporary Product",
    "productId": "prod_MgAzpsa4h7qaP5",
    "status": undefined,
  },
  Object {
    "description": "Used just for testing.",
    "name": "Temporary Product",
    "productId": "prod_MgAzD4Qew5tElu",
    "status": undefined,
  },
  Object {
    "description": "Used just for testing.",
    "name": "Temporary Product",
    "productId": "prod_MgAzTu8BGN5d5E",
    "status": undefined,
  },
  Object {
    "description": "Milk that gives you super-powers, delivered to your door.",
    "name": "Superface milk",
    "productId": "prod_MgAzZFRzjgqvbA",
    "status": undefined,
  },
  Object {
    "description": "New description",
    "name": "New name",
    "productId": "prod_MgAz7sunobgh6Q",
    "status": undefined,
  },
  Object {
    "description": "Used just for testing.",
    "name": "Temporary Product",
    "productId": "prod_MgAzZmLdLYBW3U",
    "status": undefined,
  },
  Object {
    "description": "Used just for testing.",
    "name": "Temporary Product",
    "productId": "prod_MgAz2sQSwWxKx6",
    "status": undefined,
  },
  Object {
    "description": "Used just for testing.",
    "name": "Temporary Product",
    "productId": "prod_MgAz9BZKAQAJ5d",
    "status": undefined,
  },
  Object {
    "description": "Used just for testing.",
    "name": "Temporary Product",
    "productId": "prod_MgAzmjr5U3Ie3k",
    "status": undefined,
  },
  Object {
    "description": "Milk that gives you super-powers, delivered to your door.",
    "name": "Superface milk",
    "productId": "prod_MgAzd70hdNaZ9q",
    "status": undefined,
  },
  Object {
    "description": "New description",
    "name": "New name",
    "productId": "prod_MgAyqRadKHellM",
    "status": undefined,
  },
  Object {
    "description": "Used just for testing.",
    "name": "Temporary Product",
    "productId": "prod_MgAyD3gwVBBwV0",
    "status": undefined,
  },
  Object {
    "description": "Used just for testing.",
    "name": "Temporary Product",
    "productId": "prod_MgAy75r00JSwRS",
    "status": undefined,
  },
  Object {
    "description": "Used just for testing.",
    "name": "Temporary Product",
    "productId": "prod_MgAya7JWczq9ki",
    "status": undefined,
  },
  Object {
    "description": "Used just for testing.",
    "name": "Temporary Product",
    "productId": "prod_MgAyQCVY8NmTaB",
    "status": undefined,
  },
  Object {
    "description": "Used just for testing.",
    "name": "Temporary Product",
    "productId": "prod_MgAh7whO5Zu3Jb",
    "status": undefined,
  },
  Object {
    "description": "Used just for testing.",
    "name": "Temporary Product",
    "productId": "prod_MgAhDIy95GSNOi",
    "status": undefined,
  },
  Object {
    "description": "Used just for testing.",
    "name": "Temporary Product",
    "productId": "prod_MgAhv0C7Pc2Itz",
    "status": undefined,
  },
  Object {
    "description": "Used just for testing.",
    "name": "Temporary Product",
    "productId": "prod_MgAh0fDXOPBfjd",
    "status": undefined,
  },
  Object {
    "description": "New description",
    "name": "New name",
    "productId": "prod_MgAhbsqu3SvdJd",
    "status": undefined,
  },
  Object {
    "description": "Milk that gives you super-powers, delivered to your door.",
    "name": "Superface milk",
    "productId": "prod_MgAhw1IssEQVOV",
    "status": undefined,
  },
  Object {
    "description": "Used just for testing.",
    "name": "Temporary Product",
    "productId": "prod_MgAfVtqGFQqUXD",
    "status": undefined,
  },
  Object {
    "description": "Used just for testing.",
    "name": "Temporary Product",
    "productId": "prod_MgAfodq6b7ZbdB",
    "status": undefined,
  },
  Object {
    "description": "Used just for testing.",
    "name": "Temporary Product",
    "productId": "prod_MgAfmWVdc1zjJq",
    "status": undefined,
  },
  Object {
    "description": "Used just for testing.",
    "name": "Temporary Product",
    "productId": "prod_MgAfvFj3s7mY6T",
    "status": undefined,
  },
  Object {
    "description": "New description",
    "name": "New name",
    "productId": "prod_MgAfxGAJINVrb8",
    "status": undefined,
  },
  Object {
    "description": "Milk that gives you super-powers, delivered to your door.",
    "name": "Superface milk",
    "productId": "prod_MgAf5K2qiO0NuP",
    "status": undefined,
  },
  Object {
    "description": "Used just for testing.",
    "name": "Temporary Product",
    "productId": "prod_Mg9RWjdJPiCRFh",
    "status": undefined,
  },
  Object {
    "description": "Used just for testing.",
    "name": "Temporary Product",
    "productId": "prod_Mg9Qfxz4A7uZ6H",
    "status": undefined,
  },
  Object {
    "description": "Used just for testing.",
    "name": "Temporary Product",
    "productId": "prod_Mg9QwVAXWLCfeL",
    "status": undefined,
  },
  Object {
    "description": "New description",
    "name": "New name",
    "productId": "prod_Mg9Qs24cJzWiuA",
    "status": undefined,
  },
  Object {
    "description": "Used just for testing.",
    "name": "Temporary Product",
    "productId": "prod_Mg9QVUh4ly1Acb",
    "status": undefined,
  },
  Object {
    "description": "Milk that gives you super-powers, delivered to your door.",
    "name": "Superface milk",
    "productId": "prod_Mg9QtlSVEMIjKE",
    "status": undefined,
  },
  Object {
    "description": "Milk that gives you super-powers, delivered to your door.",
    "name": "Superface milk",
    "productId": "prod_Mg9Gq2xbAbOQ0f",
    "status": undefined,
  },
  Object {
    "description": "Used just for testing.",
    "name": "Temporary Product",
    "productId": "prod_Mg9GFbzGFDDIqf",
    "status": undefined,
  },
  Object {
    "description": "New description",
    "name": "New name",
    "productId": "prod_Mg9GwxTZuB92Pr",
    "status": undefined,
  },
  Object {
    "description": "Used just for testing.",
    "name": "Temporary Product",
    "productId": "prod_Mg9GrlyMxSoc0Z",
    "status": undefined,
  },
  Object {
    "description": "Used just for testing.",
    "name": "Temporary Product",
    "productId": "prod_Mg9GHDhK5Q9IFR",
    "status": undefined,
  },
  Object {
    "description": "Used just for testing.",
    "name": "Temporary Product",
    "productId": "prod_Mg9GWtIKWdXJaU",
    "status": undefined,
  },
  Object {
    "description": "Used just for testing.",
    "name": "Temporary Product",
    "productId": "prod_Mg9GLlR43CFE3D",
    "status": undefined,
  },
  Object {
    "description": "SF Product2 Description",
    "name": "SF Product2",
    "productId": "prod_Mg9FXhPFz3k2Hf",
    "status": undefined,
  },
  Object {
    "description": "SF Product2 Description",
    "name": "SF Product2",
    "productId": "prod_Mg9FavIGX3PPSA",
    "status": undefined,
  },
  Object {
    "description": "Used just for testing.",
    "name": "Temporary Product",
    "productId": "prod_Mg9EhFjRgh3s6l",
    "status": undefined,
  },
  Object {
    "description": "Used just for testing.",
    "name": "Temporary Product",
    "productId": "prod_Mg9AYjvGECDT5m",
    "status": undefined,
  },
  Object {
    "description": "Used just for testing.",
    "name": "Temporary Product",
    "productId": "prod_Mg99MqIMvGhYhl",
    "status": undefined,
  },
  Object {
    "description": "Milk that gives you super-powers, delivered to your door.",
    "name": "Superface milk",
    "productId": "prod_Mg97deKE4YgYzA",
    "status": undefined,
  },
  Object {
    "description": "New description",
    "name": "New name",
    "productId": "prod_Mg97YTTwEFvSK1",
    "status": undefined,
  },
  Object {
    "description": "Used just for testing.",
    "name": "Temporary Product",
    "productId": "prod_Mg97ne3XvSO9D7",
    "status": undefined,
  },
  Object {
    "description": "Used just for testing.",
    "name": "Temporary Product",
    "productId": "prod_Mg97aWib5lMVpv",
    "status": undefined,
  },
  Object {
    "description": "Used just for testing.",
    "name": "Temporary Product",
    "productId": "prod_Mg97B52jgnuwv6",
    "status": undefined,
  },
  Object {
    "description": "Used just for testing.",
    "name": "Temporary Product",
    "productId": "prod_Mg97tfiduB5nTc",
    "status": undefined,
  },
  Object {
    "description": "Used just for testing.",
    "name": "Temporary Product",
    "productId": "prod_Mg94yizBBKysfx",
    "status": undefined,
  },
  Object {
    "description": "Used just for testing.",
    "name": "Temporary Product",
    "productId": "prod_Mg947NQ9KRWHI9",
    "status": undefined,
  },
  Object {
    "description": "Used just for testing.",
    "name": "Temporary Product",
    "productId": "prod_Mg94SAUKHGwM7F",
    "status": undefined,
  },
  Object {
    "description": "Milk that gives you super-powers, delivered to your door.",
    "name": "Superface milk",
    "productId": "prod_Mg94OgvQ0ZGPUb",
    "status": undefined,
  },
  Object {
    "description": "New description",
    "name": "New name",
    "productId": "prod_Mg949HgZj41udg",
    "status": undefined,
  },
  Object {
    "description": "Used just for testing.",
    "name": "Temporary Product",
    "productId": "prod_Mg94GwvXJImjsO",
    "status": undefined,
  },
  Object {
    "description": "Used just for testing.",
    "name": "Temporary Product",
    "productId": "prod_Mg90HNQpTKh9oK",
    "status": undefined,
  },
  Object {
    "description": "New description",
    "name": "New name",
    "productId": "prod_Mg8vbAaGNtYQBr",
    "status": undefined,
  },
  Object {
    "description": "Used just for testing.",
    "name": "Temporary Product",
    "productId": "prod_Mg8qn0GZnDbJzs",
    "status": undefined,
  },
  Object {
    "description": "Used just for testing.",
    "name": "Temporary Product",
    "productId": "prod_Mg8fdpswKyoTpw",
    "status": undefined,
  },
  Object {
    "description": "Used just for testing.",
    "name": "Temporary Product",
    "productId": "prod_Mg8eajSt3s2Bw6",
    "status": undefined,
  },
  Object {
    "description": "Milk that gives you super-powers, delivered to your door.",
    "name": "Superface milk",
    "productId": "prod_Mg7A3uuD7ziDEW",
    "status": undefined,
  },
  Object {
    "description": "Milk that gives you super-powers, delivered to your door.",
    "name": "Superface milk",
    "productId": "prod_Mg7AnV9j10ZPFD",
    "status": undefined,
  },
  Object {
    "description": "Milk that gives you super-powers, delivered to your door.",
    "name": "Superface milk",
    "productId": "prod_Mg7Ah9Wqss4RuB",
    "status": undefined,
  },
  Object {
    "description": "Milk that gives you super-powers, delivered to your door.",
    "name": "Superface milk",
    "productId": "prod_Mg73IGdI1x1Hff",
    "status": undefined,
  },
  Object {
    "description": "Milk that gives you super-powers, delivered to your door.",
    "name": "Superface milk",
    "productId": "prod_Mg71YZgzDLQ6Sw",
    "status": undefined,
  },
  Object {
    "description": "world",
    "name": "hello",
    "productId": "prod_MTNV3GvApbWrob",
    "status": undefined,
  },
  Object {
    "description": "hello",
    "name": "test product",
    "productId": "prod_MTNQKWJMpIw1lY",
    "status": undefined,
  },
]
`;
