// Jest Snapshot v1, https://goo.gl/fbAQLP

exports[`language/keyword-extraction/mock ExtractKeywords extracts all keywords from the phrase 1`] = `
Ok {
  "value": Array [
    Object {
      "importance": 0.999628,
      "keyword": "Artificial Intelligence",
    },
    Object {
      "importance": 0.664127,
      "keyword": "everyday developer life",
    },
    Object {
      "importance": 0.632349,
      "keyword": "way",
    },
    Object {
      "importance": 0.29227,
      "keyword": "use of AI",
    },
    Object {
      "importance": 0.160556,
      "keyword": "API lifecycle",
    },
  ],
}
`;

exports[`language/keyword-extraction/mock ExtractKeywords extracts all keywords from the phrase with language specified 1`] = `
Ok {
  "value": Array [
    Object {
      "importance": 0.999628,
      "keyword": "Artificial Intelligence",
    },
    Object {
      "importance": 0.664127,
      "keyword": "everyday developer life",
    },
    Object {
      "importance": 0.632349,
      "keyword": "way",
    },
    Object {
      "importance": 0.29227,
      "keyword": "use of AI",
    },
    Object {
      "importance": 0.160556,
      "keyword": "API lifecycle",
    },
  ],
}
`;

exports[`language/keyword-extraction/mock ExtractKeywords fails for unsupported language 1`] = `
Ok {
  "value": Array [
    Object {
      "importance": 0.999628,
      "keyword": "Artificial Intelligence",
    },
    Object {
      "importance": 0.664127,
      "keyword": "everyday developer life",
    },
    Object {
      "importance": 0.632349,
      "keyword": "way",
    },
    Object {
      "importance": 0.29227,
      "keyword": "use of AI",
    },
    Object {
      "importance": 0.160556,
      "keyword": "API lifecycle",
    },
  ],
}
`;
