// Jest Snapshot v1, https://goo.gl/fbAQLP

exports[`chat/send-message/slack SendMessage when specified destination does exist performs correctly 1`] = `
Object {
  "value": ObjectContaining {
    "destination": "CF3H7S63W",
    "messageId": Any<String>,
  },
}
`;

exports[`chat/send-message/slack SendMessage when specified destination does not exist returns error 1`] = `
Object {
  "error": ObjectContaining {
    "kind": StringMatching /HTTPError/,
    "message": StringMatching /Expected HTTP error/,
    "properties": ObjectContaining {
      "title": "channel_not_found",
    },
    "statusCode": Any<Number>,
  },
}
`;
