// Jest Snapshot v1, https://goo.gl/fbAQLP

exports[`payments/list-products/paypal ListProducts when all inputs are correct creates a product 1`] = `
Array [
  Object {
    "description": "SF Product two",
    "id": "PROD-1U433787M3252922X",
    "name": "SF Product2",
    "status": undefined,
  },
  Object {
    "description": "world",
    "id": "PROD-8DM23189YL378663H",
    "name": "hello",
    "status": undefined,
  },
  Object {
    "description": "Video streaming service",
    "id": "PROD-1T134143511924124",
    "name": "Video Streaming Service",
    "status": undefined,
  },
  Object {
    "description": "Milk that gives you super-powers, delivered to your door.",
    "id": "PROD-6WG8777253511480A",
    "name": "Superface milk",
    "status": undefined,
  },
  Object {
    "description": "Used just for testing.",
    "id": "PROD-5X053993TJ498405D",
    "name": "Temporary Product",
    "status": undefined,
  },
  Object {
    "description": "Used just for testing.",
    "id": "PROD-5VL08365CC3616328",
    "name": "Temporary Product",
    "status": undefined,
  },
  Object {
    "description": "Used just for testing.",
    "id": "PROD-6NE14487FU7897714",
    "name": "Temporary Product",
    "status": undefined,
  },
  Object {
    "description": "Used just for testing.",
    "id": "PROD-9BE48992CS342864W",
    "name": "Temporary Product",
    "status": undefined,
  },
  Object {
    "description": "Used just for testing.",
    "id": "PROD-9U3777154U664760P",
    "name": "Temporary Product",
    "status": undefined,
  },
  Object {
    "description": "New description",
    "id": "PROD-67W29419989846055",
    "name": "Temporary Product",
    "status": undefined,
  },
  Object {
    "description": "Used just for testing.",
    "id": "PROD-47X5181662865582D",
    "name": "Temporary Product",
    "status": undefined,
  },
  Object {
    "description": "New description",
    "id": "PROD-6R797014GS716452J",
    "name": "Temporary Product",
    "status": undefined,
  },
  Object {
    "description": "Used just for testing.",
    "id": "PROD-6BV33420EK9165114",
    "name": "Temporary Product",
    "status": undefined,
  },
  Object {
    "description": "Milk that gives you super-powers, delivered to your door.",
    "id": "PROD-6RJ66240647800200",
    "name": "Superface milk",
    "status": undefined,
  },
  Object {
    "description": "Used just for testing.",
    "id": "PROD-2ST80464MH106311P",
    "name": "Temporary Product",
    "status": undefined,
  },
  Object {
    "description": "Used just for testing.",
    "id": "PROD-2WL112323N858521C",
    "name": "Temporary Product",
    "status": undefined,
  },
  Object {
    "description": "Used just for testing.",
    "id": "PROD-4SW87415NY212423X",
    "name": "Temporary Product",
    "status": undefined,
  },
  Object {
    "description": "Used just for testing.",
    "id": "PROD-5T709944LJ5335402",
    "name": "Temporary Product",
    "status": undefined,
  },
  Object {
    "description": "Used just for testing.",
    "id": "PROD-1VE16271B06617812",
    "name": "Temporary Product",
    "status": undefined,
  },
  Object {
    "description": "Used just for testing.",
    "id": "PROD-62B78482MS089461U",
    "name": "Temporary Product",
    "status": undefined,
  },
  Object {
    "description": "New description",
    "id": "PROD-7HP96127JS4030649",
    "name": "Temporary Product",
    "status": undefined,
  },
  Object {
    "description": "Milk that gives you super-powers, delivered to your door.",
    "id": "PROD-2W495135JU750004C",
    "name": "Superface milk",
    "status": undefined,
  },
  Object {
    "description": "Used just for testing.",
    "id": "PROD-2L5944383S5236820",
    "name": "Temporary Product",
    "status": undefined,
  },
  Object {
    "description": "New description",
    "id": "PROD-217556834F861711K",
    "name": "Temporary Product",
    "status": undefined,
  },
  Object {
    "description": "Used just for testing.",
    "id": "PROD-586099103N288312M",
    "name": "Temporary Product",
    "status": undefined,
  },
  Object {
    "description": "Used just for testing.",
    "id": "PROD-72T555202T0990609",
    "name": "Temporary Product",
    "status": undefined,
  },
  Object {
    "description": "Milk that gives you super-powers, delivered to your door.",
    "id": "PROD-3RB25826D3746134V",
    "name": "Superface milk",
    "status": undefined,
  },
  Object {
    "description": "Used just for testing.",
    "id": "PROD-89C354068M501935A",
    "name": "Temporary Product",
    "status": undefined,
  },
  Object {
    "description": "Used just for testing.",
    "id": "PROD-8DS820350J6881812",
    "name": "Temporary Product",
    "status": undefined,
  },
  Object {
    "description": "New description",
    "id": "PROD-57E99841PJ299894N",
    "name": "Temporary Product",
    "status": undefined,
  },
  Object {
    "description": "Milk that gives you super-powers, delivered to your door.",
    "id": "PROD-9NV35616AJ9952026",
    "name": "Superface milk",
    "status": undefined,
  },
  Object {
    "description": "Used just for testing.",
    "id": "PROD-86J303586T3258318",
    "name": "Temporary Product",
    "status": undefined,
  },
  Object {
    "description": "Used just for testing.",
    "id": "PROD-52S22196S5181125S",
    "name": "Temporary Product",
    "status": undefined,
  },
  Object {
    "description": "Used just for testing.",
    "id": "PROD-1XE04803UV352370E",
    "name": "Temporary Product",
    "status": undefined,
  },
  Object {
    "description": "New description",
    "id": "PROD-61K399165T150841M",
    "name": "Temporary Product",
    "status": undefined,
  },
  Object {
    "description": "Used just for testing.",
    "id": "PROD-3NJ18691D9332493A",
    "name": "Temporary Product",
    "status": undefined,
  },
  Object {
    "description": "Milk that gives you super-powers, delivered to your door.",
    "id": "PROD-18S64572VY114602G",
    "name": "Superface milk",
    "status": undefined,
  },
  Object {
    "description": "New description",
    "id": "PROD-6B70192545223932H",
    "name": "Temporary Product",
    "status": undefined,
  },
  Object {
    "description": "Used just for testing.",
    "id": "PROD-8V753463BL018145N",
    "name": "Temporary Product",
    "status": undefined,
  },
  Object {
    "description": "Used just for testing.",
    "id": "PROD-6EP2542803387274E",
    "name": "Temporary Product",
    "status": undefined,
  },
  Object {
    "description": "Used just for testing.",
    "id": "PROD-47W57682WF5402423",
    "name": "Temporary Product",
    "status": undefined,
  },
  Object {
    "description": "Milk that gives you super-powers, delivered to your door.",
    "id": "PROD-9TP726689D297762R",
    "name": "Superface milk",
    "status": undefined,
  },
  Object {
    "description": "Used just for testing.",
    "id": "PROD-4YK872187W153230K",
    "name": "Temporary Product",
    "status": undefined,
  },
  Object {
    "description": "Used just for testing.",
    "id": "PROD-65K416710D2975729",
    "name": "Temporary Product",
    "status": undefined,
  },
  Object {
    "description": "New description",
    "id": "PROD-5VD90411DT0495040",
    "name": "Temporary Product",
    "status": undefined,
  },
  Object {
    "description": "Used just for testing.",
    "id": "PROD-5Y207490GT6155455",
    "name": "Temporary Product",
    "status": undefined,
  },
  Object {
    "description": "Milk that gives you super-powers, delivered to your door.",
    "id": "PROD-1D473030380049310",
    "name": "Superface milk",
    "status": undefined,
  },
  Object {
    "description": "Used just for testing.",
    "id": "PROD-1FX95060NL665304T",
    "name": "Temporary Product",
    "status": undefined,
  },
  Object {
    "description": "New description",
    "id": "PROD-3UW001048K387690B",
    "name": "Temporary Product",
    "status": undefined,
  },
  Object {
    "description": "Used just for testing.",
    "id": "PROD-4C729564WV090760K",
    "name": "Temporary Product",
    "status": undefined,
  },
  Object {
    "description": "Used just for testing.",
    "id": "PROD-0MF723977K461593L",
    "name": "Temporary Product",
    "status": undefined,
  },
  Object {
    "description": "Milk that gives you super-powers, delivered to your door.",
    "id": "PROD-9YK4052952184870D",
    "name": "Superface milk",
    "status": undefined,
  },
  Object {
    "description": "Used just for testing.",
    "id": "PROD-45D68200MH2592127",
    "name": "Temporary Product",
    "status": undefined,
  },
  Object {
    "description": "Used just for testing.",
    "id": "PROD-5YC83051G4956621R",
    "name": "Temporary Product",
    "status": undefined,
  },
]
`;
