// Jest Snapshot v1, https://goo.gl/fbAQLP

exports[`delivery-tracking/shipment-info/dhl ShipmentInfo when all inputs are correct should return shipment info as result 1`] = `
Ok {
  "value": Array [
    Object {
      "carrier": "parcel-de",
      "destination": Object {
        "address": Object {
          "countryCode": "DE",
        },
      },
      "estimatedDeliveryDate": null,
      "events": Array [
        Object {
          "location": undefined,
          "statusCode": "pre_transit",
          "statusText": "The instruction data for this shipment have been provided by the sender to DHL electronically",
          "timestamp": "2021-07-06T19:35:00",
        },
      ],
      "origin": Object {
        "address": Object {
          "countryCode": "DE",
        },
      },
      "status": Object {
        "location": undefined,
        "statusCode": "pre_transit",
        "statusText": "The instruction data for this shipment have been provided by the sender to DHL electronically",
        "timestamp": "2021-07-06T19:35:00",
      },
      "trackingNumber": "00340434292135100148",
    },
  ],
}
`;

exports[`delivery-tracking/shipment-info/dhl ShipmentInfo when inputs are invalid should throw exception 1`] = `
Err {
  "error": "MappedError: Expected error
Properties: {
  \\"title\\": \\"No shipment with given tracking number found\\"
}
AST Path: definitions[0].statements[0].statements[1]
Original Map Location: Line 12, column 7",
}
`;
