// Jest Snapshot v1, https://goo.gl/fbAQLP

exports[`vcs/single-file-content/github SingleFileContent should map error 1`] = `
Object {
  "error": "HTTPError: Expected HTTP error
AST Path: definitions[0].statements[4].responseHandlers[0].statements[1]
Original Map Location: Line 20, column 7",
}
`;

exports[`vcs/single-file-content/github SingleFileContent should perform successfully 1`] = `
Object {
  "value": Object {
    "content": "IyMgQVNUIGV4cGxvcmVyCgpbIVtKb2luIHRoZSBjaGF0IGF0IGh0dHBzOi8v
Z2l0dGVyLmltL2FzdGV4cGxvcmVyL0xvYmJ5XShodHRwczovL2JhZGdlcy5n
aXR0ZXIuaW0vYXN0ZXhwbG9yZXIvTG9iYnkuc3ZnKV0oaHR0cHM6Ly9naXR0
ZXIuaW0vYXN0ZXhwbG9yZXIvTG9iYnk/dXRtX3NvdXJjZT1iYWRnZSZ1dG1f
bWVkaXVtPWJhZGdlJnV0bV9jYW1wYWlnbj1wci1iYWRnZSZ1dG1fY29udGVu
dD1iYWRnZSkKWyFbQnVpbGQgU3RhdHVzXShodHRwczovL3RyYXZpcy1jaS5v
cmcvZmtsaW5nL2FzdGV4cGxvcmVyLnN2Zz9icmFuY2g9bWFzdGVyKV0oaHR0
cHM6Ly90cmF2aXMtY2kub3JnL2ZrbGluZy9hc3RleHBsb3JlcikKClBhc3Rl
IG9yIGRyb3AgY29kZSBpbnRvIHRoZSBlZGl0b3IgYW5kIGluc3BlY3QgdGhl
IGdlbmVyYXRlZCBBU1Qgb24gaHR0cHM6Ly9hc3RleHBsb3Jlci5uZXQvCgpU
aGUgQVNUIGV4cGxvcmVyIHByb3ZpZGVzIGZvbGxvd2luZyBjb2RlIHBhcnNl
cnM6CgotIENTUzoKICAtIFtjc3NvbV1bXQogIC0gW2Nzc3RyZWVdW10KICAt
IFtwb3N0Y3NzXVtdICsgW3Bvc3Rjc3Mtc2FmZS1wYXJzZXJdW10gJiBbcG9z
dGNzcy1zY3NzXVtdCiAgLSBbcmV3b3JrXVtdCi0gW0dyYXBoUUxdW10KLSBH
cmFwaHZpejoKICAtIFtyZWRvdF1bXQotIEhhbmRsZWJhcnM6CiAgLSBbZ2xp
bW1lcl1bXQogIC0gW2hhbmRsZWJhcnNdW10KICAtIFtlbWJlci10ZW1wbGF0
ZS1yZWNhc3RdW10KLSBIVE1MOgogIC0gW2h0bWxwYXJzZXIyXVtdCiAgLSBb
cGFyc2U1XVtdCiAgLSBbQGFuZ3VsYXIvY29tcGlsZXJdW10KICAtIFtzdmVs
dGVdW10KICAtIFtwb3N0aHRtbF1bXQogIC0gW2h5bnRheF1bXQotIFZ1ZToK
ICAtIFt2dWUtdGVtcGxhdGUtY29tcGlsZXJdW10KICAtIFtAdnVlL2NvbXBp
bGVyLWNvcmVdW10KICAtIFt2dWUtZXNsaW50LXBhcnNlcl1bXQotIFtJQ1Vd
W10KLSBKYXZhCiAgLSBbamF2YS1wYXJzZXJdW10KLSBKYXZhU2NyaXB0Ogog
IC0gW2Fjb3JuXVtdICsgW2Fjb3JuLWpzeF1bXQogIC0gW2JhYmVsLWVzbGlu
dF1bXQogIC0gW2JhYnlsb25dW10KICAtIFtlc3ByZWVdW10KICAtIFtlc2Zv
cm1hdHRlcl1bXQogIC0gW2VzcHJpbWFdW10KICAtIFtmbG93LXBhcnNlcl1b
XQogIC0gW21lcml5YWhdW10KICAtIFtyZWNhc3RdW10KICAtIFtzZWFmb3hd
W10KICAtIFtzaGlmdF1bXQogIC0gW3RyYWNldXJdW10KICAtIFt0eXBlc2Ny
aXB0XVtdCiAgLSBbdHlwZXNjcmlwdC1lc2xpbnQtcGFyc2VyXVtdCiAgLSBb
dWdsaWZ5LWpzXVtdCi0gSlNPTjoKICAtIFtKU09OXVtdCiAgLSBbTW9tb2Fd
W10KLSBMdWE6CiAgLSBbbHVhcGFyc2VdW10KLSBNYXJrZG93bjoKICAtIFty
ZW1hcmtdW10KLSBbTURYXVtdOgogIC0gW21keGhhc3RdW10KLSBQSFAKICAt
IFtwaHAtcGFyc2VyXVtdCi0gW1B1Z11bXQotIFJlZ3VsYXIgRXhwcmVzc2lv
bnM6CiAgLSBbcmVnZXhwLXRyZWVdW10KICAtIFtyZWdleHBwXVtdCiAgLSBb
cmVnanNwYXJzZXJdW10KLSBTY2FsYQogIC0gW1NjYWxhbWV0YV1bXQotIFNv
bGlkaXR5OgogIC0gW3NvbGlkaXR5LXBhcnNlci1hbnRscl1bXQotIFNRTDoK
ICAtIFtzcWxpdGUtcGFyc2VyXVtdCi0gU3VwZXJmYWNlIExhbmd1YWdlOgog
IC0gW3N1cGVyZmFjZS1wYXJzZXJdW10KLSBbV2ViSURMXVtdCi0gWUFNTDoK
ICAtIFt5YW1sXVtdCiAgLSBbeWFtbC1hc3QtcGFyc2VyXVtdCgojIyMgRXhw
ZXJpbWVudGFsIC8gY3VzdG9tIHN5bnRheAoKRGVwZW5kaW5nIG9uIHRoZSBw
YXJzZXIgc2V0dGluZ3MsIGl0IG5vdCBvbmx5IHN1cHBvcnRzIEVTNS9DU1Mz
IGJ1dCBhbHNvCgotIEVTNjogW2Fycm93IGZ1bmN0aW9uc10oaHR0cHM6Ly9n
aXRodWIuY29tL2x1a2Vob2Jhbi9lczZmZWF0dXJlcyNhcnJvd3MpLCBbZGVz
dHJ1Y3R1cmluZ10oaHR0cHM6Ly9naXRodWIuY29tL2x1a2Vob2Jhbi9lczZm
ZWF0dXJlcyNkZXN0cnVjdHVyaW5nKSwKICBbY2xhc3Nlc10oaHR0cHM6Ly9n
aXRodWIuY29tL2x1a2Vob2Jhbi9lczZmZWF0dXJlcyNjbGFzc2VzKSwgLi4u
Ci0gRVM3IHByb3Bvc2FsczogW2FzeW5jL2F3YWl0XShodHRwczovL2dpdGh1
Yi5jb20vbHVrZWhvYmFuL2VjbWFzY3JpcHQtYXN5bmNhd2FpdCksIFtvYmpl
Y3QgcmVzdCAvIHNwcmVhZF0oaHR0cHM6Ly9naXRodWIuY29tL3NlYm1hcmti
YWdlL2VjbWFzY3JpcHQtcmVzdC1zcHJlYWQpLCAuLi4KLSBbSlNYXShodHRw
czovL2ZhY2Vib29rLmdpdGh1Yi5pby9qc3gvKSwga25vd24gdGhyb3VnaCBb
UmVhY3RdKGh0dHBzOi8vZmFjZWJvb2suZ2l0aHViLmlvL3JlYWN0LykuCi0g
VHlwZWQgSmF2YVNjcmlwdCAoW0Zsb3ddKGh0dHA6Ly9mbG93dHlwZS5vcmcv
KSBhbmQgW1R5cGVTY3JpcHRdKGh0dHA6Ly90eXBlc2NyaXB0bGFuZy5vcmcv
KSkKLSBbU0FTU10oaHR0cDovL3Nhc3MtbGFuZy5jb20vKQoKIyMjIFRyYW5z
Zm9ybXMKClNpbmNlIGZ1dHVyZSBzeW50YXggaXMgc3VwcG9ydGVkLCB0aGUg
QVNUIGV4cGxvcmVyIGlzIGEgdXNlZnVsIHRvb2wgZm9yCmRldmVsb3BlcnMg
d2hvIHdhbnQgdG8gY3JlYXRlIEFTVCB0cmFuc2Zvcm1zLiBJbiBmYWN0LCBm
b2xsb3dpbmcgdHJhbnNmb3JtZXJzCmFyZSBpbmNsdWRlZCBzbyB5b3UgY2Fu
IHByb3RvdHlwZSB5b3VyIG93biBwbHVnaW5zOgoKLSBKYXZhU2NyaXB0CiAg
LSBbYmFiZWxdW10gKHY1LCB2NikKICAtIFtFU0xpbnRdW10gKHYxLCB2Miwg
djMpCiAgLSBbanNjb2Rlc2hpZnRdW10KICAtIFt0c2xpbnRdW10KLSBIVE1M
CiAgLSBbcG9zdGh0bWxdW10KLSBDU1MKICAtIFtwb3N0Y3NzXVtdCi0gTURY
CiAgLSBbbWR4XVtdCi0gUmVndWxhciBFeHByZXNzaW9ucwogIC0gW3JlZ2V4
cC10cmVlXVtdCi0gSGFuZGxlYmFycwogIC0gW2dsaW1tZXJdW10KCiMjIyBN
b3JlIEZlYXR1cmVzCgotIFNhdmUgYW5kIGZvcmsgY29kZSBzbmlwcGV0cy4g
Q29weSB0aGUgVVJMIHRvIHNoYXJlIHRoZW0uCi0gQ29weWluZyBhbiBBU1Qg
b3IgZHJvcHBpbmcgYSBmaWxlIGNvbnRhaW5pbmcgYW4gQVNUIGludG8gdGhl
IHdpbmRvdyB3aWxsCiAgcGFyc2UgdGhlIEFTVCBhbmQgdXBkYXRlIHRoZSBj
b2RlIHVzaW5nIFtlc2NvZGVnZW5dW10uCi0gT3RoZXJ3aXNlLCB0aGUgY29u
dGVudCBvZiB0ZXh0IGVkaXRvciB3aWxsIGJlIHJlcGxhY2VkIHdpdGggdGhl
IGNvbnRlbnQgb2YgdGhlCiAgZmlsZSAoaS5lLiB5b3UgY2FuIGRyYWcgYW5k
IGRyb3AgSlMgZmlsZXMpLgotIENob29zZSBiZXR3ZWVuIG11bHRpcGxlIHBh
cnNlcnMgYW5kIGNvbmZpZ3VyZSB0aGVtLgotIHNoaWZ0K2NsaWNrIG9uIGEg
bm9kZSBleHBhbmRzIHRoZSBmdWxsIHN1YnRyZWUuCi0gSG92ZXJpbmcgb3Zl
ciBhIG5vZGUgaGlnaGxpZ2h0cyB0aGUgY29ycmVzcG9uZGluZyB0ZXh0IGlu
IHRoZSBzb3VyY2UgY29kZQotIEVkaXRpbmcgdGhlIHNvdXJjZSBvciBtb3Zp
bmcgdGhlIGN1cnNvciBhcm91bmQgd2lsbCBhdXRvbWF0aWNhbGx5IGhpZ2hs
aWdodAogIHRoZSBjb3JyZXNwb25kaW5nIEFTVCBub2RlIChvciBpdHMgYW5j
ZXN0b3JzIG9mIGl0IGlzbid0IGV4cGFuZGVkKQotIFlvdSBjYW4gdXNlIGAk
bm9kZWAgaW4gdGhlIGNvbnNvbGUgdG8gcmVmZXIgdG8gdGhlIGxhc3Qgb3Bl
bmVkL3RvZ2dsZWQgQVNUCiAgbm9kZS4KClthY29ybi1qc3hdOiBodHRwczov
L2dpdGh1Yi5jb20vUlJldmVyc2VyL2Fjb3JuLWpzeApbYWNvcm5dOiBodHRw
czovL2dpdGh1Yi5jb20vdGVybmpzL2Fjb3JuCltAYW5ndWxhci9jb21waWxl
cl06IGh0dHBzOi8vYW5ndWxhci5pby8KW2JhYmVsLWVzbGludF06IGh0dHBz
Oi8vZ2l0aHViLmNvbS9iYWJlbC9iYWJlbC1lc2xpbnQKW2JhYmVsXTogaHR0
cHM6Ly9iYWJlbGpzLmlvL2RvY3MvYWR2YW5jZWQvcGx1Z2lucy8KW2JhYnls
b25dOiBodHRwczovL2JhYmVsanMuaW8vCltjc3NvbV06IGh0dHBzOi8vZ2l0
aHViLmNvbS9OVi9DU1NPTQpbY3NzdHJlZV06IGh0dHBzOi8vZ2l0aHViLmNv
bS9jc3N0cmVlL2Nzc3RyZWUKW2VtYmVyLXRlbXBsYXRlLXJlY2FzdF06IGh0
dHBzOi8vZ2l0aHViLmNvbS9lbWJlci10ZW1wbGF0ZS1saW50L2VtYmVyLXRl
bXBsYXRlLXJlY2FzdApbZXNjb2RlZ2VuXTogaHR0cHM6Ly9naXRodWIuY29t
L2VzdG9vbHMvZXNjb2RlZ2VuCltlc2xpbnRdOiBodHRwOi8vZXNsaW50Lm9y
Zy8KW2VzcHJlZV06IGh0dHBzOi8vZ2l0aHViLmNvbS9lc2xpbnQvZXNwcmVl
Cltlc3ByaW1hXTogaHR0cHM6Ly9naXRodWIuY29tL2pRdWVyeS9lc3ByaW1h
CltmbG93LXBhcnNlcl06IGh0dHBzOi8vZ2l0aHViLmNvbS9mYWNlYm9vay9m
bG93L3RyZWUvbWFzdGVyL3NyYy9wYXJzZXIKW2dyYXBocWxdOiBodHRwczov
L2ZhY2Vib29rLmdpdGh1Yi5pby9ncmFwaHFsLwpbaHRtbHBhcnNlcjJdOiBo
dHRwczovL2dpdGh1Yi5jb20vZmI1NS9odG1scGFyc2VyMgpbanNjb2Rlc2hp
ZnRdOiBodHRwczovL2dpdGh1Yi5jb20vZmFjZWJvb2svanNjb2Rlc2hpZnQK
W2x1YXBhcnNlXTogaHR0cHM6Ly9veHljLmdpdGh1Yi5pby9sdWFwYXJzZS8K
W21lcml5YWhdOiBodHRwczovL2dpdGh1Yi5jb20vbWVyaXlhaC9tZXJpeWFo
LwpbcGFyc2U1XTogaHR0cHM6Ly9naXRodWIuY29tL2luaWt1bGluL3BhcnNl
NQpbcG9zdGNzcy1zYWZlLXBhcnNlcl06IGh0dHBzOi8vZ2l0aHViLmNvbS9w
b3N0Y3NzL3Bvc3Rjc3Mtc2FmZS1wYXJzZXIKW3Bvc3Rjc3Mtc2Nzc106IGh0
dHBzOi8vZ2l0aHViLmNvbS9wb3N0Y3NzL3Bvc3Rjc3Mtc2NzcwpbcG9zdGNz
c106IGh0dHBzOi8vZ2l0aHViLmNvbS9wb3N0Y3NzL3Bvc3Rjc3MKW3Bvc3Ro
dG1sXTogaHR0cHM6Ly9naXRodWIuY29tL3Bvc3RodG1sL3Bvc3RodG1sClty
ZWNhc3RdOiBodHRwczovL2dpdGh1Yi5jb20vYmVuamFtbi9yZWNhc3QKW3Nl
YWZveF06IGh0dHBzOi8vZ2l0aHViLmNvbS9LRmxhc2gvc2VhZm94CltyZXdv
cmtdOiBodHRwczovL2dpdGh1Yi5jb20vcmV3b3JrY3NzL3Jld29yawpbc2hp
ZnRdOiBodHRwczovL2dpdGh1Yi5jb20vc2hhcGVzZWN1cml0eS9zaGlmdC1w
YXJzZXItanMKW3RyYWNldXJdOiBodHRwczovL2dpdGh1Yi5jb20vZ29vZ2xl
L3RyYWNldXItY29tcGlsZXIKW3R5cGVzY3JpcHRdOiBodHRwczovL2dpdGh1
Yi5jb20vTWljcm9zb2Z0L1R5cGVTY3JpcHQvClt0eXBlc2NyaXB0LWVzbGlu
dC1wYXJzZXJdOiBodHRwczovL2dpdGh1Yi5jb20vZXNsaW50L3R5cGVzY3Jp
cHQtZXNsaW50LXBhcnNlci8KW3RzbGludF06IGh0dHBzOi8vcGFsYW50aXIu
Z2l0aHViLmlvL3RzbGludC8KW3VnbGlmeS1qc106IGh0dHBzOi8vZ2l0aHVi
LmNvbS9taXNob28vVWdsaWZ5SlMyClt3ZWJpZGxdOiBodHRwczovL2dpdGh1
Yi5jb20vZGFyb2Jpbi93ZWJpZGwyLmpzCltyZWRvdF06IGh0dHBzOi8vZ2l0
aHViLmNvbS9yZWRvdGpzL3JlZG90CltyZW1hcmtdOiBodHRwczovL2dpdGh1
Yi5jb20vcmVtYXJranMvcmVtYXJrCltyZWdleHAtdHJlZV06IGh0dHBzOi8v
Z2l0aHViLmNvbS9EbWl0cnlTb3Nobmlrb3YvcmVnZXhwLXRyZWUKW3JlZ2V4
cHBdOiBodHRwczovL2dpdGh1Yi5jb20vbXlzdGljYXRlYS9yZWdleHBwClty
ZWdqc3BhcnNlcl06IGh0dHBzOi8vZ2l0aHViLmNvbS9qdmllcmVjay9yZWdq
c3BhcnNlcgpbcGhwLXBhcnNlcl06IGh0dHBzOi8vZ2l0aHViLmNvbS9nbGF5
enpsZS9waHAtcGFyc2VyCltwdWddOiBodHRwczovL2dpdGh1Yi5jb20vcHVn
anMvcHVnCltnbGltbWVyXTogaHR0cHM6Ly9naXRodWIuY29tL2dsaW1tZXJq
cy9nbGltbWVyLXZtCltoYW5kbGViYXJzXTogaHR0cDovL2hhbmRsZWJhcnNq
cy5jb20vCltpY3VdOiBodHRwczovL2dpdGh1Yi5jb20vZm9ybWF0anMvZm9y
bWF0anMvdHJlZS9tYWluL3BhY2thZ2VzL2ludGwtbWVzc2FnZWZvcm1hdC1w
YXJzZXIKW2pzb25dOiBodHRwczovL2dpdGh1Yi5jb20vdnRydXNoaW4vanNv
bi10by1hc3QKW01vbW9hXTogaHR0cHM6Ly9naXRodWIuY29tL2h1bWFud2hv
Y29kZXMvbW9tb2EKW3NxbGl0ZS1wYXJzZXJdOiBodHRwczovL2dpdGh1Yi5j
b20vY29kZXNjaG9vbC9zcWxpdGUtcGFyc2VyClt5YW1sXTogaHR0cHM6Ly9n
aXRodWIuY29tL2VlbWVsaS95YW1sClt5YW1sLWFzdC1wYXJzZXJdOiBodHRw
czovL2dpdGh1Yi5jb20vbXVsZXNvZnQtbGFicy95YW1sLWFzdC1wYXJzZXIK
W2VzZm9ybWF0dGVyXTogaHR0cHM6Ly9naXRodWIuY29tL21pbGxlcm1lZGVp
cm9zL2VzZm9ybWF0dGVyLXBhcnNlciNyZWFkbWUKW21keF06IGh0dHBzOi8v
bWR4anMuY29tLwpbbWR4aGFzdF06IGh0dHBzOi8vbWR4anMuY29tL2FkdmFu
Y2VkL2FzdCNtZHhoYXN0ClttZHhdOiBodHRwczovL21keGpzLmNvbS9hZHZh
bmNlZC9zeW5jLWFwaQpbc2NhbGFtZXRhXTogaHR0cDovL3NjYWxhbWV0YS5v
cmcvCltzb2xpZGl0eS1wYXJzZXItYW50bHJdOiBodHRwczovL2dpdGh1Yi5j
b20vZmVkZXJpY29ib25kL3NvbGlkaXR5LXBhcnNlci1hbnRscgpbc3VwZXJm
YWNlLXBhcnNlcl06IGh0dHBzOi8vZ2l0aHViLmNvbS9zdXBlcmZhY2VhaS9z
dXBlcmZhY2UtcGFyc2VyClt2dWUtdGVtcGxhdGUtY29tcGlsZXJdOiBodHRw
czovL2dpdGh1Yi5jb20vdnVlanMvdnVlL3RyZWUvZGV2L3BhY2thZ2VzL3Z1
ZS10ZW1wbGF0ZS1jb21waWxlcgpbQHZ1ZS9jb21waWxlci1jb3JlXTogaHR0
cHM6Ly9naXRodWIuY29tL3Z1ZWpzL3Z1ZS1uZXh0L2Jsb2IvbWFzdGVyL3Bh
Y2thZ2VzL2NvbXBpbGVyLWNvcmUvUkVBRE1FLm1kClt2dWUtZXNsaW50LXBh
cnNlcl06IGh0dHBzOi8vZ2l0aHViLmNvbS9teXN0aWNhdGVhL3Z1ZS1lc2xp
bnQtcGFyc2VyCltzdmVsdGVdOiBodHRwczovL2dpdGh1Yi5jb20vc3ZlbHRl
anMvc3ZlbHRlCltoeW50YXhdOiBodHRwczovL2dpdGh1Yi5jb20vbmlrLWdh
cm1hc2gvaHludGF4CltqYXZhLXBhcnNlcl06IGh0dHBzOi8vZ2l0aHViLmNv
bS9qaGlwc3Rlci9wcmV0dGllci1qYXZhL3RyZWUvbWFzdGVyL3BhY2thZ2Vz
L2phdmEtcGFyc2VyCgojIyMgQ29udHJpYnV0aW9ucwoKSSdtIGhhcHB5IGFi
b3V0IGFueSBmZWVkYmFjaywgZmVhdHVyZSByZXF1ZXN0IG9yIFBSIHRvIG1h
a2UgdGhpcyB0b29sIGFzIHVzZWZ1bAphcyBwb3NzaWJsZSEKCi0tLQoKIyMj
IyBIb3cgdG8gYWRkIGEgbmV3IHBhcnNlcgoKMS4gR28gdG8gYHdlYnNpdGUv
YC4KMi4gSW5zdGFsbCB0aGUgbmV3IHBhcnNlciBhcyBkZXBlbmRlbmN5OiBg
eWFybiBhZGQgdGhlUGFyc2VyYCAob3IgYG5wbSBpbnN0YWxsIC1TIHRoZVBh
cnNlcmApCjMuIENvcHkgb25lIG9mIHRoZSBleGlzdGluZyBleGFtcGxlcyBp
biBgc3JjL3BhcnNlcnMve2xhbmd1YWdlfWAuCjQuIEFkanVzdCB0aGUgY29k
ZSBhcyBuZWNlc3Nhcnk6CgotIFVwZGF0ZSBtZXRhZGF0YS4KLSBMb2FkIHRo
ZSByaWdodCBwYXJzZXIgKGBsb2FkUGFyc2VyYCkuCi0gQ2FsbCB0aGUgcmln
aHQgcGFyc2luZyBtZXRob2Qgd2l0aCB0aGUgcmlnaHQvbmVjZXNzYXJ5IG9w
dGlvbnMgaW4gYHBhcnNlYC4KLSBJbXBsZW1lbnQgdGhlIGBub2RlVG9SYW5n
ZWAgbWV0aG9kICh0aGlzIGlzIGZvciBoaWdobGlnaHRpbmcpLgotIEltcGxl
bWVudCB0aGUgYGdldE5vZGVOYW1lYCBtZXRob2QgKHRoaXMgaXMgZm9yIHF1
aWNrIGxvb2sgdGhyb3VnaCB0aGUgdHJlZSkuCi0gSW1wbGVtZW50IGBvcGVu
c0J5RGVmYXVsdGAgbWV0aG9kIGZvciBhdXRvLWV4cGFuc2lvbiBvZiBzcGVj
aWZpYyBwcm9wZXJ0aWVzLgotIERlZmluZSBgX2lnbm9yZWRQcm9wZXJ0aWVz
YCBzZXQgb3IgaW1wbGVtZW50IGBmb3JFYWNoUHJvcGVydHlgIGdlbmVyYXRv
ciBtZXRob2QgZm9yIGZpbHRlcmluZy4KLSBQcm92aWRlIGEgYHJlbmRlclNl
dHRpbmdzYCBtZXRob2QgaWYgYXBwbGljYWJsZS4KCiMjIyMgSG93IHRvIGFk
ZCBhIG5ldyB0cmFuc2Zvcm1lcgoKMC4gR28gdG8gYHdlYnNpdGUvYC4KMS4g
SW5zdGFsbCB0aGUgbmV3IHRyYW5zZm9ybWVyIGFzIGRlcGVuZGVuY3kuCjEu
IENvcHkgb25lIG9mIHRoZSBleGlzdGluZyBleGFtcGxlcyBpbiBgc3JjL3Bh
cnNlcnMve2xhbmd1YWdlfS90cmFuc2Zvcm1lcnNgLgoxLiBBZGp1c3QgdGhl
IGNvZGUgYXMgbmVjZXNzYXJ5OgoKLSBVcGRhdGUgbWV0YWRhdGEgYW5kIGBk
ZWZhdWx0UGFyc2VySURgLgotIExvYWQgdGhlIHJpZ2h0IHRyYW5zZm9ybWVy
IChgbG9hZFRyYW5zZm9ybWVyYCkuCi0gQ2FsbCB0aGUgdHJhbnNmb3JtYXRp
b24gbWV0aG9kIGluIGB0cmFuc2Zvcm1gLgotIENoYW5nZSBzYW1wbGUgdHJh
bnNmb3JtYXRpb24gY29kZSBpbiBgY29kZUV4YW1wbGUudHh0YC4KCiMjIyMg
QnVpbGQgeW91ciBvd24gdmVyc2lvbiBmb3IgZGV2ZWxvcG1lbnQKCjEuIENs
b25lIHRoZSByZXBvc2l0b3J5LgoyLiBHbyB0byBgd2Vic2l0ZS9gLgozLiBJ
bnN0YWxsIGFsbCBkZXBlbmRlbmNpZXMgd2l0aCBgeWFybiBpbnN0YWxsYCAo
eW91IGNhbiBydW4gYG5wbSBpbnN0YWxsYCBhcwogICB3ZWxsKS4KClJ1biBg
eWFybiBydW4gYnVpbGRgIGZvciB0aGUgZmluYWwgbWluaW1pemVkIHZlcnNp
b24uClJ1biBgeWFybiBydW4gd2F0Y2hgIGZvciBpbmNyZW1lbnRhbCBidWls
ZHMuCgpSdW4gYHlhcm4gc3RhcnRgIHRvIHN0YXJ0IGEgc2ltcGxlIHN0YXRp
YyB3ZWJzZXJ2ZXIuCg==
",
    "encoding": "base64",
    "size": 8563,
  },
}
`;
