// Jest Snapshot v1, https://goo.gl/fbAQLP

exports[`speech/recognize/azure-speech-to-text SpeechToTextRecognition when inputs are invalid should throw an exception 1`] = `
Err {
  "error": "HTTPError: Expected HTTP error
Properties: {
  \\"title\\": \\"Bad request\\",
  \\"detail\\": \\"Invalid CID or language\\"
}
AST Path: definitions[0].statements[3].responseHandlers[1].statements[0]
Original Map Location: Line 37, column 7",
}
`;

exports[`speech/recognize/azure-speech-to-text SpeechToTextRecognition when speech encoded in linear pcm wav should convert speech to text 1`] = `
Ok {
  "value": Object {
    "results": Array [
      Object {
        "alternatives": Array [
          Object {
            "transcript": "Hello world.",
          },
        ],
      },
    ],
  },
}
`;
