// Jest Snapshot v1, https://goo.gl/fbAQLP

exports[`crm/lists/addContacts/mock AddContactsToList when all inputs are correct adds all contacts to a list 1`] = `undefined`;

exports[`crm/lists/get-lists/mock GetLists returns all lists 1`] = `
Object {
  "lists": Array [
    Object {
      "length": 42,
      "listId": "foo-bar-1",
      "name": "The first list",
    },
    Object {
      "length": 8,
      "listId": "foo-bar-2",
      "name": "Second list",
    },
  ],
  "nextPage": "opaquenextpagetoken",
}
`;
