// Jest Snapshot v1, https://goo.gl/fbAQLP

exports[`crm/lists/sendgrid GetLists GetLists returns all lists 1`] = `
Object {
  "lists": Array [
    Object {
      "length": 2,
      "listId": "17a9df8c-9003-4c60-8e27-8492aebdacce",
      "name": "test list",
    },
    Object {
      "length": 0,
      "listId": "761dc899-a2d6-40e2-82c6-312a3db2566c",
      "name": "test list two",
    },
  ],
  "nextPage": null,
}
`;
