// Jest Snapshot v1, https://goo.gl/fbAQLP

exports[`vcs/user-repos/bitbucket UserRepos should map error successfully 1`] = `
Err {
  "error": "MappedError: Expected error
Properites: {
  \\"message\\": \\"No workspace with identifier '!!'.\\",
  \\"statusCode\\": 404
}
AST Path: definitions[0].statements[0].statements[0]
Original Map Location: Line 11, column 5",
}
`;

exports[`vcs/user-repos/bitbucket UserRepos should perform successfully 1`] = `
Ok {
  "value": Object {
    "repos": Array [
      Object {
        "description": undefined,
        "name": "testRepository",
      },
    ],
  },
}
`;
