// Jest Snapshot v1, https://goo.gl/fbAQLP

exports[`scope/name/provider_name} UseCase should map error successfully 1`] = `
Object {
  "error": "MappedError: Expected error
Properites: {
  \\"message\\": \\"Not Found\\",
  \\"description\\": \\"https://docs.github.com/rest/reference/repos#list-repositories-for-a-user\\",
  \\"statusCode\\": 404
}
AST Path: definitions[0].statements[0].statements[0]
Original Map Location: Line 11, column 5",
}
`;

exports[`scope/name/provider_name} UseCase should perform successfully 1`] = `
Object {
  "value": Object {
    "repos": Array [
      Object {
        "description": "Client for BcAppServer",
        "name": "BcAppClient",
      },
      Object {
        "description": undefined,
        "name": "BcAppServer",
      },
      Object {
        "description": "Tool for validating Wultra's documentation ",
        "name": "docucheck",
      },
      Object {
        "description": "ICT Node.js project",
        "name": "ICT",
      },
      Object {
        "description": "Test repo for Jenkins",
        "name": "JenkinsTest",
      },
      Object {
        "description": undefined,
        "name": "linterTest",
      },
      Object {
        "description": undefined,
        "name": "MonitorService",
      },
      Object {
        "description": "A standard style for README files",
        "name": "standard-readme",
      },
    ],
  },
}
`;
