// Jest Snapshot v1, https://goo.gl/fbAQLP

exports[`vcs/user-repos/github UserRepos should map error successfully 1`] = `
Err {
  "error": "MappedError: Expected error
Properites: {
  \\"message\\": \\"Not Found\\",
  \\"description\\": \\"https://docs.github.com/rest/reference/repos#list-repositories-for-a-user\\",
  \\"statusCode\\": 404
}
AST Path: definitions[0].statements[0].statements[0]
Original Map Location: Line 11, column 5",
}
`;

exports[`vcs/user-repos/github UserRepos should perform successfully - user with big number of repos 1`] = `
Ok {
  "value": Object {
    "repos": Array [
      Object {
        "description": "CLI IO utilities",
        "name": "cli-ux",
      },
      Object {
        "description": undefined,
        "name": "color",
      },
      Object {
        "description": "oclif base command",
        "name": "command",
      },
      Object {
        "description": "base config object and standard interfaces for oclif components",
        "name": "config",
      },
      Object {
        "description": undefined,
        "name": "core",
      },
      Object {
        "description": undefined,
        "name": "dev-cli",
      },
      Object {
        "description": undefined,
        "name": "dev-commitmsg",
      },
      Object {
        "description": undefined,
        "name": "docker",
      },
      Object {
        "description": undefined,
        "name": "dxcli",
      },
      Object {
        "description": "main dxcli component",
        "name": "engine",
      },
      Object {
        "description": undefined,
        "name": "errors",
      },
      Object {
        "description": undefined,
        "name": "eslint",
      },
      Object {
        "description": "eslint configuration for oclif",
        "name": "eslint-config-oclif",
      },
      Object {
        "description": "eslint config for Typscript'd oclif",
        "name": "eslint-config-oclif-typescript",
      },
      Object {
        "description": "example multi-command CLI built with javascript",
        "name": "example-multi-js",
      },
      Object {
        "description": "example multi-command CLI built with typescript",
        "name": "example-multi-ts",
      },
      Object {
        "description": "example oclif plugin in javascript",
        "name": "example-plugin-js",
      },
      Object {
        "description": "example oclif plugin in typescript",
        "name": "example-plugin-ts",
      },
      Object {
        "description": "example single-command CLI built with oclif",
        "name": "example-single-js",
      },
      Object {
        "description": "example single command CLI built with oclif",
        "name": "example-single-ts",
      },
      Object {
        "description": "extends mocha with helpful, chainable extensions",
        "name": "fancy-test",
      },
      Object {
        "description": undefined,
        "name": "fancy-test-nock",
      },
      Object {
        "description": "A package.json file scrubber for the truly insane.",
        "name": "fixpack",
      },
      Object {
        "description": undefined,
        "name": "generator-dxcli",
      },
      Object {
        "description": undefined,
        "name": "github-update-example-cli",
      },
      Object {
        "description": "An simple example oclif cli",
        "name": "githubcli",
      },
      Object {
        "description": undefined,
        "name": "goclif",
      },
      Object {
        "description": undefined,
        "name": "hello-world",
      },
      Object {
        "description": "A simple example CLI that generates kaomoji (https://en.wikipedia.org/wiki/Kaomoji)",
        "name": "kaomoji",
      },
      Object {
        "description": "loads dxcli plugins",
        "name": "loader",
      },
      Object {
        "description": "base json file wrapper used inside dxcli",
        "name": "manifest-file",
      },
      Object {
        "description": undefined,
        "name": "mvc",
      },
      Object {
        "description": undefined,
        "name": "node-linewrap",
      },
      Object {
        "description": "nyc config for oclif components",
        "name": "nyc-config",
      },
      Object {
        "description": "Node.js Open CLI Framework. Built with 💜 by Heroku.",
        "name": "oclif",
      },
      Object {
        "description": "leif config for the oclif org",
        "name": "oclif-leif",
      },
      Object {
        "description": "docs for oclif",
        "name": "oclif.github.io",
      },
      Object {
        "description": "A better node-open. Opens stuff like websites, files, executables. Cross-platform.",
        "name": "open",
      },
      Object {
        "description": "arg and flag parser for oclif",
        "name": "parser",
      },
      Object {
        "description": "autocomplete plugin for oclif",
        "name": "plugin-autocomplete",
      },
      Object {
        "description": "generates and compares OCLIF plugins snapshot files",
        "name": "plugin-command-snapshot",
      },
      Object {
        "description": undefined,
        "name": "plugin-commands",
      },
      Object {
        "description": undefined,
        "name": "plugin-example",
      },
      Object {
        "description": "standard help for oclif",
        "name": "plugin-help",
      },
      Object {
        "description": undefined,
        "name": "plugin-interceptor",
      },
      Object {
        "description": undefined,
        "name": "plugin-legacy",
      },
      Object {
        "description": "\\"did you mean\\" plugin for oclif",
        "name": "plugin-not-found",
      },
      Object {
        "description": "plugins plugin for oclif",
        "name": "plugin-plugins",
      },
      Object {
        "description": "Spike using SVO syntax",
        "name": "plugin-svo",
      },
      Object {
        "description": "add autoupdate to your oclif CLI",
        "name": "plugin-update",
      },
      Object {
        "description": "a dxcli command that just shows the CLI version",
        "name": "plugin-version",
      },
      Object {
        "description": "warn user if a new CLI version is available",
        "name": "plugin-warn-if-update-available",
      },
      Object {
        "description": undefined,
        "name": "plugin-which",
      },
      Object {
        "description": "repo status badges for oclif projects",
        "name": "repo-status",
      },
      Object {
        "description": "get stdout/stderr columns",
        "name": "screen",
      },
      Object {
        "description": "shared semantic-release config for oclif projects",
        "name": "semantic-release",
      },
      Object {
        "description": undefined,
        "name": "semantic-release-dev",
      },
      Object {
        "description": "test helpers for oclif components",
        "name": "test",
      },
      Object {
        "description": "DEPRECATED: use oclif's eslint plugins",
        "name": "tslint",
      },
      Object {
        "description": "metapackage for dxcli dev dependencies",
        "name": "_dev",
      },
    ],
  },
}
`;

exports[`vcs/user-repos/github UserRepos should perform successfully 1`] = `
Ok {
  "value": Object {
    "repos": Array [
      Object {
        "description": "Client for BcAppServer",
        "name": "BcAppClient",
      },
      Object {
        "description": undefined,
        "name": "BcAppServer",
      },
      Object {
        "description": "Tool for validating Wultra's documentation ",
        "name": "docucheck",
      },
      Object {
        "description": "ICT Node.js project",
        "name": "ICT",
      },
      Object {
        "description": "Test repo for Jenkins",
        "name": "JenkinsTest",
      },
      Object {
        "description": undefined,
        "name": "linterTest",
      },
      Object {
        "description": undefined,
        "name": "MonitorService",
      },
      Object {
        "description": "A standard style for README files",
        "name": "standard-readme",
      },
    ],
  },
}
`;
