// Jest Snapshot v1, https://goo.gl/fbAQLP

exports[`weather/forecast-city/wttr-in GetWeatherForecastInCity when all inputs are correct should return weather object 1`] = `
Ok {
  "value": Array [
    Object {
      "averageTemperature": 3,
      "date": "2021-11-24",
      "maxTemperature": 7,
      "minTemperature": -0,
    },
    Object {
      "averageTemperature": 1,
      "date": "2021-11-25",
      "maxTemperature": 5,
      "minTemperature": -2,
    },
    Object {
      "averageTemperature": 1,
      "date": "2021-11-26",
      "maxTemperature": 2,
      "minTemperature": -1,
    },
  ],
}
`;

exports[`weather/forecast-city/wttr-in GetWeatherForecastInCity when inputs are invalid should throw an exception 1`] = `
Err {
  "error": "MappedError: Expected error
Properties: {
  \\"title\\": \\"Bad request\\",
  \\"detail\\": \\"<html>\\\\r\\\\n<head><title>400 Bad Request</title></head>\\\\r\\\\n<body bgcolor=\\\\\\"white\\\\\\">\\\\r\\\\n<center><h1>400 Bad Request</h1></center>\\\\r\\\\n<hr><center>nginx/1.10.3</center>\\\\r\\\\n</body>\\\\r\\\\n</html>\\\\r\\\\n\\"
}
AST Path: definitions[0].statements[1].statements[0]
Original Map Location: Line 13, column 5",
}
`;
