// Jest Snapshot v1, https://goo.gl/fbAQLP

exports[`communication/send-email/postmark SendEmail when all inputs are correct should return messageId as result 1`] = `
Object {
  "value": Object {
    "messageId": "59333cd4-6f52-47d1-bc40-0ea2e8e478e1",
  },
}
`;

exports[`communication/send-email/postmark SendEmail when inputs are invalid should throw an exception 1`] = `
Object {
  "error": "HTTPError: Expected HTTP error
AST Path: definitions[0].statements[0].responseHandlers[1].statements[0]
Original Map Location: Line 27, column 7",
}
`;
