// Jest Snapshot v1, https://goo.gl/fbAQLP

exports[`chat/threads/discord GetThreads performs correctly 1`] = `
Ok {
  "value": Object {
    "threads": Array [
      Object {
        "archiveAt": 1644405804258,
        "channel": "938614740995960844",
        "createdAt": 1644400832875,
        "id": "938624248006721616",
        "name": "another one",
      },
      Object {
        "archiveAt": 1644486363026,
        "channel": "938614740995960844",
        "createdAt": 1644399963026,
        "id": "940583259262308362",
        "name": "new thread",
      },
    ],
  },
}
`;
