// Jest Snapshot v1, https://goo.gl/fbAQLP

exports[`communication/send-templated-email/mandrillapp SendTemplatedEmail when all inputs are correct should return messageId as result 1`] = `
Ok {
  "value": Object {
    "messageId": "5d1e01cbdb6b4345af4be6759ffc17be",
  },
}
`;

exports[`communication/send-templated-email/mandrillapp SendTemplatedEmail when inputs are invalid should throw error 1`] = `
Err {
  "error": "MappedHTTPError: Expected HTTP error
Properties: {
  \\"title\\": \\"Invalid inputs\\",
  \\"detail\\": \\"Validation error: {\\\\\\"message\\\\\\":{\\\\\\"from_email\\\\\\":\\\\\\"An email address must contain a single @\\\\\\"}}\\"
}
AST Path: definitions[0].statements[0].responseHandlers[1].statements[1]
Original Map Location: Line 43, column 7",
}
`;
