// Jest Snapshot v1, https://goo.gl/fbAQLP

exports[`social-media/profiles/twitter GetProfiles when access token is valid returns a list of profiles 1`] = `
Ok {
  "value": Object {
    "profiles": Array [
      Object {
        "description": "#bitcoin",
        "followersCount": 6212324,
        "followingCount": 4555,
        "id": "12",
        "imageUrl": "https://pbs.twimg.com/profile_images/1115644092329758721/AFjOr-K8_normal.jpg",
        "name": "jack⚡️",
        "postsCount": 28282,
        "profileUrl": "https://twitter.com/jack",
        "username": "jack",
        "website": undefined,
      },
      Object {
        "description": "What's happening?!",
        "followersCount": 61133606,
        "followingCount": 1,
        "id": "783214",
        "imageUrl": "https://pbs.twimg.com/profile_images/1488548719062654976/u6qfBBkF_normal.jpg",
        "name": "Twitter",
        "postsCount": 14995,
        "profileUrl": "https://twitter.com/Twitter",
        "username": "Twitter",
        "website": "https://t.co/DAtOo6uuHk",
      },
      Object {
        "description": "How people build software. 

Need help? Send us a message at https://t.co/YU5nzbpDIg for support.",
        "followersCount": 2236842,
        "followingCount": 332,
        "id": "13334762",
        "imageUrl": "https://pbs.twimg.com/profile_images/1414990564408262661/r6YemvF9_normal.jpg",
        "name": "GitHub",
        "postsCount": 6879,
        "profileUrl": "https://twitter.com/github",
        "username": "github",
        "website": undefined,
      },
      Object {
        "description": "Low-code API & Edge API Integration. We build the successor to APIs so you can focus on your business and never worry about APIs again.",
        "followersCount": 677,
        "followingCount": 465,
        "id": "1196797704015400960",
        "imageUrl": "https://pbs.twimg.com/profile_images/1343506099786412032/WXYqcht6_normal.jpg",
        "name": "superface",
        "postsCount": 153,
        "profileUrl": "https://twitter.com/superfaceai",
        "username": "superfaceai",
        "website": "https://t.co/1eIDvslNuK",
      },
      Object {
        "description": "NASA Mars rover. Launch: July 30, 2020. Landing: Feb. 18, 2021. Hobbies: Photography, collecting rocks, off-roading. 🚀 Team HQ @NASAJPL",
        "followersCount": 2909949,
        "followingCount": 58,
        "id": "1232783237623119872",
        "imageUrl": "https://pbs.twimg.com/profile_images/1379527227436531712/QasZP9s-_normal.jpg",
        "name": "NASA's Perseverance Mars Rover",
        "postsCount": 860,
        "profileUrl": "https://twitter.com/NASAPersevere",
        "username": "NASAPersevere",
        "website": "https://t.co/GpTOmL7zGl",
      },
      Object {
        "description": "Yes, this is the official Twitter account of Ukraine. Nice pics: #BeautifulUkraine⛰ Our music: #UkieBeats🎶",
        "followersCount": 1998908,
        "followingCount": 25,
        "id": "732521058507620356",
        "imageUrl": "https://pbs.twimg.com/profile_images/1011852346232631296/gw8Yp3dG_normal.jpg",
        "name": "Ukraine / Україна",
        "postsCount": 1802,
        "profileUrl": "https://twitter.com/Ukraine",
        "username": "Ukraine",
        "website": undefined,
      },
    ],
    "rateLimit": Object {
      "bucket": "User lookup",
      "remainingRequests": 896,
      "remainingRequestsPercentage": 99.55555555555556,
      "resetTimestamp": 1648568564,
      "totalRequests": 900,
    },
  },
}
`;
