// Jest Snapshot v1, https://goo.gl/fbAQLP

exports[`communication/send-sms/messente RetrieveMessageStatus should perform successfully 1`] = `
Err {
  "error": "HTTPError: Expected HTTP error
Properties: {
  \\"title\\": \\"Not found\\",
  \\"detail\\": \\"Message with id cbf93379-0870-4d1b-b0e5-388a30f89a41 not found not found\\"
}
AST Path: definitions[1].statements[0].responseHandlers[1].statements[0]
Original Map Location: Line 68, column 5",
}
`;

exports[`communication/send-sms/messente SendMessage should perform successfully 1`] = `
Ok {
  "value": Object {
    "messageId": "45f3f46f-2510-4439-9041-e49391df0c4c",
  },
}
`;
