// Jest Snapshot v1, https://goo.gl/fbAQLP

exports[`chat/channels/slack GetChannels when specified destination does exist performs correctly 1`] = `
Object {
  "value": Object {
    "channels": ArrayContaining [
      ObjectContaining {
        "createdAt": Any<Number>,
        "id": Any<String>,
        "membersCount": Any<Number>,
        "name": "business-plan",
      },
      ObjectContaining {
        "createdAt": Any<Number>,
        "id": Any<String>,
        "membersCount": Any<Number>,
        "name": "random",
      },
      ObjectContaining {
        "createdAt": Any<Number>,
        "id": Any<String>,
        "membersCount": Any<Number>,
        "name": "general",
      },
      ObjectContaining {
        "createdAt": Any<Number>,
        "id": Any<String>,
        "membersCount": Any<Number>,
        "name": "product",
      },
    ],
  },
}
`;
