// Jest Snapshot v1, https://goo.gl/fbAQLP

exports[`chat/channels/slack GetChannels performs correctly 1`] = `
Ok {
  "value": Object {
    "channels": Array [
      Object {
        "createdAt": 1546167104000,
        "id": "CF34EJ4HF",
        "membersCount": 2,
        "name": "business-plan",
      },
      Object {
        "createdAt": 1546167104000,
        "description": "Non-work banter and water cooler conversation - A place for non-work-related flimflam, faffing, hodge-podge or jibber-jabber you'd prefer to keep out of more focused work-related channels.",
        "id": "CF3H7S63W",
        "membersCount": 2,
        "name": "random",
      },
      Object {
        "createdAt": 1546167104000,
        "description": "Company-wide announcements and work-based matters - This channel is for workspace-wide communication and announcements. All members are in this channel.",
        "id": "CF54KQPGE",
        "membersCount": 2,
        "name": "general",
      },
      Object {
        "createdAt": 1643216468000,
        "description": "description",
        "id": "C02VA4LKUKZ",
        "membersCount": 1,
        "name": "product",
      },
    ],
  },
}
`;
