// Jest Snapshot v1, https://goo.gl/fbAQLP

exports[`address/geocoding/opencage Geocode when all inputs are correct should geocode address to geographical coordinates 1`] = `
Ok {
  "value": Object {
    "latitude": 50.0874654,
    "longitude": 14.4212535,
  },
}
`;

exports[`address/geocoding/opencage Geocode when inputs are invalid should throw an exception 1`] = `
Err {
  "error": "HTTPError: Expected HTTP error
Properties: {
  \\"title\\": \\"Bad request\\",
  \\"detail\\": \\"missing or bad query\\"
}
AST Path: definitions[0].statements[1].responseHandlers[1].statements[0]
Original Map Location: Line 31, column 7",
}
`;

exports[`address/geocoding/opencage ReverseGeocode when all inputs are correct should reverse geocode geographical coordinates 1`] = `
Ok {
  "value": Array [
    Object {
      "addressCountry": "us",
      "addressLocality": "Brooklyn, New York",
      "addressRegion": "NY",
      "formattedAddress": "281 Bedford Avenue, New York, NY 11211, United States of America",
      "postalCode": "11211",
      "streetAddress": "281 Bedford Avenue",
    },
  ],
}
`;

exports[`address/geocoding/opencage ReverseGeocode when inputs are invalid should throw an exception 1`] = `
Err {
  "error": "HTTPError: Expected HTTP error
Properties: {
  \\"title\\": \\"Error reverse geocoding coordinates\\",
  \\"detail\\": \\"No results returned\\"
}
AST Path: definitions[1].statements[1].responseHandlers[0].statements[1]
Original Map Location: Line 78, column 7",
}
`;
